#! /usr/bin/vvp
:ivl_version "11.0 (stable)";
:ivl_delay_selection "TYPICAL";
:vpi_time_precision - 12;
:vpi_module "/usr/lib/x86_64-linux-gnu/ivl/system.vpi";
:vpi_module "/usr/lib/x86_64-linux-gnu/ivl/vhdl_sys.vpi";
:vpi_module "/usr/lib/x86_64-linux-gnu/ivl/vhdl_textio.vpi";
:vpi_module "/usr/lib/x86_64-linux-gnu/ivl/v2005_math.vpi";
:vpi_module "/usr/lib/x86_64-linux-gnu/ivl/va_math.vpi";
S_0x5d1ca82eb260 .scope module, "assist_control_tb" "assist_control_tb" 2 3;
 .timescale -9 -12;
P_0x5d1ca82e0f00 .param/l "DIREITA" 1 2 12, C4<10>;
P_0x5d1ca82e0f40 .param/l "DIST_ATT" 1 2 6, C4<00110010>;
P_0x5d1ca82e0f80 .param/l "DIST_FREE" 1 2 5, C4<01100100>;
P_0x5d1ca82e0fc0 .param/l "ESQUERDA" 1 2 11, C4<01>;
P_0x5d1ca82e1000 .param/l "FRENTE" 1 2 10, C4<00>;
P_0x5d1ca82e1040 .param/l "TRAS" 1 2 13, C4<11>;
P_0x5d1ca82e1080 .param/l "VEL_MAX" 1 2 7, C4<01111000>;
P_0x5d1ca82e10c0 .param/l "VEL_NOW" 1 2 8, C4<01010000>;
v0x5d1ca8312c00_0 .var "cfg_dist_att", 7 0;
v0x5d1ca8312ce0_0 .var "cfg_dist_free", 7 0;
v0x5d1ca8312d80_0 .var "cfg_vel_max", 7 0;
v0x5d1ca8312e50_0 .net "dir_fuga", 1 0, v0x5d1ca8311590_0;  1 drivers
v0x5d1ca8312f20_0 .var "dist_c", 7 0;
v0x5d1ca8312fc0_0 .var "dist_d", 7 0;
v0x5d1ca8313090_0 .var "dist_e", 7 0;
v0x5d1ca8313160_0 .var/i "erros", 31 0;
v0x5d1ca8313200_0 .var "vel_atual", 7 0;
v0x5d1ca83132f0_0 .var/s "vel_c", 7 0;
v0x5d1ca83133c0_0 .var/s "vel_d", 7 0;
v0x5d1ca8313490_0 .var/s "vel_e", 7 0;
v0x5d1ca8313560_0 .net "vel_rec", 7 0, v0x5d1ca8312380_0;  1 drivers
S_0x5d1ca82c6590 .scope task, "apply" "apply" 2 39, 2 39 0, S_0x5d1ca82eb260;
 .timescale -9 -12;
v0x5d1ca82e9130_0 .var "c", 7 0;
v0x5d1ca82e91d0_0 .var "d", 7 0;
v0x5d1ca830f010_0 .var "e", 7 0;
v0x5d1ca830f0d0_0 .var/s "vc", 7 0;
v0x5d1ca830f1b0_0 .var/s "vd", 7 0;
v0x5d1ca830f2e0_0 .var/s "ve", 7 0;
TD_assist_control_tb.apply ;
    %load/vec4 v0x5d1ca830f010_0;
    %store/vec4 v0x5d1ca8313090_0, 0, 8;
    %load/vec4 v0x5d1ca82e9130_0;
    %store/vec4 v0x5d1ca8312f20_0, 0, 8;
    %load/vec4 v0x5d1ca82e91d0_0;
    %store/vec4 v0x5d1ca8312fc0_0, 0, 8;
    %load/vec4 v0x5d1ca830f2e0_0;
    %store/vec4 v0x5d1ca8313490_0, 0, 8;
    %load/vec4 v0x5d1ca830f0d0_0;
    %store/vec4 v0x5d1ca83132f0_0, 0, 8;
    %load/vec4 v0x5d1ca830f1b0_0;
    %store/vec4 v0x5d1ca83133c0_0, 0, 8;
    %delay 1000, 0;
    %end;
S_0x5d1ca830f3c0 .scope task, "check" "check" 2 49, 2 49 0, S_0x5d1ca82eb260;
 .timescale -9 -12;
v0x5d1ca830f5c0_0 .var "exp_dir", 1 0;
v0x5d1ca830f6a0_0 .var "exp_vel", 7 0;
v0x5d1ca830f780_0 .var "name", 255 0;
TD_assist_control_tb.check ;
    %load/vec4 v0x5d1ca8312e50_0;
    %load/vec4 v0x5d1ca830f5c0_0;
    %cmp/e;
    %flag_get/vec4 6;
    %load/vec4 v0x5d1ca8313560_0;
    %load/vec4 v0x5d1ca830f6a0_0;
    %cmp/e;
    %flag_get/vec4 6;
    %and;
    %flag_set/vec4 8;
    %jmp/0xz  T_1.0, 8;
    %vpi_call 2 55 "$display", "OK   %0s: dir=%0d vel_rec=%0d", v0x5d1ca830f780_0, v0x5d1ca8312e50_0, v0x5d1ca8313560_0 {0 0 0};
    %jmp T_1.1;
T_1.0 ;
    %vpi_call 2 57 "$display", "FAIL %0s: dir=%0d (exp %0d) vel_rec=%0d (exp %0d)", v0x5d1ca830f780_0, v0x5d1ca8312e50_0, v0x5d1ca830f5c0_0, v0x5d1ca8313560_0, v0x5d1ca830f6a0_0 {0 0 0};
    %load/vec4 v0x5d1ca8313160_0;
    %addi 1, 0, 32;
    %store/vec4 v0x5d1ca8313160_0, 0, 32;
T_1.1 ;
    %end;
S_0x5d1ca830f840 .scope module, "dut" "assist_control" 2 24, 3 5 0, S_0x5d1ca82eb260;
 .timescale 0 0;
    .port_info 0 /INPUT 8 "dist_e";
    .port_info 1 /INPUT 8 "dist_c";
    .port_info 2 /INPUT 8 "dist_d";
    .port_info 3 /INPUT 8 "vel_e";
    .port_info 4 /INPUT 8 "vel_c";
    .port_info 5 /INPUT 8 "vel_d";
    .port_info 6 /INPUT 8 "vel_atual";
    .port_info 7 /INPUT 8 "cfg_dist_free";
    .port_info 8 /INPUT 8 "cfg_dist_att";
    .port_info 9 /INPUT 8 "cfg_vel_max";
    .port_info 10 /OUTPUT 8 "vel_rec";
    .port_info 11 /OUTPUT 2 "dir_fuga";
P_0x5d1ca830fa20 .param/l "LIMIAR_SAIDA" 0 3 8, +C4<11110110>;
P_0x5d1ca830fa60 .param/l "REDUC_ATENCAO" 0 3 6, C4<00010100>;
P_0x5d1ca830faa0 .param/l "REDUC_CRITICO" 0 3 7, C4<00101000>;
L_0x5d1ca82cacc0 .functor AND 1, L_0x5d1ca83139c0, L_0x5d1ca8313a90, C4<1>, C4<1>;
L_0x5d1ca82bca10 .functor AND 1, L_0x5d1ca8313c20, L_0x5d1ca8313d50, C4<1>, C4<1>;
L_0x5d1ca8314100 .functor AND 1, L_0x5d1ca8313e90, L_0x5d1ca8313fd0, C4<1>, C4<1>;
L_0x5d1ca8314360 .functor AND 1, L_0x5d1ca83141c0, L_0x5d1ca83142c0, C4<1>, C4<1>;
v0x5d1ca830fdd0_0 .net *"_ivl_13", 0 0, L_0x5d1ca8313c20;  1 drivers
v0x5d1ca830feb0_0 .net *"_ivl_14", 0 0, L_0x5d1ca8313d50;  1 drivers
v0x5d1ca830ff70_0 .net *"_ivl_19", 0 0, L_0x5d1ca8313e90;  1 drivers
v0x5d1ca8310010_0 .net *"_ivl_20", 0 0, L_0x5d1ca8313fd0;  1 drivers
v0x5d1ca83100d0_0 .net *"_ivl_25", 0 0, L_0x5d1ca83141c0;  1 drivers
v0x5d1ca83101e0_0 .net *"_ivl_27", 0 0, L_0x5d1ca83142c0;  1 drivers
L_0x71cbdbd36018 .functor BUFT 1, C4<11110110>, C4<0>, C4<0>, C4<0>;
v0x5d1ca83102a0_0 .net/2s *"_ivl_30", 7 0, L_0x71cbdbd36018;  1 drivers
L_0x71cbdbd36060 .functor BUFT 1, C4<11110110>, C4<0>, C4<0>, C4<0>;
v0x5d1ca8310380_0 .net/2s *"_ivl_34", 7 0, L_0x71cbdbd36060;  1 drivers
L_0x71cbdbd360a8 .functor BUFT 1, C4<11110110>, C4<0>, C4<0>, C4<0>;
v0x5d1ca8310460_0 .net/2s *"_ivl_38", 7 0, L_0x71cbdbd360a8;  1 drivers
L_0x71cbdbd360f0 .functor BUFT 1, C4<00101000>, C4<0>, C4<0>, C4<0>;
v0x5d1ca8310540_0 .net/2u *"_ivl_42", 7 0, L_0x71cbdbd360f0;  1 drivers
L_0x71cbdbd36138 .functor BUFT 1, C4<00010100>, C4<0>, C4<0>, C4<0>;
v0x5d1ca8310620_0 .net/2u *"_ivl_44", 7 0, L_0x71cbdbd36138;  1 drivers
L_0x71cbdbd36180 .functor BUFT 1, C4<00000000>, C4<0>, C4<0>, C4<0>;
v0x5d1ca8310700_0 .net/2u *"_ivl_46", 7 0, L_0x71cbdbd36180;  1 drivers
v0x5d1ca83107e0_0 .net *"_ivl_48", 7 0, L_0x5d1ca83149a0;  1 drivers
v0x5d1ca83108c0_0 .net *"_ivl_52", 0 0, L_0x5d1ca8314d00;  1 drivers
v0x5d1ca8310980_0 .net *"_ivl_56", 8 0, L_0x5d1ca8314fd0;  1 drivers
L_0x71cbdbd361c8 .functor BUFT 1, C4<0>, C4<0>, C4<0>, C4<0>;
v0x5d1ca8310a60_0 .net *"_ivl_59", 0 0, L_0x71cbdbd361c8;  1 drivers
v0x5d1ca8310b40_0 .net *"_ivl_60", 8 0, L_0x5d1ca8315110;  1 drivers
L_0x71cbdbd36210 .functor BUFT 1, C4<0>, C4<0>, C4<0>, C4<0>;
v0x5d1ca8310d30_0 .net *"_ivl_63", 0 0, L_0x71cbdbd36210;  1 drivers
L_0x71cbdbd36258 .functor BUFT 1, C4<000000000>, C4<0>, C4<0>, C4<0>;
v0x5d1ca8310e10_0 .net/2s *"_ivl_66", 8 0, L_0x71cbdbd36258;  1 drivers
v0x5d1ca8310ef0_0 .net *"_ivl_68", 0 0, L_0x5d1ca83253b0;  1 drivers
v0x5d1ca8310fb0_0 .net *"_ivl_7", 0 0, L_0x5d1ca83139c0;  1 drivers
L_0x71cbdbd362a0 .functor BUFT 1, C4<00000000>, C4<0>, C4<0>, C4<0>;
v0x5d1ca8311070_0 .net/2u *"_ivl_70", 7 0, L_0x71cbdbd362a0;  1 drivers
v0x5d1ca8311150_0 .net *"_ivl_73", 7 0, L_0x5d1ca8325560;  1 drivers
v0x5d1ca8311230_0 .net *"_ivl_8", 0 0, L_0x5d1ca8313a90;  1 drivers
v0x5d1ca83112f0_0 .net "cfg_dist_att", 7 0, v0x5d1ca8312c00_0;  1 drivers
v0x5d1ca83113d0_0 .net "cfg_dist_free", 7 0, v0x5d1ca8312ce0_0;  1 drivers
v0x5d1ca83114b0_0 .net "cfg_vel_max", 7 0, v0x5d1ca8312d80_0;  1 drivers
v0x5d1ca8311590_0 .var "dir_fuga", 1 0;
v0x5d1ca8311670_0 .net "dist_c", 7 0, v0x5d1ca8312f20_0;  1 drivers
v0x5d1ca8311750_0 .net "dist_d", 7 0, v0x5d1ca8312fc0_0;  1 drivers
v0x5d1ca8311830_0 .net "dist_e", 7 0, v0x5d1ca8313090_0;  1 drivers
v0x5d1ca8311910_0 .net "reducao", 7 0, L_0x5d1ca8314ae0;  1 drivers
v0x5d1ca83119f0_0 .net "saida_segura_c", 0 0, L_0x5d1ca8314650;  1 drivers
v0x5d1ca8311cc0_0 .net "saida_segura_d", 0 0, L_0x5d1ca8314790;  1 drivers
v0x5d1ca8311d80_0 .net "saida_segura_e", 0 0, L_0x5d1ca83144a0;  1 drivers
v0x5d1ca8311e40_0 .net "vel_atual", 7 0, v0x5d1ca8313200_0;  1 drivers
v0x5d1ca8311f20_0 .net "vel_base", 7 0, L_0x5d1ca8314e40;  1 drivers
v0x5d1ca8312000_0 .net/s "vel_c", 7 0, v0x5d1ca83132f0_0;  1 drivers
v0x5d1ca83120e0_0 .net "vel_clamped", 7 0, L_0x5d1ca8325600;  1 drivers
v0x5d1ca83121c0_0 .net/s "vel_d", 7 0, v0x5d1ca83133c0_0;  1 drivers
v0x5d1ca83122a0_0 .net/s "vel_e", 7 0, v0x5d1ca8313490_0;  1 drivers
v0x5d1ca8312380_0 .var "vel_rec", 7 0;
v0x5d1ca8312460_0 .net/s "vel_tmp", 8 0, L_0x5d1ca8314ee0;  1 drivers
v0x5d1ca8312540_0 .net "zona_atencao_c", 0 0, L_0x5d1ca82bca10;  1 drivers
v0x5d1ca8312600_0 .net "zona_atencao_d", 0 0, L_0x5d1ca8314100;  1 drivers
v0x5d1ca83126c0_0 .net "zona_atencao_e", 0 0, L_0x5d1ca82cacc0;  1 drivers
v0x5d1ca8312780_0 .net "zona_critico_c", 0 0, L_0x5d1ca8314360;  1 drivers
v0x5d1ca8312840_0 .net "zona_livre_c", 0 0, L_0x5d1ca8313750;  1 drivers
v0x5d1ca8312900_0 .net "zona_livre_d", 0 0, L_0x5d1ca8313840;  1 drivers
v0x5d1ca83129c0_0 .net "zona_livre_e", 0 0, L_0x5d1ca8313630;  1 drivers
E_0x5d1ca82cb8a0/0 .event edge, v0x5d1ca83120e0_0, v0x5d1ca8312840_0, v0x5d1ca83119f0_0, v0x5d1ca83129c0_0;
E_0x5d1ca82cb8a0/1 .event edge, v0x5d1ca8311d80_0, v0x5d1ca8312900_0, v0x5d1ca8311cc0_0, v0x5d1ca8312540_0;
E_0x5d1ca82cb8a0/2 .event edge, v0x5d1ca83126c0_0, v0x5d1ca8312600_0;
E_0x5d1ca82cb8a0 .event/or E_0x5d1ca82cb8a0/0, E_0x5d1ca82cb8a0/1, E_0x5d1ca82cb8a0/2;
L_0x5d1ca8313630 .cmp/gt 8, v0x5d1ca8313090_0, v0x5d1ca8312ce0_0;
L_0x5d1ca8313750 .cmp/gt 8, v0x5d1ca8312f20_0, v0x5d1ca8312ce0_0;
L_0x5d1ca8313840 .cmp/gt 8, v0x5d1ca8312fc0_0, v0x5d1ca8312ce0_0;
L_0x5d1ca83139c0 .reduce/nor L_0x5d1ca8313630;
L_0x5d1ca8313a90 .cmp/ge 8, v0x5d1ca8313090_0, v0x5d1ca8312c00_0;
L_0x5d1ca8313c20 .reduce/nor L_0x5d1ca8313750;
L_0x5d1ca8313d50 .cmp/ge 8, v0x5d1ca8312f20_0, v0x5d1ca8312c00_0;
L_0x5d1ca8313e90 .reduce/nor L_0x5d1ca8313840;
L_0x5d1ca8313fd0 .cmp/ge 8, v0x5d1ca8312fc0_0, v0x5d1ca8312c00_0;
L_0x5d1ca83141c0 .reduce/nor L_0x5d1ca8313750;
L_0x5d1ca83142c0 .reduce/nor L_0x5d1ca82bca10;
L_0x5d1ca83144a0 .cmp/gt.s 8, v0x5d1ca8313490_0, L_0x71cbdbd36018;
L_0x5d1ca8314650 .cmp/gt.s 8, v0x5d1ca83132f0_0, L_0x71cbdbd36060;
L_0x5d1ca8314790 .cmp/gt.s 8, v0x5d1ca83133c0_0, L_0x71cbdbd360a8;
L_0x5d1ca83149a0 .functor MUXZ 8, L_0x71cbdbd36180, L_0x71cbdbd36138, L_0x5d1ca82bca10, C4<>;
L_0x5d1ca8314ae0 .functor MUXZ 8, L_0x5d1ca83149a0, L_0x71cbdbd360f0, L_0x5d1ca8314360, C4<>;
L_0x5d1ca8314d00 .cmp/gt 8, v0x5d1ca8312d80_0, v0x5d1ca8313200_0;
L_0x5d1ca8314e40 .functor MUXZ 8, v0x5d1ca8312d80_0, v0x5d1ca8313200_0, L_0x5d1ca8314d00, C4<>;
L_0x5d1ca8314fd0 .concat [ 8 1 0 0], L_0x5d1ca8314e40, L_0x71cbdbd361c8;
L_0x5d1ca8315110 .concat [ 8 1 0 0], L_0x5d1ca8314ae0, L_0x71cbdbd36210;
L_0x5d1ca8314ee0 .arith/sub 9, L_0x5d1ca8314fd0, L_0x5d1ca8315110;
L_0x5d1ca83253b0 .cmp/ge.s 9, L_0x71cbdbd36258, L_0x5d1ca8314ee0;
L_0x5d1ca8325560 .part L_0x5d1ca8314ee0, 0, 8;
L_0x5d1ca8325600 .functor MUXZ 8, L_0x5d1ca8325560, L_0x71cbdbd362a0, L_0x5d1ca83253b0, C4<>;
    .scope S_0x5d1ca830f840;
T_2 ;
    %wait E_0x5d1ca82cb8a0;
    %load/vec4 v0x5d1ca83120e0_0;
    %store/vec4 v0x5d1ca8312380_0, 0, 8;
    %load/vec4 v0x5d1ca8312840_0;
    %load/vec4 v0x5d1ca83119f0_0;
    %and;
    %flag_set/vec4 8;
    %jmp/0xz  T_2.0, 8;
    %pushi/vec4 0, 0, 2;
    %store/vec4 v0x5d1ca8311590_0, 0, 2;
    %jmp T_2.1;
T_2.0 ;
    %load/vec4 v0x5d1ca83129c0_0;
    %load/vec4 v0x5d1ca8311d80_0;
    %and;
    %flag_set/vec4 8;
    %jmp/0xz  T_2.2, 8;
    %pushi/vec4 1, 0, 2;
    %store/vec4 v0x5d1ca8311590_0, 0, 2;
    %jmp T_2.3;
T_2.2 ;
    %load/vec4 v0x5d1ca8312900_0;
    %load/vec4 v0x5d1ca8311cc0_0;
    %and;
    %flag_set/vec4 8;
    %jmp/0xz  T_2.4, 8;
    %pushi/vec4 2, 0, 2;
    %store/vec4 v0x5d1ca8311590_0, 0, 2;
    %jmp T_2.5;
T_2.4 ;
    %load/vec4 v0x5d1ca8312540_0;
    %load/vec4 v0x5d1ca83119f0_0;
    %and;
    %flag_set/vec4 8;
    %jmp/0xz  T_2.6, 8;
    %pushi/vec4 0, 0, 2;
    %store/vec4 v0x5d1ca8311590_0, 0, 2;
    %jmp T_2.7;
T_2.6 ;
    %load/vec4 v0x5d1ca83126c0_0;
    %load/vec4 v0x5d1ca8311d80_0;
    %and;
    %flag_set/vec4 8;
    %jmp/0xz  T_2.8, 8;
    %pushi/vec4 1, 0, 2;
    %store/vec4 v0x5d1ca8311590_0, 0, 2;
    %jmp T_2.9;
T_2.8 ;
    %load/vec4 v0x5d1ca8312600_0;
    %load/vec4 v0x5d1ca8311cc0_0;
    %and;
    %flag_set/vec4 8;
    %jmp/0xz  T_2.10, 8;
    %pushi/vec4 2, 0, 2;
    %store/vec4 v0x5d1ca8311590_0, 0, 2;
    %jmp T_2.11;
T_2.10 ;
    %pushi/vec4 3, 0, 2;
    %store/vec4 v0x5d1ca8311590_0, 0, 2;
T_2.11 ;
T_2.9 ;
T_2.7 ;
T_2.5 ;
T_2.3 ;
T_2.1 ;
    %jmp T_2;
    .thread T_2, $push;
    .scope S_0x5d1ca82eb260;
T_3 ;
    %vpi_call 2 65 "$dumpfile", "tb/assist_control_tb.vcd" {0 0 0};
    %vpi_call 2 66 "$dumpvars", 32'sb00000000000000000000000000000000, S_0x5d1ca82eb260 {0 0 0};
    %pushi/vec4 0, 0, 32;
    %store/vec4 v0x5d1ca8313160_0, 0, 32;
    %pushi/vec4 100, 0, 8;
    %store/vec4 v0x5d1ca8312ce0_0, 0, 8;
    %pushi/vec4 50, 0, 8;
    %store/vec4 v0x5d1ca8312c00_0, 0, 8;
    %pushi/vec4 120, 0, 8;
    %store/vec4 v0x5d1ca8312d80_0, 0, 8;
    %pushi/vec4 80, 0, 8;
    %store/vec4 v0x5d1ca8313200_0, 0, 8;
    %pushi/vec4 120, 0, 8;
    %store/vec4 v0x5d1ca830f010_0, 0, 8;
    %pushi/vec4 140, 0, 8;
    %store/vec4 v0x5d1ca82e9130_0, 0, 8;
    %pushi/vec4 110, 0, 8;
    %store/vec4 v0x5d1ca82e91d0_0, 0, 8;
    %pushi/vec4 0, 0, 8;
    %store/vec4 v0x5d1ca830f2e0_0, 0, 8;
    %pushi/vec4 4, 0, 8;
    %store/vec4 v0x5d1ca830f0d0_0, 0, 8;
    %pushi/vec4 0, 0, 8;
    %store/vec4 v0x5d1ca830f1b0_0, 0, 8;
    %fork TD_assist_control_tb.apply, S_0x5d1ca82c6590;
    %join;
    %pushi/vec4 0, 0, 2;
    %store/vec4 v0x5d1ca830f5c0_0, 0, 2;
    %pushi/vec4 80, 0, 8;
    %store/vec4 v0x5d1ca830f6a0_0, 0, 8;
    %pushi/vec4 0, 0, 32; draw_string_vec4
    %pushi/vec4 0, 0, 32; draw_string_vec4
    %concat/vec4; draw_string_vec4
    %pushi/vec4 49, 0, 32; draw_string_vec4
    %concat/vec4; draw_string_vec4
    %pushi/vec4 543975798, 0, 32; draw_string_vec4
    %concat/vec4; draw_string_vec4
    %pushi/vec4 1919230019, 0, 32; draw_string_vec4
    %concat/vec4; draw_string_vec4
    %pushi/vec4 740324197, 0, 32; draw_string_vec4
    %concat/vec4; draw_string_vec4
    %pushi/vec4 1830839909, 0, 32; draw_string_vec4
    %concat/vec4; draw_string_vec4
    %pushi/vec4 1667785074, 0, 32; draw_string_vec4
    %concat/vec4; draw_string_vec4
    %store/vec4 v0x5d1ca830f780_0, 0, 256;
    %fork TD_assist_control_tb.check, S_0x5d1ca830f3c0;
    %join;
    %pushi/vec4 130, 0, 8;
    %store/vec4 v0x5d1ca830f010_0, 0, 8;
    %pushi/vec4 70, 0, 8;
    %store/vec4 v0x5d1ca82e9130_0, 0, 8;
    %pushi/vec4 40, 0, 8;
    %store/vec4 v0x5d1ca82e91d0_0, 0, 8;
    %pushi/vec4 0, 0, 8;
    %store/vec4 v0x5d1ca830f2e0_0, 0, 8;
    %pushi/vec4 0, 0, 8;
    %store/vec4 v0x5d1ca830f0d0_0, 0, 8;
    %pushi/vec4 0, 0, 8;
    %store/vec4 v0x5d1ca830f1b0_0, 0, 8;
    %fork TD_assist_control_tb.apply, S_0x5d1ca82c6590;
    %join;
    %pushi/vec4 1, 0, 2;
    %store/vec4 v0x5d1ca830f5c0_0, 0, 2;
    %pushi/vec4 60, 0, 8;
    %store/vec4 v0x5d1ca830f6a0_0, 0, 8;
    %pushi/vec4 0, 0, 32; draw_string_vec4
    %pushi/vec4 0, 0, 32; draw_string_vec4
    %concat/vec4; draw_string_vec4
    %pushi/vec4 0, 0, 32; draw_string_vec4
    %concat/vec4; draw_string_vec4
    %pushi/vec4 840975136, 0, 32; draw_string_vec4
    %concat/vec4; draw_string_vec4
    %pushi/vec4 1635018094, 0, 32; draw_string_vec4
    %concat/vec4; draw_string_vec4
    %pushi/vec4 1667329836, 0, 32; draw_string_vec4
    %concat/vec4; draw_string_vec4
    %pushi/vec4 541401196, 0, 32; draw_string_vec4
    %concat/vec4; draw_string_vec4
    %pushi/vec4 1769370213, 0, 32; draw_string_vec4
    %concat/vec4; draw_string_vec4
    %store/vec4 v0x5d1ca830f780_0, 0, 256;
    %fork TD_assist_control_tb.check, S_0x5d1ca830f3c0;
    %join;
    %pushi/vec4 60, 0, 8;
    %store/vec4 v0x5d1ca830f010_0, 0, 8;
    %pushi/vec4 70, 0, 8;
    %store/vec4 v0x5d1ca82e9130_0, 0, 8;
    %pushi/vec4 40, 0, 8;
    %store/vec4 v0x5d1ca82e91d0_0, 0, 8;
    %pushi/vec4 0, 0, 8;
    %store/vec4 v0x5d1ca830f2e0_0, 0, 8;
    %pushi/vec4 0, 0, 8;
    %store/vec4 v0x5d1ca830f0d0_0, 0, 8;
    %pushi/vec4 0, 0, 8;
    %store/vec4 v0x5d1ca830f1b0_0, 0, 8;
    %fork TD_assist_control_tb.apply, S_0x5d1ca82c6590;
    %join;
    %pushi/vec4 0, 0, 2;
    %store/vec4 v0x5d1ca830f5c0_0, 0, 2;
    %pushi/vec4 60, 0, 8;
    %store/vec4 v0x5d1ca830f6a0_0, 0, 8;
    %pushi/vec4 0, 0, 32; draw_string_vec4
    %pushi/vec4 0, 0, 32; draw_string_vec4
    %concat/vec4; draw_string_vec4
    %pushi/vec4 3350643, 0, 32; draw_string_vec4
    %concat/vec4; draw_string_vec4
    %pushi/vec4 1864393076, 0, 32; draw_string_vec4
    %concat/vec4; draw_string_vec4
    %pushi/vec4 1701733217, 0, 32; draw_string_vec4
    %concat/vec4; draw_string_vec4
    %pushi/vec4 1865162864, 0, 32; draw_string_vec4
    %concat/vec4; draw_string_vec4
    %pushi/vec4 1919247973, 0, 32; draw_string_vec4
    %concat/vec4; draw_string_vec4
    %pushi/vec4 1919230019, 0, 32; draw_string_vec4
    %concat/vec4; draw_string_vec4
    %store/vec4 v0x5d1ca830f780_0, 0, 256;
    %fork TD_assist_control_tb.check, S_0x5d1ca830f3c0;
    %join;
    %pushi/vec4 80, 0, 8;
    %store/vec4 v0x5d1ca830f010_0, 0, 8;
    %pushi/vec4 150, 0, 8;
    %store/vec4 v0x5d1ca82e9130_0, 0, 8;
    %pushi/vec4 40, 0, 8;
    %store/vec4 v0x5d1ca82e91d0_0, 0, 8;
    %pushi/vec4 2, 0, 8;
    %store/vec4 v0x5d1ca830f2e0_0, 0, 8;
    %pushi/vec4 238, 0, 8;
    %store/vec4 v0x5d1ca830f0d0_0, 0, 8;
    %pushi/vec4 0, 0, 8;
    %store/vec4 v0x5d1ca830f1b0_0, 0, 8;
    %fork TD_assist_control_tb.apply, S_0x5d1ca82c6590;
    %join;
    %pushi/vec4 1, 0, 2;
    %store/vec4 v0x5d1ca830f5c0_0, 0, 2;
    %pushi/vec4 80, 0, 8;
    %store/vec4 v0x5d1ca830f6a0_0, 0, 8;
    %pushi/vec4 52, 0, 32; draw_string_vec4
    %pushi/vec4 544630132, 0, 32; draw_string_vec4
    %concat/vec4; draw_string_vec4
    %pushi/vec4 1864385312, 0, 32; draw_string_vec4
    %concat/vec4; draw_string_vec4
    %pushi/vec4 678847852, 0, 32; draw_string_vec4
    %concat/vec4; draw_string_vec4
    %pushi/vec4 1026371896, 0, 32; draw_string_vec4
    %concat/vec4; draw_string_vec4
    %pushi/vec4 690757701, 0, 32; draw_string_vec4
    %concat/vec4; draw_string_vec4
    %pushi/vec4 543257701, 0, 32; draw_string_vec4
    %concat/vec4; draw_string_vec4
    %pushi/vec4 1852006767, 0, 32; draw_string_vec4
    %concat/vec4; draw_string_vec4
    %store/vec4 v0x5d1ca830f780_0, 0, 256;
    %fork TD_assist_control_tb.check, S_0x5d1ca830f3c0;
    %join;
    %pushi/vec4 25, 0, 8;
    %store/vec4 v0x5d1ca830f010_0, 0, 8;
    %pushi/vec4 25, 0, 8;
    %store/vec4 v0x5d1ca82e9130_0, 0, 8;
    %pushi/vec4 25, 0, 8;
    %store/vec4 v0x5d1ca82e91d0_0, 0, 8;
    %pushi/vec4 253, 0, 8;
    %store/vec4 v0x5d1ca830f2e0_0, 0, 8;
    %pushi/vec4 0, 0, 8;
    %store/vec4 v0x5d1ca830f0d0_0, 0, 8;
    %pushi/vec4 1, 0, 8;
    %store/vec4 v0x5d1ca830f1b0_0, 0, 8;
    %fork TD_assist_control_tb.apply, S_0x5d1ca82c6590;
    %join;
    %pushi/vec4 3, 0, 2;
    %store/vec4 v0x5d1ca830f5c0_0, 0, 2;
    %pushi/vec4 40, 0, 8;
    %store/vec4 v0x5d1ca830f6a0_0, 0, 8;
    %pushi/vec4 0, 0, 32; draw_string_vec4
    %pushi/vec4 0, 0, 32; draw_string_vec4
    %concat/vec4; draw_string_vec4
    %pushi/vec4 0, 0, 32; draw_string_vec4
    %concat/vec4; draw_string_vec4
    %pushi/vec4 0, 0, 32; draw_string_vec4
    %concat/vec4; draw_string_vec4
    %pushi/vec4 13600, 0, 32; draw_string_vec4
    %concat/vec4; draw_string_vec4
    %pushi/vec4 1953850479, 0, 32; draw_string_vec4
    %concat/vec4; draw_string_vec4
    %pushi/vec4 543388265, 0, 32; draw_string_vec4
    %concat/vec4; draw_string_vec4
    %pushi/vec4 1953063791, 0, 32; draw_string_vec4
    %concat/vec4; draw_string_vec4
    %store/vec4 v0x5d1ca830f780_0, 0, 256;
    %fork TD_assist_control_tb.check, S_0x5d1ca830f3c0;
    %join;
    %pushi/vec4 70, 0, 8;
    %store/vec4 v0x5d1ca830f010_0, 0, 8;
    %pushi/vec4 65, 0, 8;
    %store/vec4 v0x5d1ca82e9130_0, 0, 8;
    %pushi/vec4 55, 0, 8;
    %store/vec4 v0x5d1ca82e91d0_0, 0, 8;
    %pushi/vec4 0, 0, 8;
    %store/vec4 v0x5d1ca830f2e0_0, 0, 8;
    %pushi/vec4 0, 0, 8;
    %store/vec4 v0x5d1ca830f0d0_0, 0, 8;
    %pushi/vec4 231, 0, 8;
    %store/vec4 v0x5d1ca830f1b0_0, 0, 8;
    %fork TD_assist_control_tb.apply, S_0x5d1ca82c6590;
    %join;
    %pushi/vec4 0, 0, 2;
    %store/vec4 v0x5d1ca830f5c0_0, 0, 2;
    %pushi/vec4 60, 0, 8;
    %store/vec4 v0x5d1ca830f6a0_0, 0, 8;
    %pushi/vec4 0, 0, 32; draw_string_vec4
    %pushi/vec4 0, 0, 32; draw_string_vec4
    %concat/vec4; draw_string_vec4
    %pushi/vec4 0, 0, 32; draw_string_vec4
    %concat/vec4; draw_string_vec4
    %pushi/vec4 3547233, 0, 32; draw_string_vec4
    %concat/vec4; draw_string_vec4
    %pushi/vec4 1952804451, 0, 32; draw_string_vec4
    %concat/vec4; draw_string_vec4
    %pushi/vec4 1634675744, 0, 32; draw_string_vec4
    %concat/vec4; draw_string_vec4
    %pushi/vec4 1142978149, 0, 32; draw_string_vec4
    %concat/vec4; draw_string_vec4
    %pushi/vec4 1952539745, 0, 32; draw_string_vec4
    %concat/vec4; draw_string_vec4
    %store/vec4 v0x5d1ca830f780_0, 0, 256;
    %fork TD_assist_control_tb.check, S_0x5d1ca830f3c0;
    %join;
    %pushi/vec4 30, 0, 8;
    %store/vec4 v0x5d1ca830f010_0, 0, 8;
    %pushi/vec4 20, 0, 8;
    %store/vec4 v0x5d1ca82e9130_0, 0, 8;
    %pushi/vec4 120, 0, 8;
    %store/vec4 v0x5d1ca82e91d0_0, 0, 8;
    %pushi/vec4 244, 0, 8;
    %store/vec4 v0x5d1ca830f2e0_0, 0, 8;
    %pushi/vec4 236, 0, 8;
    %store/vec4 v0x5d1ca830f0d0_0, 0, 8;
    %pushi/vec4 0, 0, 8;
    %store/vec4 v0x5d1ca830f1b0_0, 0, 8;
    %fork TD_assist_control_tb.apply, S_0x5d1ca82c6590;
    %join;
    %pushi/vec4 2, 0, 2;
    %store/vec4 v0x5d1ca830f5c0_0, 0, 2;
    %pushi/vec4 40, 0, 8;
    %store/vec4 v0x5d1ca830f6a0_0, 0, 8;
    %pushi/vec4 0, 0, 32; draw_string_vec4
    %pushi/vec4 0, 0, 32; draw_string_vec4
    %concat/vec4; draw_string_vec4
    %pushi/vec4 0, 0, 32; draw_string_vec4
    %concat/vec4; draw_string_vec4
    %pushi/vec4 0, 0, 32; draw_string_vec4
    %concat/vec4; draw_string_vec4
    %pushi/vec4 0, 0, 32; draw_string_vec4
    %concat/vec4; draw_string_vec4
    %pushi/vec4 924873583, 0, 32; draw_string_vec4
    %concat/vec4; draw_string_vec4
    %pushi/vec4 541335660, 0, 32; draw_string_vec4
    %concat/vec4; draw_string_vec4
    %pushi/vec4 1769370213, 0, 32; draw_string_vec4
    %concat/vec4; draw_string_vec4
    %store/vec4 v0x5d1ca830f780_0, 0, 256;
    %fork TD_assist_control_tb.check, S_0x5d1ca830f3c0;
    %join;
    %pushi/vec4 40, 0, 8;
    %store/vec4 v0x5d1ca830f010_0, 0, 8;
    %pushi/vec4 140, 0, 8;
    %store/vec4 v0x5d1ca82e9130_0, 0, 8;
    %pushi/vec4 40, 0, 8;
    %store/vec4 v0x5d1ca82e91d0_0, 0, 8;
    %pushi/vec4 0, 0, 8;
    %store/vec4 v0x5d1ca830f2e0_0, 0, 8;
    %pushi/vec4 0, 0, 8;
    %store/vec4 v0x5d1ca830f0d0_0, 0, 8;
    %pushi/vec4 0, 0, 8;
    %store/vec4 v0x5d1ca830f1b0_0, 0, 8;
    %fork TD_assist_control_tb.apply, S_0x5d1ca82c6590;
    %join;
    %pushi/vec4 0, 0, 2;
    %store/vec4 v0x5d1ca830f5c0_0, 0, 2;
    %pushi/vec4 80, 0, 8;
    %store/vec4 v0x5d1ca830f6a0_0, 0, 8;
    %pushi/vec4 0, 0, 32; draw_string_vec4
    %pushi/vec4 0, 0, 32; draw_string_vec4
    %concat/vec4; draw_string_vec4
    %pushi/vec4 0, 0, 32; draw_string_vec4
    %concat/vec4; draw_string_vec4
    %pushi/vec4 0, 0, 32; draw_string_vec4
    %concat/vec4; draw_string_vec4
    %pushi/vec4 941651557, 0, 32; draw_string_vec4
    %concat/vec4; draw_string_vec4
    %pushi/vec4 1815949356, 0, 32; draw_string_vec4
    %concat/vec4; draw_string_vec4
    %pushi/vec4 541270124, 0, 32; draw_string_vec4
    %concat/vec4; draw_string_vec4
    %pushi/vec4 1769370213, 0, 32; draw_string_vec4
    %concat/vec4; draw_string_vec4
    %store/vec4 v0x5d1ca830f780_0, 0, 256;
    %fork TD_assist_control_tb.check, S_0x5d1ca830f3c0;
    %join;
    %pushi/vec4 40, 0, 8;
    %store/vec4 v0x5d1ca830f010_0, 0, 8;
    %pushi/vec4 140, 0, 8;
    %store/vec4 v0x5d1ca82e9130_0, 0, 8;
    %pushi/vec4 40, 0, 8;
    %store/vec4 v0x5d1ca82e91d0_0, 0, 8;
    %pushi/vec4 0, 0, 8;
    %store/vec4 v0x5d1ca830f2e0_0, 0, 8;
    %pushi/vec4 247, 0, 8;
    %store/vec4 v0x5d1ca830f0d0_0, 0, 8;
    %pushi/vec4 0, 0, 8;
    %store/vec4 v0x5d1ca830f1b0_0, 0, 8;
    %fork TD_assist_control_tb.apply, S_0x5d1ca82c6590;
    %join;
    %pushi/vec4 0, 0, 2;
    %store/vec4 v0x5d1ca830f5c0_0, 0, 2;
    %pushi/vec4 80, 0, 8;
    %store/vec4 v0x5d1ca830f6a0_0, 0, 8;
    %pushi/vec4 0, 0, 32; draw_string_vec4
    %pushi/vec4 0, 0, 32; draw_string_vec4
    %concat/vec4; draw_string_vec4
    %pushi/vec4 3743862, 0, 32; draw_string_vec4
    %concat/vec4; draw_string_vec4
    %pushi/vec4 1701601123, 0, 32; draw_string_vec4
    %concat/vec4; draw_string_vec4
    %pushi/vec4 1026373920, 0, 32; draw_string_vec4
    %concat/vec4; draw_string_vec4
    %pushi/vec4 1634299492, 0, 32; draw_string_vec4
    %concat/vec4; draw_string_vec4
    %pushi/vec4 1629516645, 0, 32; draw_string_vec4
    %concat/vec4; draw_string_vec4
    %pushi/vec4 1735750241, 0, 32; draw_string_vec4
    %concat/vec4; draw_string_vec4
    %store/vec4 v0x5d1ca830f780_0, 0, 256;
    %fork TD_assist_control_tb.check, S_0x5d1ca830f3c0;
    %join;
    %pushi/vec4 80, 0, 8;
    %store/vec4 v0x5d1ca830f010_0, 0, 8;
    %pushi/vec4 140, 0, 8;
    %store/vec4 v0x5d1ca82e9130_0, 0, 8;
    %pushi/vec4 40, 0, 8;
    %store/vec4 v0x5d1ca82e91d0_0, 0, 8;
    %pushi/vec4 0, 0, 8;
    %store/vec4 v0x5d1ca830f2e0_0, 0, 8;
    %pushi/vec4 246, 0, 8;
    %store/vec4 v0x5d1ca830f0d0_0, 0, 8;
    %pushi/vec4 0, 0, 8;
    %store/vec4 v0x5d1ca830f1b0_0, 0, 8;
    %fork TD_assist_control_tb.apply, S_0x5d1ca82c6590;
    %join;
    %pushi/vec4 1, 0, 2;
    %store/vec4 v0x5d1ca830f5c0_0, 0, 2;
    %pushi/vec4 80, 0, 8;
    %store/vec4 v0x5d1ca830f6a0_0, 0, 8;
    %pushi/vec4 12592, 0, 32; draw_string_vec4
    %pushi/vec4 544630124, 0, 32; draw_string_vec4
    %concat/vec4; draw_string_vec4
    %pushi/vec4 1600339245, 0, 32; draw_string_vec4
    %concat/vec4; draw_string_vec4
    %pushi/vec4 825237622, 0, 32; draw_string_vec4
    %concat/vec4; draw_string_vec4
    %pushi/vec4 1702125856, 0, 32; draw_string_vec4
    %concat/vec4; draw_string_vec4
    %pushi/vec4 1126965317, 0, 32; draw_string_vec4
    %concat/vec4; draw_string_vec4
    %pushi/vec4 543257701, 0, 32; draw_string_vec4
    %concat/vec4; draw_string_vec4
    %pushi/vec4 1852006767, 0, 32; draw_string_vec4
    %concat/vec4; draw_string_vec4
    %store/vec4 v0x5d1ca830f780_0, 0, 256;
    %fork TD_assist_control_tb.check, S_0x5d1ca830f3c0;
    %join;
    %pushi/vec4 200, 0, 8;
    %store/vec4 v0x5d1ca8313200_0, 0, 8;
    %pushi/vec4 120, 0, 8;
    %store/vec4 v0x5d1ca830f010_0, 0, 8;
    %pushi/vec4 140, 0, 8;
    %store/vec4 v0x5d1ca82e9130_0, 0, 8;
    %pushi/vec4 110, 0, 8;
    %store/vec4 v0x5d1ca82e91d0_0, 0, 8;
    %pushi/vec4 0, 0, 8;
    %store/vec4 v0x5d1ca830f2e0_0, 0, 8;
    %pushi/vec4 0, 0, 8;
    %store/vec4 v0x5d1ca830f0d0_0, 0, 8;
    %pushi/vec4 0, 0, 8;
    %store/vec4 v0x5d1ca830f1b0_0, 0, 8;
    %fork TD_assist_control_tb.apply, S_0x5d1ca82c6590;
    %join;
    %pushi/vec4 0, 0, 2;
    %store/vec4 v0x5d1ca830f5c0_0, 0, 2;
    %pushi/vec4 120, 0, 8;
    %store/vec4 v0x5d1ca830f6a0_0, 0, 8;
    %pushi/vec4 49, 0, 32; draw_string_vec4
    %pushi/vec4 824205921, 0, 32; draw_string_vec4
    %concat/vec4; draw_string_vec4
    %pushi/vec4 1936007229, 0, 32; draw_string_vec4
    %concat/vec4; draw_string_vec4
    %pushi/vec4 544041326, 0, 32; draw_string_vec4
    %concat/vec4; draw_string_vec4
    %pushi/vec4 677475445, 0, 32; draw_string_vec4
    %concat/vec4; draw_string_vec4
    %pushi/vec4 1634479136, 0, 32; draw_string_vec4
    %concat/vec4; draw_string_vec4
    %pushi/vec4 1986358367, 0, 32; draw_string_vec4
    %concat/vec4; draw_string_vec4
    %pushi/vec4 1835104297, 0, 32; draw_string_vec4
    %concat/vec4; draw_string_vec4
    %store/vec4 v0x5d1ca830f780_0, 0, 256;
    %fork TD_assist_control_tb.check, S_0x5d1ca830f3c0;
    %join;
    %pushi/vec4 30, 0, 8;
    %store/vec4 v0x5d1ca8313200_0, 0, 8;
    %pushi/vec4 20, 0, 8;
    %store/vec4 v0x5d1ca830f010_0, 0, 8;
    %pushi/vec4 20, 0, 8;
    %store/vec4 v0x5d1ca82e9130_0, 0, 8;
    %pushi/vec4 20, 0, 8;
    %store/vec4 v0x5d1ca82e91d0_0, 0, 8;
    %pushi/vec4 0, 0, 8;
    %store/vec4 v0x5d1ca830f2e0_0, 0, 8;
    %pushi/vec4 0, 0, 8;
    %store/vec4 v0x5d1ca830f0d0_0, 0, 8;
    %pushi/vec4 0, 0, 8;
    %store/vec4 v0x5d1ca830f1b0_0, 0, 8;
    %fork TD_assist_control_tb.apply, S_0x5d1ca82c6590;
    %join;
    %pushi/vec4 3, 0, 2;
    %store/vec4 v0x5d1ca830f5c0_0, 0, 2;
    %pushi/vec4 0, 0, 8;
    %store/vec4 v0x5d1ca830f6a0_0, 0, 8;
    %pushi/vec4 0, 0, 32; draw_string_vec4
    %pushi/vec4 0, 0, 32; draw_string_vec4
    %concat/vec4; draw_string_vec4
    %pushi/vec4 0, 0, 32; draw_string_vec4
    %concat/vec4; draw_string_vec4
    %pushi/vec4 825368627, 0, 32; draw_string_vec4
    %concat/vec4; draw_string_vec4
    %pushi/vec4 808268848, 0, 32; draw_string_vec4
    %concat/vec4; draw_string_vec4
    %pushi/vec4 544432500, 0, 32; draw_string_vec4
    %concat/vec4; draw_string_vec4
    %pushi/vec4 1970430240, 0, 32; draw_string_vec4
    %concat/vec4; draw_string_vec4
    %pushi/vec4 1701650480, 0, 32; draw_string_vec4
    %concat/vec4; draw_string_vec4
    %store/vec4 v0x5d1ca830f780_0, 0, 256;
    %fork TD_assist_control_tb.check, S_0x5d1ca830f3c0;
    %join;
    %load/vec4 v0x5d1ca8313160_0;
    %cmpi/e 0, 0, 32;
    %jmp/0xz  T_3.0, 4;
    %vpi_call 2 125 "$display", "assist_control: %0d testes OK", 32'sb00000000000000000000000000001100 {0 0 0};
    %jmp T_3.1;
T_3.0 ;
    %vpi_call 2 127 "$display", "assist_control: %0d FALHAS", v0x5d1ca8313160_0 {0 0 0};
T_3.1 ;
    %vpi_call 2 129 "$finish" {0 0 0};
    %end;
    .thread T_3;
# The file index is used to find the file name in the following table.
:file_names 4;
    "N/A";
    "<interactive>";
    "tb/assist_control_tb.v";
    "assist_control.v";
