#! /usr/bin/vvp
:ivl_version "11.0 (stable)";
:ivl_delay_selection "TYPICAL";
:vpi_time_precision - 12;
:vpi_module "/usr/lib/x86_64-linux-gnu/ivl/system.vpi";
:vpi_module "/usr/lib/x86_64-linux-gnu/ivl/vhdl_sys.vpi";
:vpi_module "/usr/lib/x86_64-linux-gnu/ivl/vhdl_textio.vpi";
:vpi_module "/usr/lib/x86_64-linux-gnu/ivl/v2005_math.vpi";
:vpi_module "/usr/lib/x86_64-linux-gnu/ivl/va_math.vpi";
S_0x5e09dd4adf80 .scope module, "road_sensores_tb" "road_sensores_tb" 2 3;
 .timescale -9 -12;
P_0x5e09dd4acad0 .param/l "CLK_HZ" 1 2 5, +C4<00000000000000011000011010100000>;
P_0x5e09dd4acb10 .param/l "CLK_NS" 1 2 9, +C4<00000000000000000000000000001010>;
P_0x5e09dd4acb50 .param/l "ECHO_50_CYC" 1 2 12, +C4<00000000000000000000000100100010>;
P_0x5e09dd4acb90 .param/l "GAP_MS" 1 2 6, +C4<00000000000000000000000000000001>;
P_0x5e09dd4acbd0 .param/l "TIMEOUT_MS" 1 2 8, +C4<00000000000000000000000000000101>;
P_0x5e09dd4acc10 .param/l "TRIG_US" 1 2 7, +C4<00000000000000000000000000001010>;
v0x5e09dd4fc490_0 .net "ciclo_pronto", 0 0, v0x5e09dd4e36e0_0;  1 drivers
v0x5e09dd4fc5a0_0 .var "clk", 0 0;
v0x5e09dd4fc660_0 .net "dist_c", 7 0, v0x5e09dd4e3960_0;  1 drivers
v0x5e09dd4fc700_0 .net "dist_d", 7 0, v0x5e09dd4e3a20_0;  1 drivers
v0x5e09dd4fc7a0_0 .net "dist_e", 7 0, v0x5e09dd4e3b00_0;  1 drivers
v0x5e09dd4fc8b0_0 .var "echo_c", 0 0;
v0x5e09dd4fc9a0_0 .var "echo_d", 0 0;
v0x5e09dd4fca90_0 .var "echo_e", 0 0;
v0x5e09dd4fcb80_0 .var/i "erros", 31 0;
v0x5e09dd4fcc60_0 .net "estado_fsm", 3 0, v0x5e09dd4e3fc0_0;  1 drivers
v0x5e09dd4fcd20_0 .var "iniciar", 0 0;
v0x5e09dd4fce10_0 .var "rst", 0 0;
v0x5e09dd4fceb0_0 .net "trig_c", 0 0, L_0x5e09dd50e930;  1 drivers
v0x5e09dd4fcfa0_0 .net "trig_d", 0 0, L_0x5e09dd50eb60;  1 drivers
v0x5e09dd4fd090_0 .net "trig_e", 0 0, L_0x5e09dd50e630;  1 drivers
v0x5e09dd4fd180_0 .net "valid_c", 0 0, L_0x5e09dd4bb070;  1 drivers
v0x5e09dd4fd220_0 .net "valid_d", 0 0, L_0x5e09dd4b3630;  1 drivers
v0x5e09dd4fd3d0_0 .net "valid_e", 0 0, L_0x5e09dd4b89c0;  1 drivers
v0x5e09dd4fd470_0 .net/s "vel_c", 7 0, v0x5e09dd4f6490_0;  1 drivers
v0x5e09dd4fd560_0 .net/s "vel_d", 7 0, v0x5e09dd4f7d90_0;  1 drivers
v0x5e09dd4fd650_0 .net/s "vel_e", 7 0, v0x5e09dd4f96f0_0;  1 drivers
v0x5e09dd4fd740_0 .var/i "vistos", 31 0;
S_0x5e09dd4b86a0 .scope task, "check" "check" 2 65, 2 65 0, S_0x5e09dd4adf80;
 .timescale -9 -12;
v0x5e09dd4b91b0_0 .var "cond", 0 0;
v0x5e09dd4bb210_0 .var "name", 255 0;
TD_road_sensores_tb.check ;
    %load/vec4 v0x5e09dd4b91b0_0;
    %flag_set/vec4 8;
    %jmp/0xz  T_0.0, 8;
    %vpi_call 2 70 "$display", "OK   %0s", v0x5e09dd4bb210_0 {0 0 0};
    %jmp T_0.1;
T_0.0 ;
    %vpi_call 2 72 "$display", "FAIL %0s", v0x5e09dd4bb210_0 {0 0 0};
    %load/vec4 v0x5e09dd4fcb80_0;
    %addi 1, 0, 32;
    %store/vec4 v0x5e09dd4fcb80_0, 0, 32;
T_0.1 ;
    %end;
S_0x5e09dd4df980 .scope module, "dut" "road_sensores" 2 36, 3 3 0, S_0x5e09dd4adf80;
 .timescale 0 0;
    .port_info 0 /INPUT 1 "clk";
    .port_info 1 /INPUT 1 "rst";
    .port_info 2 /INPUT 1 "iniciar";
    .port_info 3 /INPUT 1 "echo_e";
    .port_info 4 /INPUT 1 "echo_c";
    .port_info 5 /INPUT 1 "echo_d";
    .port_info 6 /OUTPUT 1 "trig_e";
    .port_info 7 /OUTPUT 1 "trig_c";
    .port_info 8 /OUTPUT 1 "trig_d";
    .port_info 9 /OUTPUT 8 "dist_e";
    .port_info 10 /OUTPUT 8 "dist_c";
    .port_info 11 /OUTPUT 8 "dist_d";
    .port_info 12 /OUTPUT 1 "valid_e";
    .port_info 13 /OUTPUT 1 "valid_c";
    .port_info 14 /OUTPUT 1 "valid_d";
    .port_info 15 /OUTPUT 1 "ciclo_pronto";
    .port_info 16 /OUTPUT 4 "estado_fsm";
    .port_info 17 /OUTPUT 8 "dist_atual_e";
    .port_info 18 /OUTPUT 8 "dist_atual_c";
    .port_info 19 /OUTPUT 8 "dist_atual_d";
    .port_info 20 /OUTPUT 8 "vel_e";
    .port_info 21 /OUTPUT 8 "vel_c";
    .port_info 22 /OUTPUT 8 "vel_d";
P_0x5e09dd4bba20 .param/l "CLK_HZ" 0 3 4, +C4<00000000000000011000011010100000>;
P_0x5e09dd4bba60 .param/l "GAP_MS" 0 3 5, +C4<00000000000000000000000000000001>;
P_0x5e09dd4bbaa0 .param/l "TIMEOUT_MS" 0 3 7, +C4<00000000000000000000000000000101>;
P_0x5e09dd4bbae0 .param/l "TRIG_US" 0 3 6, +C4<00000000000000000000000000001010>;
L_0x5e09dd4b89c0 .functor BUFZ 1, v0x5e09dd4e4980_0, C4<0>, C4<0>, C4<0>;
L_0x5e09dd4bb070 .functor BUFZ 1, v0x5e09dd4e4820_0, C4<0>, C4<0>, C4<0>;
L_0x5e09dd4b3630 .functor BUFZ 1, v0x5e09dd4e48c0_0, C4<0>, C4<0>, C4<0>;
v0x5e09dd4f9890_0 .net "ciclo_pronto", 0 0, v0x5e09dd4e36e0_0;  alias, 1 drivers
v0x5e09dd4f9980_0 .net "clk", 0 0, v0x5e09dd4fc5a0_0;  1 drivers
v0x5e09dd4f9a20_0 .net "dist_atual_c", 7 0, v0x5e09dd4e5c50_0;  1 drivers
v0x5e09dd4f9b20_0 .net "dist_atual_d", 7 0, v0x5e09dd4f76b0_0;  1 drivers
v0x5e09dd4f9bf0_0 .net "dist_atual_e", 7 0, v0x5e09dd4f9010_0;  1 drivers
v0x5e09dd4f9c90_0 .net "dist_c", 7 0, v0x5e09dd4e3960_0;  alias, 1 drivers
v0x5e09dd4f9d30_0 .net "dist_d", 7 0, v0x5e09dd4e3a20_0;  alias, 1 drivers
v0x5e09dd4f9dd0_0 .net "dist_e", 7 0, v0x5e09dd4e3b00_0;  alias, 1 drivers
v0x5e09dd4f9ee0_0 .net "echo_c", 0 0, v0x5e09dd4fc8b0_0;  1 drivers
v0x5e09dd4fa010_0 .net "echo_d", 0 0, v0x5e09dd4fc9a0_0;  1 drivers
v0x5e09dd4fa0b0_0 .net "echo_e", 0 0, v0x5e09dd4fca90_0;  1 drivers
v0x5e09dd4fa150_0 .net "estado_fsm", 3 0, v0x5e09dd4e3fc0_0;  alias, 1 drivers
v0x5e09dd4fa220_0 .net "iniciar", 0 0, v0x5e09dd4fcd20_0;  1 drivers
v0x5e09dd4fa2f0_0 .net "rst", 0 0, v0x5e09dd4fce10_0;  1 drivers
v0x5e09dd4fa390_0 .net "trig_c", 0 0, L_0x5e09dd50e930;  alias, 1 drivers
v0x5e09dd4fa460_0 .net "trig_d", 0 0, L_0x5e09dd50eb60;  alias, 1 drivers
v0x5e09dd4fa530_0 .net "trig_e", 0 0, L_0x5e09dd50e630;  alias, 1 drivers
v0x5e09dd4fa710_0 .net "valid_c", 0 0, L_0x5e09dd4bb070;  alias, 1 drivers
v0x5e09dd4fa7b0_0 .net "valid_c_p", 0 0, v0x5e09dd4e4820_0;  1 drivers
v0x5e09dd4fa850_0 .net "valid_d", 0 0, L_0x5e09dd4b3630;  alias, 1 drivers
v0x5e09dd4fa8f0_0 .net "valid_d_p", 0 0, v0x5e09dd4e48c0_0;  1 drivers
v0x5e09dd4fa9e0_0 .net "valid_e", 0 0, L_0x5e09dd4b89c0;  alias, 1 drivers
v0x5e09dd4faa80_0 .net "valid_e_p", 0 0, v0x5e09dd4e4980_0;  1 drivers
v0x5e09dd4fab70_0 .net/s "vel_c", 7 0, v0x5e09dd4f6490_0;  alias, 1 drivers
v0x5e09dd4fac10_0 .net/s "vel_d", 7 0, v0x5e09dd4f7d90_0;  alias, 1 drivers
v0x5e09dd4facb0_0 .net/s "vel_e", 7 0, v0x5e09dd4f96f0_0;  alias, 1 drivers
S_0x5e09dd4dfcc0 .scope module, "fsm" "fsm_sensors" 3 43, 4 1 0, S_0x5e09dd4df980;
 .timescale 0 0;
    .port_info 0 /INPUT 1 "clk";
    .port_info 1 /INPUT 1 "rst";
    .port_info 2 /INPUT 1 "iniciar";
    .port_info 3 /INPUT 1 "echo_e";
    .port_info 4 /INPUT 1 "echo_c";
    .port_info 5 /INPUT 1 "echo_d";
    .port_info 6 /OUTPUT 1 "trig_e";
    .port_info 7 /OUTPUT 1 "trig_c";
    .port_info 8 /OUTPUT 1 "trig_d";
    .port_info 9 /OUTPUT 8 "dist_e";
    .port_info 10 /OUTPUT 8 "dist_c";
    .port_info 11 /OUTPUT 8 "dist_d";
    .port_info 12 /OUTPUT 1 "valid_e";
    .port_info 13 /OUTPUT 1 "valid_c";
    .port_info 14 /OUTPUT 1 "valid_d";
    .port_info 15 /OUTPUT 1 "ciclo_pronto";
    .port_info 16 /OUTPUT 4 "estado_fsm";
P_0x5e09dd4dfea0 .param/l "CLK_HZ" 0 4 2, +C4<00000000000000011000011010100000>;
P_0x5e09dd4dfee0 .param/l "F_DONE" 1 4 35, C4<0110>;
P_0x5e09dd4dff20 .param/l "F_GAP_CD" 1 4 33, C4<0100>;
P_0x5e09dd4dff60 .param/l "F_GAP_DE" 1 4 36, C4<0111>;
P_0x5e09dd4dffa0 .param/l "F_GAP_EC" 1 4 31, C4<0010>;
P_0x5e09dd4dffe0 .param/l "F_IDLE" 1 4 29, C4<0000>;
P_0x5e09dd4e0020 .param/l "F_MED_C" 1 4 32, C4<0011>;
P_0x5e09dd4e0060 .param/l "F_MED_D" 1 4 34, C4<0101>;
P_0x5e09dd4e00a0 .param/l "F_MED_E" 1 4 30, C4<0001>;
P_0x5e09dd4e00e0 .param/l "GAP_CYCLES" 1 4 27, +C4<0000000000000000000000000000000000000000000000000000000001100100>;
P_0x5e09dd4e0120 .param/l "GAP_MS" 0 4 3, +C4<00000000000000000000000000000001>;
P_0x5e09dd4e0160 .param/l "GAP_RAW" 1 4 26, +C4<0000000000000000000000000000000000000000000000000000000001100100>;
P_0x5e09dd4e01a0 .param/l "TIMEOUT_MS" 0 4 5, +C4<00000000000000000000000000000101>;
P_0x5e09dd4e01e0 .param/l "TRIG_US" 0 4 4, +C4<00000000000000000000000000001010>;
L_0x73ed6d2d0138 .functor BUFT 1, C4<00>, C4<0>, C4<0>, C4<0>;
v0x5e09dd4e2aa0_0 .net/2u *"_ivl_0", 1 0, L_0x73ed6d2d0138;  1 drivers
L_0x73ed6d2d01c8 .functor BUFT 1, C4<00>, C4<0>, C4<0>, C4<0>;
v0x5e09dd4e2ba0_0 .net/2u *"_ivl_12", 1 0, L_0x73ed6d2d01c8;  1 drivers
v0x5e09dd4e2c80_0 .net *"_ivl_14", 0 0, L_0x5e09dd50e540;  1 drivers
L_0x73ed6d2d0210 .functor BUFT 1, C4<0>, C4<0>, C4<0>, C4<0>;
v0x5e09dd4e2d20_0 .net/2u *"_ivl_16", 0 0, L_0x73ed6d2d0210;  1 drivers
v0x5e09dd4e2e00_0 .net *"_ivl_2", 0 0, L_0x5e09dd50e060;  1 drivers
L_0x73ed6d2d0258 .functor BUFT 1, C4<01>, C4<0>, C4<0>, C4<0>;
v0x5e09dd4e2ec0_0 .net/2u *"_ivl_20", 1 0, L_0x73ed6d2d0258;  1 drivers
v0x5e09dd4e2fa0_0 .net *"_ivl_22", 0 0, L_0x5e09dd50e800;  1 drivers
L_0x73ed6d2d02a0 .functor BUFT 1, C4<0>, C4<0>, C4<0>, C4<0>;
v0x5e09dd4e3060_0 .net/2u *"_ivl_24", 0 0, L_0x73ed6d2d02a0;  1 drivers
L_0x73ed6d2d02e8 .functor BUFT 1, C4<10>, C4<0>, C4<0>, C4<0>;
v0x5e09dd4e3140_0 .net/2u *"_ivl_28", 1 0, L_0x73ed6d2d02e8;  1 drivers
v0x5e09dd4e3220_0 .net *"_ivl_30", 0 0, L_0x5e09dd50ea70;  1 drivers
L_0x73ed6d2d0330 .functor BUFT 1, C4<0>, C4<0>, C4<0>, C4<0>;
v0x5e09dd4e32e0_0 .net/2u *"_ivl_32", 0 0, L_0x73ed6d2d0330;  1 drivers
L_0x73ed6d2d0180 .functor BUFT 1, C4<01>, C4<0>, C4<0>, C4<0>;
v0x5e09dd4e33c0_0 .net/2u *"_ivl_4", 1 0, L_0x73ed6d2d0180;  1 drivers
v0x5e09dd4e34a0_0 .net *"_ivl_6", 0 0, L_0x5e09dd50e150;  1 drivers
v0x5e09dd4e3560_0 .net *"_ivl_8", 0 0, L_0x5e09dd50e290;  1 drivers
v0x5e09dd4e3640_0 .net "busy", 0 0, v0x5e09dd4e1ca0_0;  1 drivers
v0x5e09dd4e36e0_0 .var "ciclo_pronto", 0 0;
v0x5e09dd4e3780_0 .net "clk", 0 0, v0x5e09dd4fc5a0_0;  alias, 1 drivers
v0x5e09dd4e3960_0 .var "dist_c", 7 0;
v0x5e09dd4e3a20_0 .var "dist_d", 7 0;
v0x5e09dd4e3b00_0 .var "dist_e", 7 0;
v0x5e09dd4e3be0_0 .net "dist_lida", 7 0, v0x5e09dd4e20c0_0;  1 drivers
v0x5e09dd4e3cd0_0 .net "echo_c", 0 0, v0x5e09dd4fc8b0_0;  alias, 1 drivers
v0x5e09dd4e3d70_0 .net "echo_d", 0 0, v0x5e09dd4fc9a0_0;  alias, 1 drivers
v0x5e09dd4e3e30_0 .net "echo_e", 0 0, v0x5e09dd4fca90_0;  alias, 1 drivers
v0x5e09dd4e3ef0_0 .net "echo_sel", 0 0, L_0x5e09dd50e380;  1 drivers
v0x5e09dd4e3fc0_0 .var "estado_fsm", 3 0;
v0x5e09dd4e4080_0 .var "gap_cnt", 31 0;
v0x5e09dd4e4160_0 .net "iniciar", 0 0, v0x5e09dd4fcd20_0;  alias, 1 drivers
v0x5e09dd4e4220_0 .net "rst", 0 0, v0x5e09dd4fce10_0;  alias, 1 drivers
v0x5e09dd4e42f0_0 .var "sensor_atual", 1 0;
v0x5e09dd4e43b0_0 .var "start_leitura", 0 0;
v0x5e09dd4e4480_0 .net "timeout", 0 0, v0x5e09dd4e2740_0;  1 drivers
v0x5e09dd4e4550_0 .net "trig_c", 0 0, L_0x5e09dd50e930;  alias, 1 drivers
v0x5e09dd4e45f0_0 .net "trig_d", 0 0, L_0x5e09dd50eb60;  alias, 1 drivers
v0x5e09dd4e4690_0 .net "trig_e", 0 0, L_0x5e09dd50e630;  alias, 1 drivers
v0x5e09dd4e4750_0 .net "trig_leitura", 0 0, v0x5e09dd4e2800_0;  1 drivers
v0x5e09dd4e4820_0 .var "valid_c", 0 0;
v0x5e09dd4e48c0_0 .var "valid_d", 0 0;
v0x5e09dd4e4980_0 .var "valid_e", 0 0;
v0x5e09dd4e4a40_0 .net "valido", 0 0, v0x5e09dd4e28c0_0;  1 drivers
L_0x5e09dd50e060 .cmp/eq 2, v0x5e09dd4e42f0_0, L_0x73ed6d2d0138;
L_0x5e09dd50e150 .cmp/eq 2, v0x5e09dd4e42f0_0, L_0x73ed6d2d0180;
L_0x5e09dd50e290 .functor MUXZ 1, v0x5e09dd4fc9a0_0, v0x5e09dd4fc8b0_0, L_0x5e09dd50e150, C4<>;
L_0x5e09dd50e380 .functor MUXZ 1, L_0x5e09dd50e290, v0x5e09dd4fca90_0, L_0x5e09dd50e060, C4<>;
L_0x5e09dd50e540 .cmp/eq 2, v0x5e09dd4e42f0_0, L_0x73ed6d2d01c8;
L_0x5e09dd50e630 .functor MUXZ 1, L_0x73ed6d2d0210, v0x5e09dd4e2800_0, L_0x5e09dd50e540, C4<>;
L_0x5e09dd50e800 .cmp/eq 2, v0x5e09dd4e42f0_0, L_0x73ed6d2d0258;
L_0x5e09dd50e930 .functor MUXZ 1, L_0x73ed6d2d02a0, v0x5e09dd4e2800_0, L_0x5e09dd50e800, C4<>;
L_0x5e09dd50ea70 .cmp/eq 2, v0x5e09dd4e42f0_0, L_0x73ed6d2d02e8;
L_0x5e09dd50eb60 .functor MUXZ 1, L_0x73ed6d2d0330, v0x5e09dd4e2800_0, L_0x5e09dd50ea70, C4<>;
S_0x5e09dd4e0a20 .scope module, "leitor" "read_hc_sr04" 4 53, 5 1 0, S_0x5e09dd4dfcc0;
 .timescale 0 0;
    .port_info 0 /INPUT 1 "clk";
    .port_info 1 /INPUT 1 "rst";
    .port_info 2 /INPUT 1 "start";
    .port_info 3 /INPUT 1 "echo";
    .port_info 4 /OUTPUT 1 "trig";
    .port_info 5 /OUTPUT 1 "busy";
    .port_info 6 /OUTPUT 8 "distancia_cm";
    .port_info 7 /OUTPUT 1 "valido";
    .port_info 8 /OUTPUT 1 "timeout";
P_0x5e09dd4e0c00 .param/l "CLK_HZ" 0 5 2, +C4<00000000000000011000011010100000>;
P_0x5e09dd4e0c40 .param/l "CM_DEN" 1 5 26, C4<0000000000000000000000000000000000000000010110001000000001000000>;
P_0x5e09dd4e0c80 .param/l "CM_MULT_K" 1 5 28, C4<0000000000000000000000000000000000000000000000101100001000110101>;
P_0x5e09dd4e0cc0 .param/l "CM_NUM" 1 5 27, C4<0000000000000000000000001111010000100100000000000000000000000000>;
P_0x5e09dd4e0d00 .param/l "CM_SHIFT_N" 1 5 25, +C4<00000000000000000000000000010100>;
P_0x5e09dd4e0d40 .param/l "S_IDLE" 1 5 34, C4<000>;
P_0x5e09dd4e0d80 .param/l "S_MEASURE" 1 5 37, C4<011>;
P_0x5e09dd4e0dc0 .param/l "S_TRIG" 1 5 35, C4<001>;
P_0x5e09dd4e0e00 .param/l "S_WAIT_RISE" 1 5 36, C4<010>;
P_0x5e09dd4e0e40 .param/l "TIMEOUT_CYCLES" 1 5 21, +C4<0000000000000000000000000000000000000000000000000000000111110100>;
P_0x5e09dd4e0e80 .param/l "TIMEOUT_MS" 0 5 4, +C4<00000000000000000000000000000101>;
P_0x5e09dd4e0ec0 .param/l "TIMEOUT_RAW" 1 5 20, +C4<0000000000000000000000000000000000000000000000000000000111110100>;
P_0x5e09dd4e0f00 .param/l "TRIG_CYCLES" 1 5 19, +C4<0000000000000000000000000000000000000000000000000000000000001010>;
P_0x5e09dd4e0f40 .param/l "TRIG_US" 0 5 3, +C4<00000000000000000000000000001010>;
P_0x5e09dd4e0f80 .param/l "US_TICKS" 1 5 18, +C4<00000000000000000000000000000001>;
v0x5e09dd4b3e20_0 .net *"_ivl_0", 63 0, L_0x5e09dd4fd820;  1 drivers
L_0x73ed6d2d00a8 .functor BUFT 1, C4<000000000000000011111111>, C4<0>, C4<0>, C4<0>;
v0x5e09dd4b5e80_0 .net/2u *"_ivl_10", 23 0, L_0x73ed6d2d00a8;  1 drivers
v0x5e09dd4aa700_0 .net *"_ivl_12", 0 0, L_0x5e09dd50dbc0;  1 drivers
L_0x73ed6d2d00f0 .functor BUFT 1, C4<11111111>, C4<0>, C4<0>, C4<0>;
v0x5e09dd4c5580_0 .net/2u *"_ivl_14", 7 0, L_0x73ed6d2d00f0;  1 drivers
v0x5e09dd4c54e0_0 .net *"_ivl_17", 7 0, L_0x5e09dd50dd00;  1 drivers
L_0x73ed6d2d0018 .functor BUFT 1, C4<0000000000000000000000000000000000000000>, C4<0>, C4<0>, C4<0>;
v0x5e09dd4e1ae0_0 .net *"_ivl_3", 39 0, L_0x73ed6d2d0018;  1 drivers
L_0x73ed6d2d0060 .functor BUFT 1, C4<0000000000000000000000000000000000000000000000101100001000110101>, C4<0>, C4<0>, C4<0>;
v0x5e09dd4e1bc0_0 .net/2u *"_ivl_4", 63 0, L_0x73ed6d2d0060;  1 drivers
v0x5e09dd4e1ca0_0 .var "busy", 0 0;
v0x5e09dd4e1d60_0 .net "clk", 0 0, v0x5e09dd4fc5a0_0;  alias, 1 drivers
v0x5e09dd4e1e20_0 .var "contador", 23 0;
v0x5e09dd4e1f00_0 .net "dist_cm_w", 7 0, L_0x5e09dd50dda0;  1 drivers
v0x5e09dd4e1fe0_0 .net "dist_raw_w", 23 0, L_0x5e09dd50dad0;  1 drivers
v0x5e09dd4e20c0_0 .var "distancia_cm", 7 0;
v0x5e09dd4e21a0_0 .net "echo", 0 0, L_0x5e09dd50e380;  alias, 1 drivers
v0x5e09dd4e2260_0 .var "echo_s", 1 0;
v0x5e09dd4e2340_0 .net "echo_sync", 0 0, L_0x5e09dd50df70;  1 drivers
v0x5e09dd4e2400_0 .var "estado", 2 0;
v0x5e09dd4e24e0_0 .net "prod_w", 63 0, L_0x5e09dd50d990;  1 drivers
v0x5e09dd4e25c0_0 .net "rst", 0 0, v0x5e09dd4fce10_0;  alias, 1 drivers
v0x5e09dd4e2680_0 .net "start", 0 0, v0x5e09dd4e43b0_0;  1 drivers
v0x5e09dd4e2740_0 .var "timeout", 0 0;
v0x5e09dd4e2800_0 .var "trig", 0 0;
v0x5e09dd4e28c0_0 .var "valido", 0 0;
E_0x5e09dd44d710 .event posedge, v0x5e09dd4e1d60_0;
L_0x5e09dd4fd820 .concat [ 24 40 0 0], v0x5e09dd4e1e20_0, L_0x73ed6d2d0018;
L_0x5e09dd50d990 .arith/mult 64, L_0x5e09dd4fd820, L_0x73ed6d2d0060;
L_0x5e09dd50dad0 .part L_0x5e09dd50d990, 20, 24;
L_0x5e09dd50dbc0 .cmp/gt 24, L_0x5e09dd50dad0, L_0x73ed6d2d00a8;
L_0x5e09dd50dd00 .part L_0x5e09dd50dad0, 0, 8;
L_0x5e09dd50dda0 .functor MUXZ 8, L_0x5e09dd50dd00, L_0x73ed6d2d00f0, L_0x5e09dd50dbc0, C4<>;
L_0x5e09dd50df70 .part v0x5e09dd4e2260_0, 1, 1;
S_0x5e09dd4e4d10 .scope module, "vel_mod_c" "measure_speed" 3 76, 6 13 0, S_0x5e09dd4df980;
 .timescale 0 0;
    .port_info 0 /INPUT 1 "clk";
    .port_info 1 /INPUT 1 "rst";
    .port_info 2 /INPUT 1 "amostra_valida";
    .port_info 3 /INPUT 8 "distancia_cm";
    .port_info 4 /OUTPUT 8 "dist_atual";
    .port_info 5 /OUTPUT 8 "velocidade_cm";
P_0x5e09dd4e3820 .param/l "HIST_DEPTH" 0 6 14, +C4<00000000000000000000000000010000>;
P_0x5e09dd4e3860 .param/l "HIST_MIN" 0 6 15, +C4<00000000000000000000000000000100>;
P_0x5e09dd4e38a0 .param/l "PTR_BITS" 0 6 16, +C4<00000000000000000000000000000100>;
P_0x5e09dd4e38e0 .param/l "PTR_LAST" 1 6 28, C4<1111>;
v0x5e09dd4e5150_0 .net *"_ivl_0", 31 0, L_0x5e09dd50f600;  1 drivers
L_0x73ed6d2d05b8 .functor BUFT 1, C4<0>, C4<0>, C4<0>, C4<0>;
v0x5e09dd4e5230_0 .net/2u *"_ivl_12", 0 0, L_0x73ed6d2d05b8;  1 drivers
v0x5e09dd4e5310_0 .net *"_ivl_14", 8 0, L_0x5e09dd50f970;  1 drivers
L_0x73ed6d2d0600 .functor BUFT 1, C4<0>, C4<0>, C4<0>, C4<0>;
v0x5e09dd4e5400_0 .net/2u *"_ivl_16", 0 0, L_0x73ed6d2d0600;  1 drivers
v0x5e09dd4e54e0_0 .net *"_ivl_18", 8 0, L_0x5e09dd50fa40;  1 drivers
L_0x73ed6d2d04e0 .functor BUFT 1, C4<000000000000000000000000000>, C4<0>, C4<0>, C4<0>;
v0x5e09dd4e5610_0 .net *"_ivl_3", 26 0, L_0x73ed6d2d04e0;  1 drivers
L_0x73ed6d2d0528 .functor BUFT 1, C4<00000000000000000000000000010000>, C4<0>, C4<0>, C4<0>;
v0x5e09dd4e56f0_0 .net/2u *"_ivl_4", 31 0, L_0x73ed6d2d0528;  1 drivers
v0x5e09dd4e57d0_0 .net *"_ivl_6", 0 0, L_0x5e09dd50f6f0;  1 drivers
L_0x73ed6d2d0570 .functor BUFT 1, C4<0000>, C4<0>, C4<0>, C4<0>;
v0x5e09dd4e5890_0 .net/2u *"_ivl_8", 3 0, L_0x73ed6d2d0570;  1 drivers
v0x5e09dd4e5970_0 .net "amostra_valida", 0 0, v0x5e09dd4e4820_0;  alias, 1 drivers
v0x5e09dd4e5a10_0 .net "clk", 0 0, v0x5e09dd4fc5a0_0;  alias, 1 drivers
v0x5e09dd4e5ab0_0 .var "contagem", 4 0;
v0x5e09dd4e5b70_0 .net/s "delta_w", 8 0, L_0x5e09dd50fb30;  1 drivers
v0x5e09dd4e5c50_0 .var "dist_atual", 7 0;
v0x5e09dd4e5d30_0 .net "distancia_cm", 7 0, v0x5e09dd4e3960_0;  alias, 1 drivers
v0x5e09dd4e5df0 .array "hist", 15 0, 7 0;
v0x5e09dd4f5ff0_0 .var "hist_q", 7 0;
v0x5e09dd4f61e0_0 .var "ptr", 3 0;
v0x5e09dd4f62c0_0 .net "rd_addr", 3 0, L_0x5e09dd50f830;  1 drivers
v0x5e09dd4f63a0_0 .net "rst", 0 0, v0x5e09dd4fce10_0;  alias, 1 drivers
v0x5e09dd4f6490_0 .var/s "velocidade_cm", 7 0;
L_0x5e09dd50f600 .concat [ 5 27 0 0], v0x5e09dd4e5ab0_0, L_0x73ed6d2d04e0;
L_0x5e09dd50f6f0 .cmp/eq 32, L_0x5e09dd50f600, L_0x73ed6d2d0528;
L_0x5e09dd50f830 .functor MUXZ 4, L_0x73ed6d2d0570, v0x5e09dd4f61e0_0, L_0x5e09dd50f6f0, C4<>;
L_0x5e09dd50f970 .concat [ 8 1 0 0], v0x5e09dd4e3960_0, L_0x73ed6d2d05b8;
L_0x5e09dd50fa40 .concat [ 8 1 0 0], v0x5e09dd4f5ff0_0, L_0x73ed6d2d0600;
L_0x5e09dd50fb30 .arith/sub 9, L_0x5e09dd50f970, L_0x5e09dd50fa40;
S_0x5e09dd4f6630 .scope module, "vel_mod_d" "measure_speed" 3 85, 6 13 0, S_0x5e09dd4df980;
 .timescale 0 0;
    .port_info 0 /INPUT 1 "clk";
    .port_info 1 /INPUT 1 "rst";
    .port_info 2 /INPUT 1 "amostra_valida";
    .port_info 3 /INPUT 8 "distancia_cm";
    .port_info 4 /OUTPUT 8 "dist_atual";
    .port_info 5 /OUTPUT 8 "velocidade_cm";
P_0x5e09dd4f6810 .param/l "HIST_DEPTH" 0 6 14, +C4<00000000000000000000000000010000>;
P_0x5e09dd4f6850 .param/l "HIST_MIN" 0 6 15, +C4<00000000000000000000000000000100>;
P_0x5e09dd4f6890 .param/l "PTR_BITS" 0 6 16, +C4<00000000000000000000000000000100>;
P_0x5e09dd4f68d0 .param/l "PTR_LAST" 1 6 28, C4<1111>;
v0x5e09dd4f6bb0_0 .net *"_ivl_0", 31 0, L_0x5e09dd50fcb0;  1 drivers
L_0x73ed6d2d0720 .functor BUFT 1, C4<0>, C4<0>, C4<0>, C4<0>;
v0x5e09dd4f6c90_0 .net/2u *"_ivl_12", 0 0, L_0x73ed6d2d0720;  1 drivers
v0x5e09dd4f6d70_0 .net *"_ivl_14", 8 0, L_0x5e09dd510050;  1 drivers
L_0x73ed6d2d0768 .functor BUFT 1, C4<0>, C4<0>, C4<0>, C4<0>;
v0x5e09dd4f6e60_0 .net/2u *"_ivl_16", 0 0, L_0x73ed6d2d0768;  1 drivers
v0x5e09dd4f6f40_0 .net *"_ivl_18", 8 0, L_0x5e09dd5101e0;  1 drivers
L_0x73ed6d2d0648 .functor BUFT 1, C4<000000000000000000000000000>, C4<0>, C4<0>, C4<0>;
v0x5e09dd4f7070_0 .net *"_ivl_3", 26 0, L_0x73ed6d2d0648;  1 drivers
L_0x73ed6d2d0690 .functor BUFT 1, C4<00000000000000000000000000010000>, C4<0>, C4<0>, C4<0>;
v0x5e09dd4f7150_0 .net/2u *"_ivl_4", 31 0, L_0x73ed6d2d0690;  1 drivers
v0x5e09dd4f7230_0 .net *"_ivl_6", 0 0, L_0x5e09dd50fda0;  1 drivers
L_0x73ed6d2d06d8 .functor BUFT 1, C4<0000>, C4<0>, C4<0>, C4<0>;
v0x5e09dd4f72f0_0 .net/2u *"_ivl_8", 3 0, L_0x73ed6d2d06d8;  1 drivers
v0x5e09dd4f73d0_0 .net "amostra_valida", 0 0, v0x5e09dd4e48c0_0;  alias, 1 drivers
v0x5e09dd4f7470_0 .net "clk", 0 0, v0x5e09dd4fc5a0_0;  alias, 1 drivers
v0x5e09dd4f7510_0 .var "contagem", 4 0;
v0x5e09dd4f75d0_0 .net/s "delta_w", 8 0, L_0x5e09dd510330;  1 drivers
v0x5e09dd4f76b0_0 .var "dist_atual", 7 0;
v0x5e09dd4f7790_0 .net "distancia_cm", 7 0, v0x5e09dd4e3a20_0;  alias, 1 drivers
v0x5e09dd4f7880 .array "hist", 15 0, 7 0;
v0x5e09dd4f7940_0 .var "hist_q", 7 0;
v0x5e09dd4f7b30_0 .var "ptr", 3 0;
v0x5e09dd4f7c10_0 .net "rd_addr", 3 0, L_0x5e09dd50ff10;  1 drivers
v0x5e09dd4f7cf0_0 .net "rst", 0 0, v0x5e09dd4fce10_0;  alias, 1 drivers
v0x5e09dd4f7d90_0 .var/s "velocidade_cm", 7 0;
L_0x5e09dd50fcb0 .concat [ 5 27 0 0], v0x5e09dd4f7510_0, L_0x73ed6d2d0648;
L_0x5e09dd50fda0 .cmp/eq 32, L_0x5e09dd50fcb0, L_0x73ed6d2d0690;
L_0x5e09dd50ff10 .functor MUXZ 4, L_0x73ed6d2d06d8, v0x5e09dd4f7b30_0, L_0x5e09dd50fda0, C4<>;
L_0x5e09dd510050 .concat [ 8 1 0 0], v0x5e09dd4e3a20_0, L_0x73ed6d2d0720;
L_0x5e09dd5101e0 .concat [ 8 1 0 0], v0x5e09dd4f7940_0, L_0x73ed6d2d0768;
L_0x5e09dd510330 .arith/sub 9, L_0x5e09dd510050, L_0x5e09dd5101e0;
S_0x5e09dd4f7f30 .scope module, "vel_mod_e" "measure_speed" 3 67, 6 13 0, S_0x5e09dd4df980;
 .timescale 0 0;
    .port_info 0 /INPUT 1 "clk";
    .port_info 1 /INPUT 1 "rst";
    .port_info 2 /INPUT 1 "amostra_valida";
    .port_info 3 /INPUT 8 "distancia_cm";
    .port_info 4 /OUTPUT 8 "dist_atual";
    .port_info 5 /OUTPUT 8 "velocidade_cm";
P_0x5e09dd4f80c0 .param/l "HIST_DEPTH" 0 6 14, +C4<00000000000000000000000000010000>;
P_0x5e09dd4f8100 .param/l "HIST_MIN" 0 6 15, +C4<00000000000000000000000000000100>;
P_0x5e09dd4f8140 .param/l "PTR_BITS" 0 6 16, +C4<00000000000000000000000000000100>;
P_0x5e09dd4f8180 .param/l "PTR_LAST" 1 6 28, C4<1111>;
v0x5e09dd4f8480_0 .net *"_ivl_0", 31 0, L_0x5e09dd50ede0;  1 drivers
L_0x73ed6d2d0450 .functor BUFT 1, C4<0>, C4<0>, C4<0>, C4<0>;
v0x5e09dd4f8560_0 .net/2u *"_ivl_12", 0 0, L_0x73ed6d2d0450;  1 drivers
v0x5e09dd4f8640_0 .net *"_ivl_14", 8 0, L_0x5e09dd50f150;  1 drivers
L_0x73ed6d2d0498 .functor BUFT 1, C4<0>, C4<0>, C4<0>, C4<0>;
v0x5e09dd4f8730_0 .net/2u *"_ivl_16", 0 0, L_0x73ed6d2d0498;  1 drivers
v0x5e09dd4f8810_0 .net *"_ivl_18", 8 0, L_0x5e09dd50f390;  1 drivers
L_0x73ed6d2d0378 .functor BUFT 1, C4<000000000000000000000000000>, C4<0>, C4<0>, C4<0>;
v0x5e09dd4f8940_0 .net *"_ivl_3", 26 0, L_0x73ed6d2d0378;  1 drivers
L_0x73ed6d2d03c0 .functor BUFT 1, C4<00000000000000000000000000010000>, C4<0>, C4<0>, C4<0>;
v0x5e09dd4f8a20_0 .net/2u *"_ivl_4", 31 0, L_0x73ed6d2d03c0;  1 drivers
v0x5e09dd4f8b00_0 .net *"_ivl_6", 0 0, L_0x5e09dd50eed0;  1 drivers
L_0x73ed6d2d0408 .functor BUFT 1, C4<0000>, C4<0>, C4<0>, C4<0>;
v0x5e09dd4f8bc0_0 .net/2u *"_ivl_8", 3 0, L_0x73ed6d2d0408;  1 drivers
v0x5e09dd4f8ca0_0 .net "amostra_valida", 0 0, v0x5e09dd4e4980_0;  alias, 1 drivers
v0x5e09dd4f8d40_0 .net "clk", 0 0, v0x5e09dd4fc5a0_0;  alias, 1 drivers
v0x5e09dd4f8e70_0 .var "contagem", 4 0;
v0x5e09dd4f8f30_0 .net/s "delta_w", 8 0, L_0x5e09dd50f480;  1 drivers
v0x5e09dd4f9010_0 .var "dist_atual", 7 0;
v0x5e09dd4f90f0_0 .net "distancia_cm", 7 0, v0x5e09dd4e3b00_0;  alias, 1 drivers
v0x5e09dd4f91e0 .array "hist", 15 0, 7 0;
v0x5e09dd4f92a0_0 .var "hist_q", 7 0;
v0x5e09dd4f9490_0 .var "ptr", 3 0;
v0x5e09dd4f9570_0 .net "rd_addr", 3 0, L_0x5e09dd50f010;  1 drivers
v0x5e09dd4f9650_0 .net "rst", 0 0, v0x5e09dd4fce10_0;  alias, 1 drivers
v0x5e09dd4f96f0_0 .var/s "velocidade_cm", 7 0;
L_0x5e09dd50ede0 .concat [ 5 27 0 0], v0x5e09dd4f8e70_0, L_0x73ed6d2d0378;
L_0x5e09dd50eed0 .cmp/eq 32, L_0x5e09dd50ede0, L_0x73ed6d2d03c0;
L_0x5e09dd50f010 .functor MUXZ 4, L_0x73ed6d2d0408, v0x5e09dd4f9490_0, L_0x5e09dd50eed0, C4<>;
L_0x5e09dd50f150 .concat [ 8 1 0 0], v0x5e09dd4e3b00_0, L_0x73ed6d2d0450;
L_0x5e09dd50f390 .concat [ 8 1 0 0], v0x5e09dd4f92a0_0, L_0x73ed6d2d0498;
L_0x5e09dd50f480 .arith/sub 9, L_0x5e09dd50f150, L_0x5e09dd50f390;
S_0x5e09dd4fafb0 .scope task, "pulse_echo_e" "pulse_echo_e" 2 103, 2 103 0, S_0x5e09dd4adf80;
 .timescale -9 -12;
v0x5e09dd4fb1c0_0 .var/i "high_cyc", 31 0;
v0x5e09dd4fb2a0_0 .var/i "i", 31 0;
TD_road_sensores_tb.pulse_echo_e ;
    %pushi/vec4 1, 0, 1;
    %store/vec4 v0x5e09dd4fca90_0, 0, 1;
    %pushi/vec4 0, 0, 32;
    %store/vec4 v0x5e09dd4fb2a0_0, 0, 32;
T_1.2 ;
    %load/vec4 v0x5e09dd4fb2a0_0;
    %load/vec4 v0x5e09dd4fb1c0_0;
    %cmp/s;
    %jmp/0xz T_1.3, 5;
    %wait E_0x5e09dd44d710;
    %load/vec4 v0x5e09dd4fb2a0_0;
    %addi 1, 0, 32;
    %store/vec4 v0x5e09dd4fb2a0_0, 0, 32;
    %jmp T_1.2;
T_1.3 ;
    %pushi/vec4 0, 0, 1;
    %store/vec4 v0x5e09dd4fca90_0, 0, 1;
    %end;
S_0x5e09dd4fb380 .scope task, "wait_clk" "wait_clk" 2 78, 2 78 0, S_0x5e09dd4adf80;
 .timescale -9 -12;
v0x5e09dd4fb560_0 .var/i "i", 31 0;
v0x5e09dd4fb660_0 .var/i "n", 31 0;
TD_road_sensores_tb.wait_clk ;
    %pushi/vec4 0, 0, 32;
    %store/vec4 v0x5e09dd4fb560_0, 0, 32;
T_2.4 ;
    %load/vec4 v0x5e09dd4fb560_0;
    %load/vec4 v0x5e09dd4fb660_0;
    %cmp/s;
    %jmp/0xz T_2.5, 5;
    %wait E_0x5e09dd44d710;
    %load/vec4 v0x5e09dd4fb560_0;
    %addi 1, 0, 32;
    %store/vec4 v0x5e09dd4fb560_0, 0, 32;
    %jmp T_2.4;
T_2.5 ;
    %end;
S_0x5e09dd4fb740 .scope task, "wait_trig_fall" "wait_trig_fall" 2 87, 2 87 0, S_0x5e09dd4adf80;
 .timescale -9 -12;
v0x5e09dd4fb970_0 .var/i "guard", 31 0;
v0x5e09dd4fba70_0 .var "trig", 0 0;
TD_road_sensores_tb.wait_trig_fall ;
    %pushi/vec4 0, 0, 32;
    %store/vec4 v0x5e09dd4fb970_0, 0, 32;
T_3.6 ;
    %load/vec4 v0x5e09dd4fba70_0;
    %nor/r;
    %load/vec4 v0x5e09dd4fb970_0;
    %cmpi/s 50000, 0, 32;
    %flag_get/vec4 5;
    %and;
    %flag_set/vec4 8;
    %jmp/0xz T_3.7, 8;
    %wait E_0x5e09dd44d710;
    %load/vec4 v0x5e09dd4fb970_0;
    %addi 1, 0, 32;
    %store/vec4 v0x5e09dd4fb970_0, 0, 32;
    %jmp T_3.6;
T_3.7 ;
T_3.8 ;
    %load/vec4 v0x5e09dd4fba70_0;
    %load/vec4 v0x5e09dd4fb970_0;
    %cmpi/s 50000, 0, 32;
    %flag_get/vec4 5;
    %and;
    %flag_set/vec4 8;
    %jmp/0xz T_3.9, 8;
    %wait E_0x5e09dd44d710;
    %load/vec4 v0x5e09dd4fb970_0;
    %addi 1, 0, 32;
    %store/vec4 v0x5e09dd4fb970_0, 0, 32;
    %jmp T_3.8;
T_3.9 ;
    %end;
S_0x5e09dd4fbb30 .scope task, "wait_valid_e" "wait_valid_e" 2 114, 2 114 0, S_0x5e09dd4adf80;
 .timescale -9 -12;
v0x5e09dd4fbd10_0 .var/i "guard", 31 0;
v0x5e09dd4fbe10_0 .var "seen", 0 0;
TD_road_sensores_tb.wait_valid_e ;
    %pushi/vec4 0, 0, 1;
    %store/vec4 v0x5e09dd4fbe10_0, 0, 1;
    %pushi/vec4 0, 0, 32;
    %store/vec4 v0x5e09dd4fbd10_0, 0, 32;
T_4.10 ;
    %load/vec4 v0x5e09dd4fbd10_0;
    %cmpi/s 200000, 0, 32;
    %flag_get/vec4 5;
    %load/vec4 v0x5e09dd4fd3d0_0;
    %nor/r;
    %and;
    %load/vec4 v0x5e09dd4fcc60_0;
    %pushi/vec4 2, 0, 4;
    %cmp/ne;
    %flag_get/vec4 4;
    %and;
    %flag_set/vec4 8;
    %jmp/0xz T_4.11, 8;
    %wait E_0x5e09dd44d710;
    %load/vec4 v0x5e09dd4fbd10_0;
    %addi 1, 0, 32;
    %store/vec4 v0x5e09dd4fbd10_0, 0, 32;
    %jmp T_4.10;
T_4.11 ;
    %load/vec4 v0x5e09dd4fd3d0_0;
    %flag_set/vec4 8;
    %jmp/0xz  T_4.12, 8;
    %pushi/vec4 1, 0, 1;
    %store/vec4 v0x5e09dd4fbe10_0, 0, 1;
T_4.12 ;
    %end;
S_0x5e09dd4fbed0 .scope begin, "watch_c" "watch_c" 2 157, 2 157 0, S_0x5e09dd4adf80;
 .timescale -9 -12;
v0x5e09dd4fc0b0_0 .var/i "g", 31 0;
S_0x5e09dd4fc1b0 .scope begin, "watch_d" "watch_d" 2 174, 2 174 0, S_0x5e09dd4adf80;
 .timescale -9 -12;
v0x5e09dd4fc390_0 .var/i "g", 31 0;
    .scope S_0x5e09dd4e0a20;
T_5 ;
    %wait E_0x5e09dd44d710;
    %load/vec4 v0x5e09dd4e25c0_0;
    %flag_set/vec4 8;
    %jmp/0xz  T_5.0, 8;
    %pushi/vec4 0, 0, 3;
    %assign/vec4 v0x5e09dd4e2400_0, 0;
    %pushi/vec4 0, 0, 24;
    %assign/vec4 v0x5e09dd4e1e20_0, 0;
    %pushi/vec4 0, 0, 2;
    %assign/vec4 v0x5e09dd4e2260_0, 0;
    %pushi/vec4 0, 0, 1;
    %assign/vec4 v0x5e09dd4e2800_0, 0;
    %pushi/vec4 0, 0, 1;
    %assign/vec4 v0x5e09dd4e1ca0_0, 0;
    %pushi/vec4 0, 0, 8;
    %assign/vec4 v0x5e09dd4e20c0_0, 0;
    %pushi/vec4 0, 0, 1;
    %assign/vec4 v0x5e09dd4e28c0_0, 0;
    %pushi/vec4 0, 0, 1;
    %assign/vec4 v0x5e09dd4e2740_0, 0;
    %jmp T_5.1;
T_5.0 ;
    %load/vec4 v0x5e09dd4e2260_0;
    %parti/s 1, 0, 2;
    %load/vec4 v0x5e09dd4e21a0_0;
    %concat/vec4; draw_concat_vec4
    %assign/vec4 v0x5e09dd4e2260_0, 0;
    %pushi/vec4 0, 0, 1;
    %assign/vec4 v0x5e09dd4e28c0_0, 0;
    %pushi/vec4 0, 0, 1;
    %assign/vec4 v0x5e09dd4e2740_0, 0;
    %load/vec4 v0x5e09dd4e2400_0;
    %dup/vec4;
    %pushi/vec4 0, 0, 3;
    %cmp/u;
    %jmp/1 T_5.2, 6;
    %dup/vec4;
    %pushi/vec4 1, 0, 3;
    %cmp/u;
    %jmp/1 T_5.3, 6;
    %dup/vec4;
    %pushi/vec4 2, 0, 3;
    %cmp/u;
    %jmp/1 T_5.4, 6;
    %dup/vec4;
    %pushi/vec4 3, 0, 3;
    %cmp/u;
    %jmp/1 T_5.5, 6;
    %pushi/vec4 0, 0, 3;
    %assign/vec4 v0x5e09dd4e2400_0, 0;
    %jmp T_5.7;
T_5.2 ;
    %pushi/vec4 0, 0, 1;
    %assign/vec4 v0x5e09dd4e2800_0, 0;
    %pushi/vec4 0, 0, 1;
    %assign/vec4 v0x5e09dd4e1ca0_0, 0;
    %load/vec4 v0x5e09dd4e2680_0;
    %flag_set/vec4 8;
    %jmp/0xz  T_5.8, 8;
    %pushi/vec4 1, 0, 1;
    %assign/vec4 v0x5e09dd4e1ca0_0, 0;
    %pushi/vec4 0, 0, 24;
    %assign/vec4 v0x5e09dd4e1e20_0, 0;
    %pushi/vec4 1, 0, 1;
    %assign/vec4 v0x5e09dd4e2800_0, 0;
    %pushi/vec4 1, 0, 3;
    %assign/vec4 v0x5e09dd4e2400_0, 0;
T_5.8 ;
    %jmp T_5.7;
T_5.3 ;
    %load/vec4 v0x5e09dd4e1e20_0;
    %pad/u 64;
    %cmpi/u 9, 0, 64;
    %flag_inv 5; GE is !LT
    %jmp/0xz  T_5.10, 5;
    %pushi/vec4 0, 0, 1;
    %assign/vec4 v0x5e09dd4e2800_0, 0;
    %pushi/vec4 0, 0, 24;
    %assign/vec4 v0x5e09dd4e1e20_0, 0;
    %pushi/vec4 2, 0, 3;
    %assign/vec4 v0x5e09dd4e2400_0, 0;
    %jmp T_5.11;
T_5.10 ;
    %load/vec4 v0x5e09dd4e1e20_0;
    %addi 1, 0, 24;
    %assign/vec4 v0x5e09dd4e1e20_0, 0;
T_5.11 ;
    %jmp T_5.7;
T_5.4 ;
    %load/vec4 v0x5e09dd4e2340_0;
    %flag_set/vec4 8;
    %jmp/0xz  T_5.12, 8;
    %pushi/vec4 0, 0, 24;
    %assign/vec4 v0x5e09dd4e1e20_0, 0;
    %pushi/vec4 3, 0, 3;
    %assign/vec4 v0x5e09dd4e2400_0, 0;
    %jmp T_5.13;
T_5.12 ;
    %load/vec4 v0x5e09dd4e1e20_0;
    %pad/u 64;
    %cmpi/u 499, 0, 64;
    %flag_inv 5; GE is !LT
    %jmp/0xz  T_5.14, 5;
    %pushi/vec4 0, 0, 1;
    %assign/vec4 v0x5e09dd4e28c0_0, 0;
    %pushi/vec4 1, 0, 1;
    %assign/vec4 v0x5e09dd4e2740_0, 0;
    %pushi/vec4 0, 0, 1;
    %assign/vec4 v0x5e09dd4e1ca0_0, 0;
    %pushi/vec4 0, 0, 1;
    %assign/vec4 v0x5e09dd4e2800_0, 0;
    %pushi/vec4 0, 0, 3;
    %assign/vec4 v0x5e09dd4e2400_0, 0;
    %jmp T_5.15;
T_5.14 ;
    %load/vec4 v0x5e09dd4e1e20_0;
    %addi 1, 0, 24;
    %assign/vec4 v0x5e09dd4e1e20_0, 0;
T_5.15 ;
T_5.13 ;
    %jmp T_5.7;
T_5.5 ;
    %load/vec4 v0x5e09dd4e2340_0;
    %nor/r;
    %flag_set/vec4 8;
    %jmp/0xz  T_5.16, 8;
    %load/vec4 v0x5e09dd4e1f00_0;
    %assign/vec4 v0x5e09dd4e20c0_0, 0;
    %pushi/vec4 1, 0, 1;
    %assign/vec4 v0x5e09dd4e28c0_0, 0;
    %pushi/vec4 0, 0, 1;
    %assign/vec4 v0x5e09dd4e1ca0_0, 0;
    %pushi/vec4 0, 0, 1;
    %assign/vec4 v0x5e09dd4e2800_0, 0;
    %pushi/vec4 0, 0, 3;
    %assign/vec4 v0x5e09dd4e2400_0, 0;
    %jmp T_5.17;
T_5.16 ;
    %load/vec4 v0x5e09dd4e1e20_0;
    %pad/u 64;
    %cmpi/u 499, 0, 64;
    %flag_inv 5; GE is !LT
    %jmp/0xz  T_5.18, 5;
    %pushi/vec4 0, 0, 1;
    %assign/vec4 v0x5e09dd4e28c0_0, 0;
    %pushi/vec4 1, 0, 1;
    %assign/vec4 v0x5e09dd4e2740_0, 0;
    %pushi/vec4 0, 0, 1;
    %assign/vec4 v0x5e09dd4e1ca0_0, 0;
    %pushi/vec4 0, 0, 1;
    %assign/vec4 v0x5e09dd4e2800_0, 0;
    %pushi/vec4 0, 0, 3;
    %assign/vec4 v0x5e09dd4e2400_0, 0;
    %jmp T_5.19;
T_5.18 ;
    %load/vec4 v0x5e09dd4e1e20_0;
    %addi 1, 0, 24;
    %assign/vec4 v0x5e09dd4e1e20_0, 0;
T_5.19 ;
T_5.17 ;
    %jmp T_5.7;
T_5.7 ;
    %pop/vec4 1;
T_5.1 ;
    %jmp T_5;
    .thread T_5;
    .scope S_0x5e09dd4dfcc0;
T_6 ;
    %wait E_0x5e09dd44d710;
    %load/vec4 v0x5e09dd4e4220_0;
    %flag_set/vec4 8;
    %jmp/0xz  T_6.0, 8;
    %pushi/vec4 0, 0, 4;
    %assign/vec4 v0x5e09dd4e3fc0_0, 0;
    %pushi/vec4 0, 0, 2;
    %assign/vec4 v0x5e09dd4e42f0_0, 0;
    %pushi/vec4 0, 0, 1;
    %assign/vec4 v0x5e09dd4e43b0_0, 0;
    %pushi/vec4 0, 0, 32;
    %assign/vec4 v0x5e09dd4e4080_0, 0;
    %pushi/vec4 0, 0, 8;
    %assign/vec4 v0x5e09dd4e3b00_0, 0;
    %pushi/vec4 0, 0, 8;
    %assign/vec4 v0x5e09dd4e3960_0, 0;
    %pushi/vec4 0, 0, 8;
    %assign/vec4 v0x5e09dd4e3a20_0, 0;
    %pushi/vec4 0, 0, 1;
    %assign/vec4 v0x5e09dd4e4980_0, 0;
    %pushi/vec4 0, 0, 1;
    %assign/vec4 v0x5e09dd4e4820_0, 0;
    %pushi/vec4 0, 0, 1;
    %assign/vec4 v0x5e09dd4e48c0_0, 0;
    %pushi/vec4 0, 0, 1;
    %assign/vec4 v0x5e09dd4e36e0_0, 0;
    %jmp T_6.1;
T_6.0 ;
    %pushi/vec4 0, 0, 1;
    %assign/vec4 v0x5e09dd4e43b0_0, 0;
    %pushi/vec4 0, 0, 1;
    %assign/vec4 v0x5e09dd4e36e0_0, 0;
    %pushi/vec4 0, 0, 1;
    %assign/vec4 v0x5e09dd4e4980_0, 0;
    %pushi/vec4 0, 0, 1;
    %assign/vec4 v0x5e09dd4e4820_0, 0;
    %pushi/vec4 0, 0, 1;
    %assign/vec4 v0x5e09dd4e48c0_0, 0;
    %load/vec4 v0x5e09dd4e3fc0_0;
    %dup/vec4;
    %pushi/vec4 0, 0, 4;
    %cmp/u;
    %jmp/1 T_6.2, 6;
    %dup/vec4;
    %pushi/vec4 1, 0, 4;
    %cmp/u;
    %jmp/1 T_6.3, 6;
    %dup/vec4;
    %pushi/vec4 3, 0, 4;
    %cmp/u;
    %jmp/1 T_6.4, 6;
    %dup/vec4;
    %pushi/vec4 5, 0, 4;
    %cmp/u;
    %jmp/1 T_6.5, 6;
    %dup/vec4;
    %pushi/vec4 2, 0, 4;
    %cmp/u;
    %jmp/1 T_6.6, 6;
    %dup/vec4;
    %pushi/vec4 4, 0, 4;
    %cmp/u;
    %jmp/1 T_6.7, 6;
    %dup/vec4;
    %pushi/vec4 6, 0, 4;
    %cmp/u;
    %jmp/1 T_6.8, 6;
    %dup/vec4;
    %pushi/vec4 7, 0, 4;
    %cmp/u;
    %jmp/1 T_6.9, 6;
    %pushi/vec4 0, 0, 4;
    %assign/vec4 v0x5e09dd4e3fc0_0, 0;
    %jmp T_6.11;
T_6.2 ;
    %load/vec4 v0x5e09dd4e4160_0;
    %flag_set/vec4 8;
    %jmp/0xz  T_6.12, 8;
    %pushi/vec4 0, 0, 2;
    %assign/vec4 v0x5e09dd4e42f0_0, 0;
    %pushi/vec4 1, 0, 1;
    %assign/vec4 v0x5e09dd4e43b0_0, 0;
    %pushi/vec4 1, 0, 4;
    %assign/vec4 v0x5e09dd4e3fc0_0, 0;
T_6.12 ;
    %jmp T_6.11;
T_6.3 ;
    %load/vec4 v0x5e09dd4e4a40_0;
    %flag_set/vec4 8;
    %load/vec4 v0x5e09dd4e4480_0;
    %flag_set/vec4 9;
    %flag_or 9, 8;
    %jmp/0xz  T_6.14, 9;
    %load/vec4 v0x5e09dd4e4a40_0;
    %flag_set/vec4 8;
    %jmp/0xz  T_6.16, 8;
    %load/vec4 v0x5e09dd4e42f0_0;
    %cmpi/e 0, 0, 2;
    %jmp/0xz  T_6.18, 4;
    %load/vec4 v0x5e09dd4e3be0_0;
    %assign/vec4 v0x5e09dd4e3b00_0, 0;
    %pushi/vec4 1, 0, 1;
    %assign/vec4 v0x5e09dd4e4980_0, 0;
    %jmp T_6.19;
T_6.18 ;
    %load/vec4 v0x5e09dd4e42f0_0;
    %cmpi/e 1, 0, 2;
    %jmp/0xz  T_6.20, 4;
    %load/vec4 v0x5e09dd4e3be0_0;
    %assign/vec4 v0x5e09dd4e3960_0, 0;
    %pushi/vec4 1, 0, 1;
    %assign/vec4 v0x5e09dd4e4820_0, 0;
    %jmp T_6.21;
T_6.20 ;
    %load/vec4 v0x5e09dd4e3be0_0;
    %assign/vec4 v0x5e09dd4e3a20_0, 0;
    %pushi/vec4 1, 0, 1;
    %assign/vec4 v0x5e09dd4e48c0_0, 0;
T_6.21 ;
T_6.19 ;
T_6.16 ;
    %load/vec4 v0x5e09dd4e42f0_0;
    %cmpi/e 2, 0, 2;
    %jmp/0xz  T_6.22, 4;
    %pushi/vec4 1, 0, 1;
    %assign/vec4 v0x5e09dd4e36e0_0, 0;
    %pushi/vec4 6, 0, 4;
    %assign/vec4 v0x5e09dd4e3fc0_0, 0;
    %jmp T_6.23;
T_6.22 ;
    %pushi/vec4 0, 0, 32;
    %assign/vec4 v0x5e09dd4e4080_0, 0;
    %load/vec4 v0x5e09dd4e42f0_0;
    %cmpi/e 0, 0, 2;
    %flag_mov 8, 4;
    %jmp/0 T_6.24, 8;
    %pushi/vec4 2, 0, 4;
    %jmp/1 T_6.25, 8;
T_6.24 ; End of true expr.
    %pushi/vec4 4, 0, 4;
    %jmp/0 T_6.25, 8;
 ; End of false expr.
    %blend;
T_6.25;
    %assign/vec4 v0x5e09dd4e3fc0_0, 0;
T_6.23 ;
T_6.14 ;
    %jmp T_6.11;
T_6.4 ;
    %load/vec4 v0x5e09dd4e4a40_0;
    %flag_set/vec4 8;
    %load/vec4 v0x5e09dd4e4480_0;
    %flag_set/vec4 9;
    %flag_or 9, 8;
    %jmp/0xz  T_6.26, 9;
    %load/vec4 v0x5e09dd4e4a40_0;
    %flag_set/vec4 8;
    %jmp/0xz  T_6.28, 8;
    %load/vec4 v0x5e09dd4e42f0_0;
    %cmpi/e 0, 0, 2;
    %jmp/0xz  T_6.30, 4;
    %load/vec4 v0x5e09dd4e3be0_0;
    %assign/vec4 v0x5e09dd4e3b00_0, 0;
    %pushi/vec4 1, 0, 1;
    %assign/vec4 v0x5e09dd4e4980_0, 0;
    %jmp T_6.31;
T_6.30 ;
    %load/vec4 v0x5e09dd4e42f0_0;
    %cmpi/e 1, 0, 2;
    %jmp/0xz  T_6.32, 4;
    %load/vec4 v0x5e09dd4e3be0_0;
    %assign/vec4 v0x5e09dd4e3960_0, 0;
    %pushi/vec4 1, 0, 1;
    %assign/vec4 v0x5e09dd4e4820_0, 0;
    %jmp T_6.33;
T_6.32 ;
    %load/vec4 v0x5e09dd4e3be0_0;
    %assign/vec4 v0x5e09dd4e3a20_0, 0;
    %pushi/vec4 1, 0, 1;
    %assign/vec4 v0x5e09dd4e48c0_0, 0;
T_6.33 ;
T_6.31 ;
T_6.28 ;
    %load/vec4 v0x5e09dd4e42f0_0;
    %cmpi/e 2, 0, 2;
    %jmp/0xz  T_6.34, 4;
    %pushi/vec4 1, 0, 1;
    %assign/vec4 v0x5e09dd4e36e0_0, 0;
    %pushi/vec4 6, 0, 4;
    %assign/vec4 v0x5e09dd4e3fc0_0, 0;
    %jmp T_6.35;
T_6.34 ;
    %pushi/vec4 0, 0, 32;
    %assign/vec4 v0x5e09dd4e4080_0, 0;
    %load/vec4 v0x5e09dd4e42f0_0;
    %cmpi/e 0, 0, 2;
    %flag_mov 8, 4;
    %jmp/0 T_6.36, 8;
    %pushi/vec4 2, 0, 4;
    %jmp/1 T_6.37, 8;
T_6.36 ; End of true expr.
    %pushi/vec4 4, 0, 4;
    %jmp/0 T_6.37, 8;
 ; End of false expr.
    %blend;
T_6.37;
    %assign/vec4 v0x5e09dd4e3fc0_0, 0;
T_6.35 ;
T_6.26 ;
    %jmp T_6.11;
T_6.5 ;
    %load/vec4 v0x5e09dd4e4a40_0;
    %flag_set/vec4 8;
    %load/vec4 v0x5e09dd4e4480_0;
    %flag_set/vec4 9;
    %flag_or 9, 8;
    %jmp/0xz  T_6.38, 9;
    %load/vec4 v0x5e09dd4e4a40_0;
    %flag_set/vec4 8;
    %jmp/0xz  T_6.40, 8;
    %load/vec4 v0x5e09dd4e42f0_0;
    %cmpi/e 0, 0, 2;
    %jmp/0xz  T_6.42, 4;
    %load/vec4 v0x5e09dd4e3be0_0;
    %assign/vec4 v0x5e09dd4e3b00_0, 0;
    %pushi/vec4 1, 0, 1;
    %assign/vec4 v0x5e09dd4e4980_0, 0;
    %jmp T_6.43;
T_6.42 ;
    %load/vec4 v0x5e09dd4e42f0_0;
    %cmpi/e 1, 0, 2;
    %jmp/0xz  T_6.44, 4;
    %load/vec4 v0x5e09dd4e3be0_0;
    %assign/vec4 v0x5e09dd4e3960_0, 0;
    %pushi/vec4 1, 0, 1;
    %assign/vec4 v0x5e09dd4e4820_0, 0;
    %jmp T_6.45;
T_6.44 ;
    %load/vec4 v0x5e09dd4e3be0_0;
    %assign/vec4 v0x5e09dd4e3a20_0, 0;
    %pushi/vec4 1, 0, 1;
    %assign/vec4 v0x5e09dd4e48c0_0, 0;
T_6.45 ;
T_6.43 ;
T_6.40 ;
    %load/vec4 v0x5e09dd4e42f0_0;
    %cmpi/e 2, 0, 2;
    %jmp/0xz  T_6.46, 4;
    %pushi/vec4 1, 0, 1;
    %assign/vec4 v0x5e09dd4e36e0_0, 0;
    %pushi/vec4 6, 0, 4;
    %assign/vec4 v0x5e09dd4e3fc0_0, 0;
    %jmp T_6.47;
T_6.46 ;
    %pushi/vec4 0, 0, 32;
    %assign/vec4 v0x5e09dd4e4080_0, 0;
    %load/vec4 v0x5e09dd4e42f0_0;
    %cmpi/e 0, 0, 2;
    %flag_mov 8, 4;
    %jmp/0 T_6.48, 8;
    %pushi/vec4 2, 0, 4;
    %jmp/1 T_6.49, 8;
T_6.48 ; End of true expr.
    %pushi/vec4 4, 0, 4;
    %jmp/0 T_6.49, 8;
 ; End of false expr.
    %blend;
T_6.49;
    %assign/vec4 v0x5e09dd4e3fc0_0, 0;
T_6.47 ;
T_6.38 ;
    %jmp T_6.11;
T_6.6 ;
    %load/vec4 v0x5e09dd4e4080_0;
    %pad/u 64;
    %cmpi/u 99, 0, 64;
    %flag_inv 5; GE is !LT
    %jmp/0xz  T_6.50, 5;
    %load/vec4 v0x5e09dd4e42f0_0;
    %addi 1, 0, 2;
    %assign/vec4 v0x5e09dd4e42f0_0, 0;
    %pushi/vec4 1, 0, 1;
    %assign/vec4 v0x5e09dd4e43b0_0, 0;
    %load/vec4 v0x5e09dd4e3fc0_0;
    %cmpi/e 2, 0, 4;
    %flag_mov 8, 4;
    %jmp/0 T_6.52, 8;
    %pushi/vec4 3, 0, 4;
    %jmp/1 T_6.53, 8;
T_6.52 ; End of true expr.
    %pushi/vec4 5, 0, 4;
    %jmp/0 T_6.53, 8;
 ; End of false expr.
    %blend;
T_6.53;
    %assign/vec4 v0x5e09dd4e3fc0_0, 0;
    %jmp T_6.51;
T_6.50 ;
    %load/vec4 v0x5e09dd4e4080_0;
    %addi 1, 0, 32;
    %assign/vec4 v0x5e09dd4e4080_0, 0;
T_6.51 ;
    %jmp T_6.11;
T_6.7 ;
    %load/vec4 v0x5e09dd4e4080_0;
    %pad/u 64;
    %cmpi/u 99, 0, 64;
    %flag_inv 5; GE is !LT
    %jmp/0xz  T_6.54, 5;
    %load/vec4 v0x5e09dd4e42f0_0;
    %addi 1, 0, 2;
    %assign/vec4 v0x5e09dd4e42f0_0, 0;
    %pushi/vec4 1, 0, 1;
    %assign/vec4 v0x5e09dd4e43b0_0, 0;
    %load/vec4 v0x5e09dd4e3fc0_0;
    %cmpi/e 2, 0, 4;
    %flag_mov 8, 4;
    %jmp/0 T_6.56, 8;
    %pushi/vec4 3, 0, 4;
    %jmp/1 T_6.57, 8;
T_6.56 ; End of true expr.
    %pushi/vec4 5, 0, 4;
    %jmp/0 T_6.57, 8;
 ; End of false expr.
    %blend;
T_6.57;
    %assign/vec4 v0x5e09dd4e3fc0_0, 0;
    %jmp T_6.55;
T_6.54 ;
    %load/vec4 v0x5e09dd4e4080_0;
    %addi 1, 0, 32;
    %assign/vec4 v0x5e09dd4e4080_0, 0;
T_6.55 ;
    %jmp T_6.11;
T_6.8 ;
    %pushi/vec4 0, 0, 32;
    %assign/vec4 v0x5e09dd4e4080_0, 0;
    %pushi/vec4 7, 0, 4;
    %assign/vec4 v0x5e09dd4e3fc0_0, 0;
    %jmp T_6.11;
T_6.9 ;
    %load/vec4 v0x5e09dd4e4080_0;
    %pad/u 64;
    %cmpi/u 99, 0, 64;
    %flag_inv 5; GE is !LT
    %jmp/0xz  T_6.58, 5;
    %load/vec4 v0x5e09dd4e4160_0;
    %flag_set/vec4 8;
    %jmp/0xz  T_6.60, 8;
    %pushi/vec4 0, 0, 2;
    %assign/vec4 v0x5e09dd4e42f0_0, 0;
    %pushi/vec4 1, 0, 1;
    %assign/vec4 v0x5e09dd4e43b0_0, 0;
    %pushi/vec4 1, 0, 4;
    %assign/vec4 v0x5e09dd4e3fc0_0, 0;
    %jmp T_6.61;
T_6.60 ;
    %pushi/vec4 0, 0, 4;
    %assign/vec4 v0x5e09dd4e3fc0_0, 0;
T_6.61 ;
    %jmp T_6.59;
T_6.58 ;
    %load/vec4 v0x5e09dd4e4080_0;
    %addi 1, 0, 32;
    %assign/vec4 v0x5e09dd4e4080_0, 0;
T_6.59 ;
    %jmp T_6.11;
T_6.11 ;
    %pop/vec4 1;
T_6.1 ;
    %jmp T_6;
    .thread T_6;
    .scope S_0x5e09dd4f7f30;
T_7 ;
    %wait E_0x5e09dd44d710;
    %load/vec4 v0x5e09dd4f9570_0;
    %pad/u 6;
    %ix/vec4 4;
    %load/vec4a v0x5e09dd4f91e0, 4;
    %assign/vec4 v0x5e09dd4f92a0_0, 0;
    %load/vec4 v0x5e09dd4f8ca0_0;
    %flag_set/vec4 8;
    %jmp/0xz  T_7.0, 8;
    %load/vec4 v0x5e09dd4f90f0_0;
    %load/vec4 v0x5e09dd4f9490_0;
    %pad/u 6;
    %ix/vec4 3;
    %ix/load 4, 0, 0; Constant delay
    %assign/vec4/a/d v0x5e09dd4f91e0, 0, 4;
T_7.0 ;
    %jmp T_7;
    .thread T_7;
    .scope S_0x5e09dd4f7f30;
T_8 ;
    %wait E_0x5e09dd44d710;
    %load/vec4 v0x5e09dd4f9650_0;
    %flag_set/vec4 8;
    %jmp/0xz  T_8.0, 8;
    %pushi/vec4 0, 0, 4;
    %assign/vec4 v0x5e09dd4f9490_0, 0;
    %pushi/vec4 0, 0, 5;
    %assign/vec4 v0x5e09dd4f8e70_0, 0;
    %pushi/vec4 0, 0, 8;
    %assign/vec4 v0x5e09dd4f9010_0, 0;
    %pushi/vec4 0, 0, 8;
    %assign/vec4 v0x5e09dd4f96f0_0, 0;
    %jmp T_8.1;
T_8.0 ;
    %load/vec4 v0x5e09dd4f8ca0_0;
    %flag_set/vec4 8;
    %jmp/0xz  T_8.2, 8;
    %load/vec4 v0x5e09dd4f90f0_0;
    %assign/vec4 v0x5e09dd4f9010_0, 0;
    %load/vec4 v0x5e09dd4f8e70_0;
    %pad/u 32;
    %cmpi/u 3, 0, 32;
    %flag_inv 5; GE is !LT
    %jmp/0xz  T_8.4, 5;
    %load/vec4 v0x5e09dd4f8f30_0;
    %cmpi/s 127, 0, 9;
    %flag_or 5, 4; GT is !LE
    %flag_inv 5;
    %jmp/0xz  T_8.6, 5;
    %pushi/vec4 127, 0, 8;
    %assign/vec4 v0x5e09dd4f96f0_0, 0;
    %jmp T_8.7;
T_8.6 ;
    %load/vec4 v0x5e09dd4f8f30_0;
    %cmpi/s 384, 0, 9;
    %jmp/0xz  T_8.8, 5;
    %pushi/vec4 128, 0, 8;
    %assign/vec4 v0x5e09dd4f96f0_0, 0;
    %jmp T_8.9;
T_8.8 ;
    %load/vec4 v0x5e09dd4f8f30_0;
    %parti/s 8, 0, 2;
    %assign/vec4 v0x5e09dd4f96f0_0, 0;
T_8.9 ;
T_8.7 ;
    %jmp T_8.5;
T_8.4 ;
    %pushi/vec4 0, 0, 8;
    %assign/vec4 v0x5e09dd4f96f0_0, 0;
T_8.5 ;
    %load/vec4 v0x5e09dd4f9490_0;
    %cmpi/e 15, 0, 4;
    %jmp/0xz  T_8.10, 4;
    %pushi/vec4 0, 0, 4;
    %assign/vec4 v0x5e09dd4f9490_0, 0;
    %jmp T_8.11;
T_8.10 ;
    %load/vec4 v0x5e09dd4f9490_0;
    %addi 1, 0, 4;
    %assign/vec4 v0x5e09dd4f9490_0, 0;
T_8.11 ;
    %load/vec4 v0x5e09dd4f8e70_0;
    %pad/u 32;
    %cmpi/u 16, 0, 32;
    %jmp/0xz  T_8.12, 5;
    %load/vec4 v0x5e09dd4f8e70_0;
    %addi 1, 0, 5;
    %assign/vec4 v0x5e09dd4f8e70_0, 0;
T_8.12 ;
T_8.2 ;
T_8.1 ;
    %jmp T_8;
    .thread T_8;
    .scope S_0x5e09dd4e4d10;
T_9 ;
    %wait E_0x5e09dd44d710;
    %load/vec4 v0x5e09dd4f62c0_0;
    %pad/u 6;
    %ix/vec4 4;
    %load/vec4a v0x5e09dd4e5df0, 4;
    %assign/vec4 v0x5e09dd4f5ff0_0, 0;
    %load/vec4 v0x5e09dd4e5970_0;
    %flag_set/vec4 8;
    %jmp/0xz  T_9.0, 8;
    %load/vec4 v0x5e09dd4e5d30_0;
    %load/vec4 v0x5e09dd4f61e0_0;
    %pad/u 6;
    %ix/vec4 3;
    %ix/load 4, 0, 0; Constant delay
    %assign/vec4/a/d v0x5e09dd4e5df0, 0, 4;
T_9.0 ;
    %jmp T_9;
    .thread T_9;
    .scope S_0x5e09dd4e4d10;
T_10 ;
    %wait E_0x5e09dd44d710;
    %load/vec4 v0x5e09dd4f63a0_0;
    %flag_set/vec4 8;
    %jmp/0xz  T_10.0, 8;
    %pushi/vec4 0, 0, 4;
    %assign/vec4 v0x5e09dd4f61e0_0, 0;
    %pushi/vec4 0, 0, 5;
    %assign/vec4 v0x5e09dd4e5ab0_0, 0;
    %pushi/vec4 0, 0, 8;
    %assign/vec4 v0x5e09dd4e5c50_0, 0;
    %pushi/vec4 0, 0, 8;
    %assign/vec4 v0x5e09dd4f6490_0, 0;
    %jmp T_10.1;
T_10.0 ;
    %load/vec4 v0x5e09dd4e5970_0;
    %flag_set/vec4 8;
    %jmp/0xz  T_10.2, 8;
    %load/vec4 v0x5e09dd4e5d30_0;
    %assign/vec4 v0x5e09dd4e5c50_0, 0;
    %load/vec4 v0x5e09dd4e5ab0_0;
    %pad/u 32;
    %cmpi/u 3, 0, 32;
    %flag_inv 5; GE is !LT
    %jmp/0xz  T_10.4, 5;
    %load/vec4 v0x5e09dd4e5b70_0;
    %cmpi/s 127, 0, 9;
    %flag_or 5, 4; GT is !LE
    %flag_inv 5;
    %jmp/0xz  T_10.6, 5;
    %pushi/vec4 127, 0, 8;
    %assign/vec4 v0x5e09dd4f6490_0, 0;
    %jmp T_10.7;
T_10.6 ;
    %load/vec4 v0x5e09dd4e5b70_0;
    %cmpi/s 384, 0, 9;
    %jmp/0xz  T_10.8, 5;
    %pushi/vec4 128, 0, 8;
    %assign/vec4 v0x5e09dd4f6490_0, 0;
    %jmp T_10.9;
T_10.8 ;
    %load/vec4 v0x5e09dd4e5b70_0;
    %parti/s 8, 0, 2;
    %assign/vec4 v0x5e09dd4f6490_0, 0;
T_10.9 ;
T_10.7 ;
    %jmp T_10.5;
T_10.4 ;
    %pushi/vec4 0, 0, 8;
    %assign/vec4 v0x5e09dd4f6490_0, 0;
T_10.5 ;
    %load/vec4 v0x5e09dd4f61e0_0;
    %cmpi/e 15, 0, 4;
    %jmp/0xz  T_10.10, 4;
    %pushi/vec4 0, 0, 4;
    %assign/vec4 v0x5e09dd4f61e0_0, 0;
    %jmp T_10.11;
T_10.10 ;
    %load/vec4 v0x5e09dd4f61e0_0;
    %addi 1, 0, 4;
    %assign/vec4 v0x5e09dd4f61e0_0, 0;
T_10.11 ;
    %load/vec4 v0x5e09dd4e5ab0_0;
    %pad/u 32;
    %cmpi/u 16, 0, 32;
    %jmp/0xz  T_10.12, 5;
    %load/vec4 v0x5e09dd4e5ab0_0;
    %addi 1, 0, 5;
    %assign/vec4 v0x5e09dd4e5ab0_0, 0;
T_10.12 ;
T_10.2 ;
T_10.1 ;
    %jmp T_10;
    .thread T_10;
    .scope S_0x5e09dd4f6630;
T_11 ;
    %wait E_0x5e09dd44d710;
    %load/vec4 v0x5e09dd4f7c10_0;
    %pad/u 6;
    %ix/vec4 4;
    %load/vec4a v0x5e09dd4f7880, 4;
    %assign/vec4 v0x5e09dd4f7940_0, 0;
    %load/vec4 v0x5e09dd4f73d0_0;
    %flag_set/vec4 8;
    %jmp/0xz  T_11.0, 8;
    %load/vec4 v0x5e09dd4f7790_0;
    %load/vec4 v0x5e09dd4f7b30_0;
    %pad/u 6;
    %ix/vec4 3;
    %ix/load 4, 0, 0; Constant delay
    %assign/vec4/a/d v0x5e09dd4f7880, 0, 4;
T_11.0 ;
    %jmp T_11;
    .thread T_11;
    .scope S_0x5e09dd4f6630;
T_12 ;
    %wait E_0x5e09dd44d710;
    %load/vec4 v0x5e09dd4f7cf0_0;
    %flag_set/vec4 8;
    %jmp/0xz  T_12.0, 8;
    %pushi/vec4 0, 0, 4;
    %assign/vec4 v0x5e09dd4f7b30_0, 0;
    %pushi/vec4 0, 0, 5;
    %assign/vec4 v0x5e09dd4f7510_0, 0;
    %pushi/vec4 0, 0, 8;
    %assign/vec4 v0x5e09dd4f76b0_0, 0;
    %pushi/vec4 0, 0, 8;
    %assign/vec4 v0x5e09dd4f7d90_0, 0;
    %jmp T_12.1;
T_12.0 ;
    %load/vec4 v0x5e09dd4f73d0_0;
    %flag_set/vec4 8;
    %jmp/0xz  T_12.2, 8;
    %load/vec4 v0x5e09dd4f7790_0;
    %assign/vec4 v0x5e09dd4f76b0_0, 0;
    %load/vec4 v0x5e09dd4f7510_0;
    %pad/u 32;
    %cmpi/u 3, 0, 32;
    %flag_inv 5; GE is !LT
    %jmp/0xz  T_12.4, 5;
    %load/vec4 v0x5e09dd4f75d0_0;
    %cmpi/s 127, 0, 9;
    %flag_or 5, 4; GT is !LE
    %flag_inv 5;
    %jmp/0xz  T_12.6, 5;
    %pushi/vec4 127, 0, 8;
    %assign/vec4 v0x5e09dd4f7d90_0, 0;
    %jmp T_12.7;
T_12.6 ;
    %load/vec4 v0x5e09dd4f75d0_0;
    %cmpi/s 384, 0, 9;
    %jmp/0xz  T_12.8, 5;
    %pushi/vec4 128, 0, 8;
    %assign/vec4 v0x5e09dd4f7d90_0, 0;
    %jmp T_12.9;
T_12.8 ;
    %load/vec4 v0x5e09dd4f75d0_0;
    %parti/s 8, 0, 2;
    %assign/vec4 v0x5e09dd4f7d90_0, 0;
T_12.9 ;
T_12.7 ;
    %jmp T_12.5;
T_12.4 ;
    %pushi/vec4 0, 0, 8;
    %assign/vec4 v0x5e09dd4f7d90_0, 0;
T_12.5 ;
    %load/vec4 v0x5e09dd4f7b30_0;
    %cmpi/e 15, 0, 4;
    %jmp/0xz  T_12.10, 4;
    %pushi/vec4 0, 0, 4;
    %assign/vec4 v0x5e09dd4f7b30_0, 0;
    %jmp T_12.11;
T_12.10 ;
    %load/vec4 v0x5e09dd4f7b30_0;
    %addi 1, 0, 4;
    %assign/vec4 v0x5e09dd4f7b30_0, 0;
T_12.11 ;
    %load/vec4 v0x5e09dd4f7510_0;
    %pad/u 32;
    %cmpi/u 16, 0, 32;
    %jmp/0xz  T_12.12, 5;
    %load/vec4 v0x5e09dd4f7510_0;
    %addi 1, 0, 5;
    %assign/vec4 v0x5e09dd4f7510_0, 0;
T_12.12 ;
T_12.2 ;
T_12.1 ;
    %jmp T_12;
    .thread T_12;
    .scope S_0x5e09dd4adf80;
T_13 ;
    %pushi/vec4 0, 0, 1;
    %store/vec4 v0x5e09dd4fc5a0_0, 0, 1;
    %end;
    .thread T_13;
    .scope S_0x5e09dd4adf80;
T_14 ;
    %delay 5000, 0;
    %load/vec4 v0x5e09dd4fc5a0_0;
    %inv;
    %store/vec4 v0x5e09dd4fc5a0_0, 0, 1;
    %jmp T_14;
    .thread T_14;
    .scope S_0x5e09dd4adf80;
T_15 ;
    %vpi_call 2 130 "$dumpfile", "tb/road_sensores_tb.vcd" {0 0 0};
    %vpi_call 2 131 "$dumpvars", 32'sb00000000000000000000000000000000, S_0x5e09dd4adf80 {0 0 0};
    %pushi/vec4 0, 0, 32;
    %store/vec4 v0x5e09dd4fcb80_0, 0, 32;
    %pushi/vec4 1, 0, 1;
    %store/vec4 v0x5e09dd4fce10_0, 0, 1;
    %pushi/vec4 0, 0, 1;
    %store/vec4 v0x5e09dd4fcd20_0, 0, 1;
    %pushi/vec4 0, 0, 1;
    %store/vec4 v0x5e09dd4fca90_0, 0, 1;
    %pushi/vec4 0, 0, 1;
    %store/vec4 v0x5e09dd4fc8b0_0, 0, 1;
    %pushi/vec4 0, 0, 1;
    %store/vec4 v0x5e09dd4fc9a0_0, 0, 1;
    %pushi/vec4 5, 0, 32;
    %store/vec4 v0x5e09dd4fb660_0, 0, 32;
    %fork TD_road_sensores_tb.wait_clk, S_0x5e09dd4fb380;
    %join;
    %pushi/vec4 0, 0, 1;
    %store/vec4 v0x5e09dd4fce10_0, 0, 1;
    %pushi/vec4 2, 0, 32;
    %store/vec4 v0x5e09dd4fb660_0, 0, 32;
    %fork TD_road_sensores_tb.wait_clk, S_0x5e09dd4fb380;
    %join;
    %pushi/vec4 1, 0, 1;
    %store/vec4 v0x5e09dd4fcd20_0, 0, 1;
    %load/vec4 v0x5e09dd4fd090_0;
    %store/vec4 v0x5e09dd4fba70_0, 0, 1;
    %fork TD_road_sensores_tb.wait_trig_fall, S_0x5e09dd4fb740;
    %join;
    %pushi/vec4 3, 0, 32;
    %store/vec4 v0x5e09dd4fb660_0, 0, 32;
    %fork TD_road_sensores_tb.wait_clk, S_0x5e09dd4fb380;
    %join;
    %pushi/vec4 290, 0, 32;
    %store/vec4 v0x5e09dd4fb1c0_0, 0, 32;
    %fork TD_road_sensores_tb.pulse_echo_e, S_0x5e09dd4fafb0;
    %join;
    %pushi/vec4 0, 0, 32;
    %store/vec4 v0x5e09dd4fd740_0, 0, 32;
    %fork TD_road_sensores_tb.wait_valid_e, S_0x5e09dd4fbb30;
    %join;
    %load/vec4 v0x5e09dd4fbe10_0;
    %pad/u 32;
    %store/vec4 v0x5e09dd4fd740_0, 0, 32;
    %load/vec4 v0x5e09dd4fd740_0;
    %pushi/vec4 1, 0, 32;
    %cmp/e;
    %flag_get/vec4 6;
    %store/vec4 v0x5e09dd4b91b0_0, 0, 1;
    %pushi/vec4 0, 0, 32; draw_string_vec4
    %pushi/vec4 0, 0, 32; draw_string_vec4
    %concat/vec4; draw_string_vec4
    %pushi/vec4 3219574, 0, 32; draw_string_vec4
    %concat/vec4; draw_string_vec4
    %pushi/vec4 1634494820, 0, 32; draw_string_vec4
    %concat/vec4; draw_string_vec4
    %pushi/vec4 1600462945, 0, 32; draw_string_vec4
    %concat/vec4; draw_string_vec4
    %pushi/vec4 1886352160, 0, 32; draw_string_vec4
    %concat/vec4; draw_string_vec4
    %pushi/vec4 1701015328, 0, 32; draw_string_vec4
    %concat/vec4; draw_string_vec4
    %pushi/vec4 892363629, 0, 32; draw_string_vec4
    %concat/vec4; draw_string_vec4
    %store/vec4 v0x5e09dd4bb210_0, 0, 256;
    %fork TD_road_sensores_tb.check, S_0x5e09dd4b86a0;
    %join;
    %pushi/vec4 47, 0, 8;
    %load/vec4 v0x5e09dd4fc7a0_0;
    %cmp/u;
    %flag_get/vec4 4;
    %flag_get/vec4 5;
    %or;
    %load/vec4 v0x5e09dd4fc7a0_0;
    %cmpi/u 53, 0, 8;
    %flag_get/vec4 4;
    %flag_get/vec4 5;
    %or;
    %and;
    %store/vec4 v0x5e09dd4b91b0_0, 0, 1;
    %pushi/vec4 0, 0, 32; draw_string_vec4
    %pushi/vec4 0, 0, 32; draw_string_vec4
    %concat/vec4; draw_string_vec4
    %pushi/vec4 0, 0, 32; draw_string_vec4
    %concat/vec4; draw_string_vec4
    %pushi/vec4 0, 0, 32; draw_string_vec4
    %concat/vec4; draw_string_vec4
    %pushi/vec4 12576, 0, 32; draw_string_vec4
    %concat/vec4; draw_string_vec4
    %pushi/vec4 1684632436, 0, 32; draw_string_vec4
    %concat/vec4; draw_string_vec4
    %pushi/vec4 1600462974, 0, 32; draw_string_vec4
    %concat/vec4; draw_string_vec4
    %pushi/vec4 892363629, 0, 32; draw_string_vec4
    %concat/vec4; draw_string_vec4
    %store/vec4 v0x5e09dd4bb210_0, 0, 256;
    %fork TD_road_sensores_tb.check, S_0x5e09dd4b86a0;
    %join;
    %load/vec4 v0x5e09dd4fceb0_0;
    %store/vec4 v0x5e09dd4fba70_0, 0, 1;
    %fork TD_road_sensores_tb.wait_trig_fall, S_0x5e09dd4fb740;
    %join;
    %pushi/vec4 0, 0, 32;
    %store/vec4 v0x5e09dd4fd740_0, 0, 32;
    %fork t_1, S_0x5e09dd4fbed0;
    %jmp t_0;
    .scope S_0x5e09dd4fbed0;
t_1 ;
    %pushi/vec4 0, 0, 32;
    %store/vec4 v0x5e09dd4fc0b0_0, 0, 32;
T_15.0 ;
    %load/vec4 v0x5e09dd4fc0b0_0;
    %cmpi/s 200000, 0, 32;
    %flag_get/vec4 5;
    %load/vec4 v0x5e09dd4fcc60_0;
    %pushi/vec4 4, 0, 4;
    %cmp/ne;
    %flag_get/vec4 4;
    %and;
    %load/vec4 v0x5e09dd4fc490_0;
    %nor/r;
    %and;
    %flag_set/vec4 8;
    %jmp/0xz T_15.1, 8;
    %wait E_0x5e09dd44d710;
    %load/vec4 v0x5e09dd4fc0b0_0;
    %addi 1, 0, 32;
    %store/vec4 v0x5e09dd4fc0b0_0, 0, 32;
    %load/vec4 v0x5e09dd4fd180_0;
    %flag_set/vec4 8;
    %jmp/0xz  T_15.2, 8;
    %pushi/vec4 1, 0, 32;
    %store/vec4 v0x5e09dd4fd740_0, 0, 32;
T_15.2 ;
    %jmp T_15.0;
T_15.1 ;
    %end;
    .scope S_0x5e09dd4adf80;
t_0 %join;
    %load/vec4 v0x5e09dd4fd740_0;
    %pushi/vec4 0, 0, 32;
    %cmp/e;
    %flag_get/vec4 6;
    %store/vec4 v0x5e09dd4b91b0_0, 0, 1;
    %pushi/vec4 3285110, 0, 32; draw_string_vec4
    %pushi/vec4 1634494820, 0, 32; draw_string_vec4
    %concat/vec4; draw_string_vec4
    %pushi/vec4 1600331891, 0, 32; draw_string_vec4
    %concat/vec4; draw_string_vec4
    %pushi/vec4 1768711534, 0, 32; draw_string_vec4
    %concat/vec4; draw_string_vec4
    %pushi/vec4 1667854195, 0, 32; draw_string_vec4
    %concat/vec4; draw_string_vec4
    %pushi/vec4 1864396399, 0, 32; draw_string_vec4
    %concat/vec4; draw_string_vec4
    %pushi/vec4 544500077, 0, 32; draw_string_vec4
    %concat/vec4; draw_string_vec4
    %pushi/vec4 1701803380, 0, 32; draw_string_vec4
    %concat/vec4; draw_string_vec4
    %store/vec4 v0x5e09dd4bb210_0, 0, 256;
    %fork TD_road_sensores_tb.check, S_0x5e09dd4b86a0;
    %join;
    %load/vec4 v0x5e09dd4fc660_0;
    %pushi/vec4 0, 0, 8;
    %cmp/e;
    %flag_get/vec4 6;
    %store/vec4 v0x5e09dd4b91b0_0, 0, 1;
    %pushi/vec4 0, 0, 32; draw_string_vec4
    %pushi/vec4 12832, 0, 32; draw_string_vec4
    %concat/vec4; draw_string_vec4
    %pushi/vec4 1684632436, 0, 32; draw_string_vec4
    %concat/vec4; draw_string_vec4
    %pushi/vec4 1600331885, 0, 32; draw_string_vec4
    %concat/vec4; draw_string_vec4
    %pushi/vec4 1634628709, 0, 32; draw_string_vec4
    %concat/vec4; draw_string_vec4
    %pushi/vec4 1830843756, 0, 32; draw_string_vec4
    %concat/vec4; draw_string_vec4
    %pushi/vec4 1953066351, 0, 32; draw_string_vec4
    %concat/vec4; draw_string_vec4
    %pushi/vec4 539504681, 0, 32; draw_string_vec4
    %concat/vec4; draw_string_vec4
    %store/vec4 v0x5e09dd4bb210_0, 0, 256;
    %fork TD_road_sensores_tb.check, S_0x5e09dd4b86a0;
    %join;
    %load/vec4 v0x5e09dd4fd470_0;
    %pushi/vec4 0, 0, 8;
    %cmp/e;
    %flag_get/vec4 6;
    %store/vec4 v0x5e09dd4b91b0_0, 0, 1;
    %pushi/vec4 0, 0, 32; draw_string_vec4
    %pushi/vec4 0, 0, 32; draw_string_vec4
    %concat/vec4; draw_string_vec4
    %pushi/vec4 0, 0, 32; draw_string_vec4
    %concat/vec4; draw_string_vec4
    %pushi/vec4 840988261, 0, 32; draw_string_vec4
    %concat/vec4; draw_string_vec4
    %pushi/vec4 1818190624, 0, 32; draw_string_vec4
    %concat/vec4; draw_string_vec4
    %pushi/vec4 1851879200, 0, 32; draw_string_vec4
    %concat/vec4; draw_string_vec4
    %pushi/vec4 1668248178, 0, 32; draw_string_vec4
    %concat/vec4; draw_string_vec4
    %pushi/vec4 1869443173, 0, 32; draw_string_vec4
    %concat/vec4; draw_string_vec4
    %store/vec4 v0x5e09dd4bb210_0, 0, 256;
    %fork TD_road_sensores_tb.check, S_0x5e09dd4b86a0;
    %join;
    %load/vec4 v0x5e09dd4fcfa0_0;
    %store/vec4 v0x5e09dd4fba70_0, 0, 1;
    %fork TD_road_sensores_tb.wait_trig_fall, S_0x5e09dd4fb740;
    %join;
    %pushi/vec4 1, 0, 1;
    %store/vec4 v0x5e09dd4fc9a0_0, 0, 1;
    %pushi/vec4 0, 0, 32;
    %store/vec4 v0x5e09dd4fd740_0, 0, 32;
    %fork t_3, S_0x5e09dd4fc1b0;
    %jmp t_2;
    .scope S_0x5e09dd4fc1b0;
t_3 ;
    %pushi/vec4 0, 0, 32;
    %store/vec4 v0x5e09dd4fc390_0, 0, 32;
T_15.4 ;
    %load/vec4 v0x5e09dd4fc390_0;
    %cmpi/s 200000, 0, 32;
    %flag_get/vec4 5;
    %load/vec4 v0x5e09dd4fc490_0;
    %nor/r;
    %and;
    %flag_set/vec4 8;
    %jmp/0xz T_15.5, 8;
    %wait E_0x5e09dd44d710;
    %load/vec4 v0x5e09dd4fc390_0;
    %addi 1, 0, 32;
    %store/vec4 v0x5e09dd4fc390_0, 0, 32;
    %load/vec4 v0x5e09dd4fd220_0;
    %flag_set/vec4 8;
    %jmp/0xz  T_15.6, 8;
    %pushi/vec4 1, 0, 32;
    %store/vec4 v0x5e09dd4fd740_0, 0, 32;
T_15.6 ;
    %jmp T_15.4;
T_15.5 ;
    %end;
    .scope S_0x5e09dd4adf80;
t_2 %join;
    %pushi/vec4 0, 0, 1;
    %store/vec4 v0x5e09dd4fc9a0_0, 0, 1;
    %load/vec4 v0x5e09dd4fd740_0;
    %pushi/vec4 0, 0, 32;
    %cmp/e;
    %flag_get/vec4 6;
    %store/vec4 v0x5e09dd4b91b0_0, 0, 1;
    %pushi/vec4 2178516401, 0, 34;
    %concati/vec4 2777775504, 0, 32;
    %concati/vec4 2177738161, 0, 32;
    %concati/vec4 2511965605, 0, 32;
    %concati/vec4 3184376960, 0, 32;
    %concati/vec4 2710932897, 0, 32;
    %concati/vec4 3162620361, 0, 32;
    %concati/vec4 628322089, 0, 30;
    %store/vec4 v0x5e09dd4bb210_0, 0, 256;
    %fork TD_road_sensores_tb.check, S_0x5e09dd4b86a0;
    %join;
    %load/vec4 v0x5e09dd4fc700_0;
    %pushi/vec4 0, 0, 8;
    %cmp/e;
    %flag_get/vec4 6;
    %store/vec4 v0x5e09dd4b91b0_0, 0, 1;
    %pushi/vec4 0, 0, 32; draw_string_vec4
    %pushi/vec4 13088, 0, 32; draw_string_vec4
    %concat/vec4; draw_string_vec4
    %pushi/vec4 1684632436, 0, 32; draw_string_vec4
    %concat/vec4; draw_string_vec4
    %pushi/vec4 1600397421, 0, 32; draw_string_vec4
    %concat/vec4; draw_string_vec4
    %pushi/vec4 1634628709, 0, 32; draw_string_vec4
    %concat/vec4; draw_string_vec4
    %pushi/vec4 1830843756, 0, 32; draw_string_vec4
    %concat/vec4; draw_string_vec4
    %pushi/vec4 1953066351, 0, 32; draw_string_vec4
    %concat/vec4; draw_string_vec4
    %pushi/vec4 539504681, 0, 32; draw_string_vec4
    %concat/vec4; draw_string_vec4
    %store/vec4 v0x5e09dd4bb210_0, 0, 256;
    %fork TD_road_sensores_tb.check, S_0x5e09dd4b86a0;
    %join;
    %pushi/vec4 47, 0, 8;
    %load/vec4 v0x5e09dd4fc7a0_0;
    %cmp/u;
    %flag_get/vec4 4;
    %flag_get/vec4 5;
    %or;
    %load/vec4 v0x5e09dd4fc7a0_0;
    %cmpi/u 53, 0, 8;
    %flag_get/vec4 4;
    %flag_get/vec4 5;
    %or;
    %and;
    %store/vec4 v0x5e09dd4b91b0_0, 0, 1;
    %pushi/vec4 0, 0, 32; draw_string_vec4
    %pushi/vec4 0, 0, 32; draw_string_vec4
    %concat/vec4; draw_string_vec4
    %pushi/vec4 13088, 0, 32; draw_string_vec4
    %concat/vec4; draw_string_vec4
    %pushi/vec4 1684632436, 0, 32; draw_string_vec4
    %concat/vec4; draw_string_vec4
    %pushi/vec4 1600462958, 0, 32; draw_string_vec4
    %concat/vec4; draw_string_vec4
    %pushi/vec4 1634672742, 0, 32; draw_string_vec4
    %concat/vec4; draw_string_vec4
    %pushi/vec4 1869160545, 0, 32; draw_string_vec4
    %concat/vec4; draw_string_vec4
    %pushi/vec4 540161333, 0, 32; draw_string_vec4
    %concat/vec4; draw_string_vec4
    %store/vec4 v0x5e09dd4bb210_0, 0, 256;
    %fork TD_road_sensores_tb.check, S_0x5e09dd4b86a0;
    %join;
    %load/vec4 v0x5e09dd4fd090_0;
    %store/vec4 v0x5e09dd4fba70_0, 0, 1;
    %fork TD_road_sensores_tb.wait_trig_fall, S_0x5e09dd4fb740;
    %join;
    %pushi/vec4 3, 0, 32;
    %store/vec4 v0x5e09dd4fb660_0, 0, 32;
    %fork TD_road_sensores_tb.wait_clk, S_0x5e09dd4fb380;
    %join;
    %pushi/vec4 290, 0, 32;
    %store/vec4 v0x5e09dd4fb1c0_0, 0, 32;
    %fork TD_road_sensores_tb.pulse_echo_e, S_0x5e09dd4fafb0;
    %join;
    %pushi/vec4 0, 0, 32;
    %store/vec4 v0x5e09dd4fd740_0, 0, 32;
    %fork TD_road_sensores_tb.wait_valid_e, S_0x5e09dd4fbb30;
    %join;
    %load/vec4 v0x5e09dd4fbe10_0;
    %pad/u 32;
    %store/vec4 v0x5e09dd4fd740_0, 0, 32;
    %load/vec4 v0x5e09dd4fd740_0;
    %pushi/vec4 1, 0, 32;
    %cmp/e;
    %flag_get/vec4 6;
    %store/vec4 v0x5e09dd4b91b0_0, 0, 1;
    %pushi/vec4 0, 0, 32; draw_string_vec4
    %pushi/vec4 0, 0, 32; draw_string_vec4
    %concat/vec4; draw_string_vec4
    %pushi/vec4 0, 0, 32; draw_string_vec4
    %concat/vec4; draw_string_vec4
    %pushi/vec4 52, 0, 32; draw_string_vec4
    %concat/vec4; draw_string_vec4
    %pushi/vec4 544433511, 0, 32; draw_string_vec4
    %concat/vec4; draw_string_vec4
    %pushi/vec4 1970168943, 0, 32; draw_string_vec4
    %concat/vec4; draw_string_vec4
    %pushi/vec4 544629100, 0, 32; draw_string_vec4
    %concat/vec4; draw_string_vec4
    %pushi/vec4 1768185701, 0, 32; draw_string_vec4
    %concat/vec4; draw_string_vec4
    %store/vec4 v0x5e09dd4bb210_0, 0, 256;
    %fork TD_road_sensores_tb.check, S_0x5e09dd4b86a0;
    %join;
    %pushi/vec4 47, 0, 8;
    %load/vec4 v0x5e09dd4fc7a0_0;
    %cmp/u;
    %flag_get/vec4 4;
    %flag_get/vec4 5;
    %or;
    %load/vec4 v0x5e09dd4fc7a0_0;
    %cmpi/u 53, 0, 8;
    %flag_get/vec4 4;
    %flag_get/vec4 5;
    %or;
    %and;
    %store/vec4 v0x5e09dd4b91b0_0, 0, 1;
    %pushi/vec4 0, 0, 32; draw_string_vec4
    %pushi/vec4 0, 0, 32; draw_string_vec4
    %concat/vec4; draw_string_vec4
    %pushi/vec4 0, 0, 32; draw_string_vec4
    %concat/vec4; draw_string_vec4
    %pushi/vec4 874538089, 0, 32; draw_string_vec4
    %concat/vec4; draw_string_vec4
    %pushi/vec4 1937006437, 0, 32; draw_string_vec4
    %concat/vec4; draw_string_vec4
    %pushi/vec4 543254894, 0, 32; draw_string_vec4
    %concat/vec4; draw_string_vec4
    %pushi/vec4 1684086910, 0, 32; draw_string_vec4
    %concat/vec4; draw_string_vec4
    %pushi/vec4 892363629, 0, 32; draw_string_vec4
    %concat/vec4; draw_string_vec4
    %store/vec4 v0x5e09dd4bb210_0, 0, 256;
    %fork TD_road_sensores_tb.check, S_0x5e09dd4b86a0;
    %join;
    %load/vec4 v0x5e09dd4fcb80_0;
    %cmpi/e 0, 0, 32;
    %jmp/0xz  T_15.8, 4;
    %vpi_call 2 198 "$display", "road_sensores: testes OK" {0 0 0};
    %jmp T_15.9;
T_15.8 ;
    %vpi_call 2 200 "$display", "road_sensores: %0d FALHAS", v0x5e09dd4fcb80_0 {0 0 0};
T_15.9 ;
    %vpi_call 2 202 "$finish" {0 0 0};
    %end;
    .thread T_15;
# The file index is used to find the file name in the following table.
:file_names 7;
    "N/A";
    "<interactive>";
    "tb/road_sensores_tb.v";
    "road_sensores.v";
    "fsm_sensors.v";
    "read_hc_sr04.v";
    "measure_speed.v";
