#! /usr/bin/vvp
:ivl_version "11.0 (stable)";
:ivl_delay_selection "TYPICAL";
:vpi_time_precision - 12;
:vpi_module "/usr/lib/x86_64-linux-gnu/ivl/system.vpi";
:vpi_module "/usr/lib/x86_64-linux-gnu/ivl/vhdl_sys.vpi";
:vpi_module "/usr/lib/x86_64-linux-gnu/ivl/vhdl_textio.vpi";
:vpi_module "/usr/lib/x86_64-linux-gnu/ivl/v2005_math.vpi";
:vpi_module "/usr/lib/x86_64-linux-gnu/ivl/va_math.vpi";
:vpi_module "/usr/lib/x86_64-linux-gnu/ivl/v2009.vpi";
S_0x63496d088b70 .scope package, "$unit" "$unit" 2 1;
 .timescale 0 0;
S_0x63496d0985c0 .scope module, "road_shield_top_speed_tb" "road_shield_top_speed_tb" 3 3;
 .timescale -9 -12;
P_0x63496d0329d0 .param/l "TB_VEL_MAX" 1 3 5, C4<01100100>;
L_0x63496d0e14d0 .functor BUFZ 8, L_0x63496d0a4fa0, C4<00000000>, C4<00000000>, C4<00000000>;
v0x63496d0cea80_0 .var "btn1", 0 0;
v0x63496d0ceb90_0 .var "btn2", 0 0;
v0x63496d0ceca0_0 .var "clk", 0 0;
v0x63496d0ced40_0 .var/i "i", 31 0;
v0x63496d0cede0_0 .var/i "k", 31 0;
v0x63496d0cef10_0 .net "number_clk", 0 0, v0x63496d0c7980_0;  1 drivers
v0x63496d0cf000_0 .net "number_cs", 0 0, v0x63496d0c7a90_0;  1 drivers
v0x63496d0cf0f0_0 .net "number_din", 0 0, v0x63496d0c7b50_0;  1 drivers
v0x63496d0cf1e0_0 .var "polled_speed", 7 0;
v0x63496d0cf2c0_0 .var/i "rx_bits", 31 0;
v0x63496d0cf3a0_0 .var "rx_frame", 15 0;
v0x63496d0cf480_0 .net "speed", 7 0, L_0x63496d0e14d0;  1 drivers
v0x63496d0cf560_0 .var "spi_cs_n", 0 0;
v0x63496d0cf600_0 .var/i "spi_found", 31 0;
v0x63496d0cf6e0_0 .var/i "spi_frames", 31 0;
v0x63496d0cf7c0_0 .net "spi_miso", 0 0, L_0x63496d0d0680;  1 drivers
v0x63496d0cf8b0_0 .var "spi_mosi", 0 0;
v0x63496d0cfab0_0 .var "spi_sck", 0 0;
S_0x63496d090dc0 .scope task, "check" "check" 3 53, 3 53 0, S_0x63496d0985c0;
 .timescale -9 -12;
v0x63496d07f5f0_0 .var "expected", 7 0;
v0x63496d0a1d10_0 .var "name", 255 0;
TD_road_shield_top_speed_tb.check ;
    %load/vec4 v0x63496d0cf480_0;
    %load/vec4 v0x63496d07f5f0_0;
    %cmp/e;
    %jmp/0xz  T_0.0, 6;
    %vpi_call/w 3 58 "$display", "OK %0s: speed = %0d", v0x63496d0a1d10_0, v0x63496d0cf480_0 {0 0 0};
    %jmp T_0.1;
T_0.0 ;
    %vpi_call/w 3 60 "$display", "ERROR %0s: esperado %0d, obtido %0d", v0x63496d0a1d10_0, v0x63496d07f5f0_0, v0x63496d0cf480_0 {0 0 0};
T_0.1 ;
    %end;
S_0x63496d0c4580 .scope module, "dut" "road_shield_top_speed" 3 18, 4 1 0, S_0x63496d0985c0;
 .timescale 0 0;
    .port_info 0 /INPUT 1 "clk";
    .port_info 1 /INPUT 1 "btn1";
    .port_info 2 /INPUT 1 "btn2";
    .port_info 3 /INPUT 1 "spi_sck";
    .port_info 4 /INPUT 1 "spi_mosi";
    .port_info 5 /INPUT 1 "spi_cs_n";
    .port_info 6 /OUTPUT 1 "spi_miso";
    .port_info 7 /OUTPUT 1 "number_din";
    .port_info 8 /OUTPUT 1 "number_clk";
    .port_info 9 /OUTPUT 1 "number_cs";
P_0x63496d0a2690 .param/l "CLK_HZ" 0 4 2, +C4<00000000000000000000001111101000>;
P_0x63496d0a26d0 .param/l "DIST_ATT_INIT" 0 4 4, C4<00110010>;
P_0x63496d0a2710 .param/l "DIST_FREE_INIT" 0 4 3, C4<01100100>;
P_0x63496d0a2750 .param/l "VEL_MAX_INIT" 0 4 5, C4<01111000>;
L_0x63496d0e11c0 .functor NOT 1, L_0x63496d0cfba0, C4<0>, C4<0>, C4<0>;
L_0x7b95f0b56018 .functor BUFT 1, C4<11111111>, C4<0>, C4<0>, C4<0>;
v0x63496d0cba20_0 .net/2u *"_ivl_0", 7 0, L_0x7b95f0b56018;  1 drivers
L_0x7b95f0b56498 .functor BUFT 1, C4<000000>, C4<0>, C4<0>, C4<0>;
v0x63496d0cbb20_0 .net/2u *"_ivl_14", 5 0, L_0x7b95f0b56498;  1 drivers
L_0x7b95f0b564e0 .functor BUFT 1, C4<000000>, C4<0>, C4<0>, C4<0>;
v0x63496d0cbc00_0 .net/2u *"_ivl_18", 5 0, L_0x7b95f0b564e0;  1 drivers
v0x63496d0cbcc0_0 .net "btn1", 0 0, v0x63496d0cea80_0;  1 drivers
v0x63496d0cbd60_0 .net "btn2", 0 0, v0x63496d0ceb90_0;  1 drivers
v0x63496d0cbe50_0 .net "byte_valido", 0 0, v0x63496d0ca7b0_0;  1 drivers
v0x63496d0cbef0_0 .net "clk", 0 0, v0x63496d0ceca0_0;  1 drivers
v0x63496d0cbf90_0 .net "cs_desce", 0 0, L_0x63496d0d0540;  1 drivers
v0x63496d0cc080_0 .net "dist_att", 7 0, v0x63496d08f300_0;  1 drivers
v0x63496d0cc120_0 .net "dist_free", 7 0, v0x63496d0c5390_0;  1 drivers
v0x63496d0cc1c0_0 .net "number_clk", 0 0, v0x63496d0c7980_0;  alias, 1 drivers
v0x63496d0cc290_0 .net "number_cs", 0 0, v0x63496d0c7a90_0;  alias, 1 drivers
v0x63496d0cc360_0 .net "number_din", 0 0, v0x63496d0c7b50_0;  alias, 1 drivers
v0x63496d0cc430_0 .var "por_cnt", 7 0;
v0x63496d0cc4d0_0 .net "quadro_ativo", 0 0, L_0x63496d08e190;  1 drivers
v0x63496d0cc570_0 .net "quadro_fim", 0 0, v0x63496d0cafe0_0;  1 drivers
v0x63496d0cc610_0 .net "rst", 0 0, L_0x63496d0cfba0;  1 drivers
v0x63496d0cc7c0_0 .net "rx_byte", 7 0, v0x63496d0cb210_0;  1 drivers
v0x63496d0cc860_0 .net "speed", 7 0, L_0x63496d0a4fa0;  1 drivers
v0x63496d0cc950_0 .net "spi_cs_n", 0 0, v0x63496d0cf560_0;  1 drivers
v0x63496d0cc9f0_0 .net "spi_miso", 0 0, L_0x63496d0d0680;  alias, 1 drivers
v0x63496d0cca90_0 .net "spi_mosi", 0 0, v0x63496d0cf8b0_0;  1 drivers
v0x63496d0ccb60_0 .net "spi_sck", 0 0, v0x63496d0cfab0_0;  1 drivers
v0x63496d0ccc30_0 .net "tx_byte", 7 0, v0x63496d0c6b80_0;  1 drivers
v0x63496d0ccd20_0 .net "vel_max", 7 0, v0x63496d0c5890_0;  1 drivers
L_0x63496d0cfba0 .cmp/ne 8, v0x63496d0cc430_0, L_0x7b95f0b56018;
L_0x63496d0e1340 .concat [ 8 6 0 0], L_0x63496d0a4fa0, L_0x7b95f0b56498;
L_0x63496d0e13e0 .concat [ 8 6 0 0], v0x63496d0c5890_0, L_0x7b95f0b564e0;
S_0x63496d0c49b0 .scope module, "u_cfg" "config_rx" 4 72, 5 5 0, S_0x63496d0c4580;
 .timescale 0 0;
    .port_info 0 /INPUT 1 "clk";
    .port_info 1 /INPUT 1 "rst";
    .port_info 2 /INPUT 8 "rx_byte";
    .port_info 3 /INPUT 1 "byte_valido";
    .port_info 4 /INPUT 1 "quadro_fim";
    .port_info 5 /OUTPUT 8 "dist_free";
    .port_info 6 /OUTPUT 8 "dist_att";
    .port_info 7 /OUTPUT 8 "vel_max";
    .port_info 8 /OUTPUT 1 "cfg_valid";
P_0x63496d0a6a10 .param/l "DIST_ATT_INIT" 0 5 7, C4<00110010>;
P_0x63496d0a6a50 .param/l "DIST_FREE_INIT" 0 5 6, C4<01100100>;
P_0x63496d0a6a90 .param/l "ETX" 1 5 24, C4<00000011>;
P_0x63496d0a6ad0 .param/l "STX" 1 5 23, C4<00000010>;
P_0x63496d0a6b10 .param/l "ST_DIST_ATT" 1 5 30, C4<011>;
P_0x63496d0a6b50 .param/l "ST_DIST_FREE" 1 5 29, C4<010>;
P_0x63496d0a6b90 .param/l "ST_ETX" 1 5 32, C4<101>;
P_0x63496d0a6bd0 .param/l "ST_IDLE" 1 5 27, C4<000>;
P_0x63496d0a6c10 .param/l "ST_TYPE" 1 5 28, C4<001>;
P_0x63496d0a6c50 .param/l "ST_VEL_MAX" 1 5 31, C4<100>;
P_0x63496d0a6c90 .param/l "TYPE_CFG" 1 5 25, C4<00010000>;
P_0x63496d0a6cd0 .param/l "VEL_MAX_INIT" 0 5 8, C4<01111000>;
v0x63496d08adb0_0 .net "byte_valido", 0 0, v0x63496d0ca7b0_0;  alias, 1 drivers
v0x63496d08d870_0 .var "cfg_valid", 0 0;
v0x63496d09a2c0_0 .net "clk", 0 0, v0x63496d0ceca0_0;  alias, 1 drivers
v0x63496d08f300_0 .var "dist_att", 7 0;
v0x63496d08de90_0 .var "dist_att_s", 7 0;
v0x63496d0c5390_0 .var "dist_free", 7 0;
v0x63496d0c5470_0 .var "dist_free_s", 7 0;
v0x63496d0c5550_0 .net "quadro_fim", 0 0, v0x63496d0cafe0_0;  alias, 1 drivers
v0x63496d0c5610_0 .net "rst", 0 0, L_0x63496d0cfba0;  alias, 1 drivers
v0x63496d0c56d0_0 .net "rx_byte", 7 0, v0x63496d0cb210_0;  alias, 1 drivers
v0x63496d0c57b0_0 .var "state", 2 0;
v0x63496d0c5890_0 .var "vel_max", 7 0;
v0x63496d0c5970_0 .var "vel_max_s", 7 0;
E_0x63496d00af30 .event posedge, v0x63496d09a2c0_0;
S_0x63496d0c5b70 .scope module, "u_config_tx" "config_tx" 4 52, 6 4 0, S_0x63496d0c4580;
 .timescale 0 0;
    .port_info 0 /INPUT 1 "clk";
    .port_info 1 /INPUT 1 "rst";
    .port_info 2 /INPUT 8 "speed";
    .port_info 3 /INPUT 8 "dist_e";
    .port_info 4 /INPUT 8 "dist_c";
    .port_info 5 /INPUT 8 "dist_d";
    .port_info 6 /INPUT 2 "dir";
    .port_info 7 /INPUT 1 "cs_desce";
    .port_info 8 /INPUT 1 "quadro_ativo";
    .port_info 9 /INPUT 8 "rx_byte";
    .port_info 10 /INPUT 1 "byte_valido";
    .port_info 11 /INPUT 1 "quadro_fim";
    .port_info 12 /OUTPUT 8 "tx_byte";
P_0x63496d0c5d20 .param/l "ETX" 1 6 23, C4<00000011>;
P_0x63496d0c5d60 .param/l "STX" 1 6 22, C4<00000010>;
P_0x63496d0c5da0 .param/l "TYPE_SPEED" 1 6 24, C4<00100000>;
L_0x7b95f0b56180 .functor BUFT 1, C4<000>, C4<0>, C4<0>, C4<0>;
v0x63496d0c60c0_0 .net/2u *"_ivl_4", 2 0, L_0x7b95f0b56180;  1 drivers
v0x63496d0c61c0_0 .net "byte_valido", 0 0, v0x63496d0ca7b0_0;  alias, 1 drivers
v0x63496d0c6280_0 .net "clk", 0 0, v0x63496d0ceca0_0;  alias, 1 drivers
v0x63496d0c6320_0 .net "cs_desce", 0 0, L_0x63496d0d0540;  alias, 1 drivers
L_0x7b95f0b562a0 .functor BUFT 1, C4<00>, C4<0>, C4<0>, C4<0>;
v0x63496d0c63c0_0 .net "dir", 1 0, L_0x7b95f0b562a0;  1 drivers
L_0x7b95f0b56528 .functor BUFT 1, C4<00000000>, C4<0>, C4<0>, C4<0>;
v0x63496d0c64b0_0 .net "dir_b", 7 0, L_0x7b95f0b56528;  1 drivers
L_0x7b95f0b56210 .functor BUFT 1, C4<00000000>, C4<0>, C4<0>, C4<0>;
v0x63496d0c6570_0 .net "dist_c", 7 0, L_0x7b95f0b56210;  1 drivers
L_0x7b95f0b56258 .functor BUFT 1, C4<00000000>, C4<0>, C4<0>, C4<0>;
v0x63496d0c6650_0 .net "dist_d", 7 0, L_0x7b95f0b56258;  1 drivers
L_0x7b95f0b561c8 .functor BUFT 1, C4<00000000>, C4<0>, C4<0>, C4<0>;
v0x63496d0c6730_0 .net "dist_e", 7 0, L_0x7b95f0b561c8;  1 drivers
v0x63496d0c6810_0 .net "quadro_ativo", 0 0, L_0x63496d08e190;  alias, 1 drivers
v0x63496d0c68d0_0 .net "quadro_fim", 0 0, v0x63496d0cafe0_0;  alias, 1 drivers
v0x63496d0c6970_0 .net "rst", 0 0, L_0x63496d0cfba0;  alias, 1 drivers
v0x63496d0c6a10_0 .net "rx_byte", 7 0, v0x63496d0cb210_0;  alias, 1 drivers
v0x63496d0c6ae0_0 .net "speed", 7 0, L_0x63496d0a4fa0;  alias, 1 drivers
v0x63496d0c6b80_0 .var "tx_byte", 7 0;
v0x63496d0c6c60_0 .var "tx_idx", 2 0;
v0x63496d0c6d40_0 .net "tx_idx_eff", 2 0, L_0x63496d0d0780;  1 drivers
E_0x63496d0ac2b0/0 .event edge, v0x63496d0c6d40_0, v0x63496d0c6ae0_0, v0x63496d0c6730_0, v0x63496d0c6570_0;
E_0x63496d0ac2b0/1 .event edge, v0x63496d0c6650_0, v0x63496d0c64b0_0;
E_0x63496d0ac2b0 .event/or E_0x63496d0ac2b0/0, E_0x63496d0ac2b0/1;
L_0x63496d0d0780 .functor MUXZ 3, v0x63496d0c6c60_0, L_0x7b95f0b56180, L_0x63496d0d0540, C4<>;
S_0x63496d0c6fc0 .scope module, "u_display" "number_control" 4 94, 7 1 0, S_0x63496d0c4580;
 .timescale 0 0;
    .port_info 0 /INPUT 1 "clk";
    .port_info 1 /INPUT 1 "rst_n";
    .port_info 2 /INPUT 14 "value_a";
    .port_info 3 /INPUT 14 "value_b";
    .port_info 4 /OUTPUT 1 "number_din";
    .port_info 5 /OUTPUT 1 "number_clk";
    .port_info 6 /OUTPUT 1 "number_cs";
P_0x63496d0c7180 .param/l "ST_CLOCK_HIGH" 1 7 15, C4<010>;
P_0x63496d0c71c0 .param/l "ST_CLOCK_LOW" 1 7 16, C4<011>;
P_0x63496d0c7200 .param/l "ST_COMMIT_FRAME" 1 7 17, C4<100>;
P_0x63496d0c7240 .param/l "ST_OUTPUT_BIT" 1 7 14, C4<001>;
P_0x63496d0c7280 .param/l "ST_START_FRAME" 1 7 13, C4<000>;
P_0x63496d0c72c0 .param/l "TICK_MAX" 1 7 11, C4<0000000100001110>;
v0x63496d0c7640_0 .var "bit_cnt", 4 0;
v0x63496d0c7740_0 .net "clk", 0 0, v0x63496d0ceca0_0;  alias, 1 drivers
v0x63496d0c7800_0 .var "frame", 15 0;
v0x63496d0c78a0_0 .var "frame_idx", 3 0;
v0x63496d0c7980_0 .var "number_clk", 0 0;
v0x63496d0c7a90_0 .var "number_cs", 0 0;
v0x63496d0c7b50_0 .var "number_din", 0 0;
v0x63496d0c7c10_0 .net "rst_n", 0 0, L_0x63496d0e11c0;  1 drivers
v0x63496d0c7cd0_0 .var "shift_reg", 15 0;
v0x63496d0c7db0_0 .var "state", 2 0;
v0x63496d0c7e90_0 .var "tick", 15 0;
v0x63496d0c7f70_0 .net "value_a", 13 0, L_0x63496d0e1340;  1 drivers
v0x63496d0c8050_0 .net "value_b", 13 0, L_0x63496d0e13e0;  1 drivers
E_0x63496d0ac270/0 .event negedge, v0x63496d0c7c10_0;
E_0x63496d0ac270/1 .event posedge, v0x63496d09a2c0_0;
E_0x63496d0ac270 .event/or E_0x63496d0ac270/0, E_0x63496d0ac270/1;
E_0x63496d0ac960 .event edge, v0x63496d0c78a0_0, v0x63496d0c7f70_0, v0x63496d0c8050_0;
S_0x63496d0c8210 .scope module, "u_speed" "speed_control" 4 85, 8 1 0, S_0x63496d0c4580;
 .timescale 0 0;
    .port_info 0 /INPUT 1 "clk";
    .port_info 1 /INPUT 1 "btn1";
    .port_info 2 /INPUT 1 "btn2";
    .port_info 3 /INPUT 8 "max_speed";
    .port_info 4 /OUTPUT 8 "speed";
P_0x63496d0c83a0 .param/l "CLK_HZ" 0 8 2, +C4<00000000000000000000001111101000>;
P_0x63496d0c83e0 .param/l "SAMPLE_MAX" 1 8 12, +C4<00000000000000000000000000001010>;
P_0x63496d0c8420 .param/l "STEP" 1 8 11, C4<00000101>;
L_0x63496d03ef90 .functor NOT 1, v0x63496d0cea80_0, C4<0>, C4<0>, C4<0>;
L_0x63496d058720 .functor NOT 1, v0x63496d0ceb90_0, C4<0>, C4<0>, C4<0>;
L_0x63496d0a4fa0 .functor BUFZ 8, v0x63496d0c9860_0, C4<00000000>, C4<00000000>, C4<00000000>;
L_0x7b95f0b56378 .functor BUFT 1, C4<00000000>, C4<0>, C4<0>, C4<0>;
v0x63496d0c85e0_0 .net/2u *"_ivl_12", 7 0, L_0x7b95f0b56378;  1 drivers
v0x63496d0c86e0_0 .net *"_ivl_14", 0 0, L_0x63496d0e0bd0;  1 drivers
L_0x7b95f0b563c0 .functor BUFT 1, C4<01111000>, C4<0>, C4<0>, C4<0>;
v0x63496d0c87a0_0 .net/2u *"_ivl_16", 7 0, L_0x7b95f0b563c0;  1 drivers
L_0x7b95f0b56408 .functor BUFT 1, C4<0>, C4<0>, C4<0>, C4<0>;
v0x63496d0c8890_0 .net/2u *"_ivl_20", 0 0, L_0x7b95f0b56408;  1 drivers
v0x63496d0c8970_0 .net *"_ivl_22", 8 0, L_0x63496d0e0ea0;  1 drivers
L_0x7b95f0b56450 .functor BUFT 1, C4<000000101>, C4<0>, C4<0>, C4<0>;
v0x63496d0c8aa0_0 .net/2u *"_ivl_24", 8 0, L_0x7b95f0b56450;  1 drivers
v0x63496d0c8b80_0 .net *"_ivl_4", 31 0, L_0x63496d0d0940;  1 drivers
L_0x7b95f0b562e8 .functor BUFT 1, C4<0000000000000>, C4<0>, C4<0>, C4<0>;
v0x63496d0c8c60_0 .net *"_ivl_7", 12 0, L_0x7b95f0b562e8;  1 drivers
L_0x7b95f0b56330 .functor BUFT 1, C4<00000000000000000000000000001001>, C4<0>, C4<0>, C4<0>;
v0x63496d0c8d40_0 .net/2u *"_ivl_8", 31 0, L_0x7b95f0b56330;  1 drivers
v0x63496d0c8e20_0 .net "btn1", 0 0, v0x63496d0cea80_0;  alias, 1 drivers
v0x63496d0c8ee0_0 .net "btn1_raw", 0 0, L_0x63496d03ef90;  1 drivers
v0x63496d0c8fa0_0 .var "btn1_s", 0 0;
v0x63496d0c9060_0 .net "btn2", 0 0, v0x63496d0ceb90_0;  alias, 1 drivers
v0x63496d0c9120_0 .net "btn2_raw", 0 0, L_0x63496d058720;  1 drivers
v0x63496d0c91e0_0 .var "btn2_s", 0 0;
v0x63496d0c92a0_0 .net "clk", 0 0, v0x63496d0ceca0_0;  alias, 1 drivers
v0x63496d0c9340_0 .net "limit", 7 0, L_0x63496d0e0cc0;  1 drivers
v0x63496d0c9530_0 .net "max_speed", 7 0, v0x63496d0c5890_0;  alias, 1 drivers
v0x63496d0c95f0_0 .net "sample", 0 0, L_0x63496d0e0ab0;  1 drivers
v0x63496d0c9690_0 .var "sample_cnt", 18 0;
v0x63496d0c9770_0 .net "speed", 7 0, L_0x63496d0a4fa0;  alias, 1 drivers
v0x63496d0c9860_0 .var "speed_reg", 7 0;
v0x63496d0c9920_0 .net "speed_up", 8 0, L_0x63496d0e0fc0;  1 drivers
L_0x63496d0d0940 .concat [ 19 13 0 0], v0x63496d0c9690_0, L_0x7b95f0b562e8;
L_0x63496d0e0ab0 .cmp/eq 32, L_0x63496d0d0940, L_0x7b95f0b56330;
L_0x63496d0e0bd0 .cmp/eq 8, v0x63496d0c5890_0, L_0x7b95f0b56378;
L_0x63496d0e0cc0 .functor MUXZ 8, v0x63496d0c5890_0, L_0x7b95f0b563c0, L_0x63496d0e0bd0, C4<>;
L_0x63496d0e0ea0 .concat [ 8 1 0 0], v0x63496d0c9860_0, L_0x7b95f0b56408;
L_0x63496d0e0fc0 .arith/sum 9, L_0x63496d0e0ea0, L_0x7b95f0b56450;
S_0x63496d0c9ad0 .scope module, "u_spi" "spi_slave" 4 37, 9 1 0, S_0x63496d0c4580;
 .timescale 0 0;
    .port_info 0 /INPUT 1 "clk";
    .port_info 1 /INPUT 1 "rst";
    .port_info 2 /INPUT 1 "sck";
    .port_info 3 /INPUT 1 "mosi";
    .port_info 4 /INPUT 1 "cs_n";
    .port_info 5 /OUTPUT 1 "miso";
    .port_info 6 /OUTPUT 8 "rx_byte";
    .port_info 7 /OUTPUT 1 "byte_valido";
    .port_info 8 /INPUT 8 "tx_byte";
    .port_info 9 /OUTPUT 1 "quadro_ativo";
    .port_info 10 /OUTPUT 1 "cs_desce";
    .port_info 11 /OUTPUT 1 "quadro_fim";
L_0x63496d08d6d0 .functor NOT 1, L_0x63496d0cfc40, C4<0>, C4<0>, C4<0>;
L_0x63496d08e190 .functor BUFZ 1, L_0x63496d08d6d0, C4<0>, C4<0>, C4<0>;
v0x63496d0c9de0_0 .net *"_ivl_1", 0 0, L_0x63496d0cfc40;  1 drivers
v0x63496d0c9ee0_0 .net *"_ivl_11", 1 0, L_0x63496d0cff10;  1 drivers
L_0x7b95f0b560a8 .functor BUFT 1, C4<10>, C4<0>, C4<0>, C4<0>;
v0x63496d0c9fc0_0 .net/2u *"_ivl_12", 1 0, L_0x7b95f0b560a8;  1 drivers
v0x63496d0ca080_0 .net *"_ivl_17", 1 0, L_0x63496d0d0140;  1 drivers
L_0x7b95f0b560f0 .functor BUFT 1, C4<01>, C4<0>, C4<0>, C4<0>;
v0x63496d0ca160_0 .net/2u *"_ivl_18", 1 0, L_0x7b95f0b560f0;  1 drivers
v0x63496d0ca290_0 .net *"_ivl_25", 1 0, L_0x63496d0d0400;  1 drivers
L_0x7b95f0b56138 .functor BUFT 1, C4<10>, C4<0>, C4<0>, C4<0>;
v0x63496d0ca370_0 .net/2u *"_ivl_26", 1 0, L_0x7b95f0b56138;  1 drivers
v0x63496d0ca450_0 .net *"_ivl_5", 1 0, L_0x63496d0cfd30;  1 drivers
L_0x7b95f0b56060 .functor BUFT 1, C4<01>, C4<0>, C4<0>, C4<0>;
v0x63496d0ca530_0 .net/2u *"_ivl_6", 1 0, L_0x7b95f0b56060;  1 drivers
v0x63496d0ca610_0 .net "ativo", 0 0, L_0x63496d08d6d0;  1 drivers
v0x63496d0ca6d0_0 .var "bit_cnt", 2 0;
v0x63496d0ca7b0_0 .var "byte_valido", 0 0;
v0x63496d0ca850_0 .net "clk", 0 0, v0x63496d0ceca0_0;  alias, 1 drivers
v0x63496d0ca8f0_0 .net "cs_desce", 0 0, L_0x63496d0d0540;  alias, 1 drivers
v0x63496d0ca990_0 .net "cs_n", 0 0, v0x63496d0cf560_0;  alias, 1 drivers
v0x63496d0caa30_0 .var "cs_s", 2 0;
v0x63496d0cab10_0 .net "cs_sobe", 0 0, L_0x63496d0d0270;  1 drivers
v0x63496d0cace0_0 .net "miso", 0 0, L_0x63496d0d0680;  alias, 1 drivers
v0x63496d0cada0_0 .net "mosi", 0 0, v0x63496d0cf8b0_0;  alias, 1 drivers
v0x63496d0cae60_0 .var "mosi_s", 1 0;
v0x63496d0caf40_0 .net "quadro_ativo", 0 0, L_0x63496d08e190;  alias, 1 drivers
v0x63496d0cafe0_0 .var "quadro_fim", 0 0;
v0x63496d0cb080_0 .var "recarregar", 0 0;
v0x63496d0cb120_0 .net "rst", 0 0, L_0x63496d0cfba0;  alias, 1 drivers
v0x63496d0cb210_0 .var "rx_byte", 7 0;
v0x63496d0cb320_0 .var "rx_shift", 7 0;
v0x63496d0cb400_0 .net "sck", 0 0, v0x63496d0cfab0_0;  alias, 1 drivers
v0x63496d0cb4c0_0 .net "sck_desce", 0 0, L_0x63496d0d0000;  1 drivers
v0x63496d0cb580_0 .var "sck_s", 2 0;
v0x63496d0cb660_0 .net "sck_sobe", 0 0, L_0x63496d0cfdd0;  1 drivers
v0x63496d0cb720_0 .net "tx_byte", 7 0, v0x63496d0c6b80_0;  alias, 1 drivers
v0x63496d0cb7e0_0 .var "tx_shift", 7 0;
L_0x63496d0cfc40 .part v0x63496d0caa30_0, 1, 1;
L_0x63496d0cfd30 .part v0x63496d0cb580_0, 1, 2;
L_0x63496d0cfdd0 .cmp/eq 2, L_0x63496d0cfd30, L_0x7b95f0b56060;
L_0x63496d0cff10 .part v0x63496d0cb580_0, 1, 2;
L_0x63496d0d0000 .cmp/eq 2, L_0x63496d0cff10, L_0x7b95f0b560a8;
L_0x63496d0d0140 .part v0x63496d0caa30_0, 1, 2;
L_0x63496d0d0270 .cmp/eq 2, L_0x63496d0d0140, L_0x7b95f0b560f0;
L_0x63496d0d0400 .part v0x63496d0caa30_0, 1, 2;
L_0x63496d0d0540 .cmp/eq 2, L_0x63496d0d0400, L_0x7b95f0b56138;
L_0x63496d0d0680 .part v0x63496d0cb7e0_0, 7, 1;
S_0x63496d0ccf50 .scope task, "get_frame" "get_frame" 3 64, 3 64 0, S_0x63496d0985c0;
 .timescale -9 -12;
E_0x63496d0ac920 .event posedge, v0x63496d0c7980_0;
E_0x63496d0cd150 .event negedge, v0x63496d0c7a90_0;
TD_road_shield_top_speed_tb.get_frame ;
    %wait E_0x63496d0cd150;
    %pushi/vec4 0, 0, 16;
    %store/vec4 v0x63496d0cf3a0_0, 0, 16;
    %pushi/vec4 0, 0, 32;
    %store/vec4 v0x63496d0cf2c0_0, 0, 32;
    %pushi/vec4 15, 0, 32;
    %store/vec4 v0x63496d0ced40_0, 0, 32;
T_1.2 ;
    %load/vec4 v0x63496d0ced40_0;
    %cmpi/s 0, 0, 32;
    %flag_inv 5; GE is !LT
    %jmp/0xz T_1.3, 5;
    %wait E_0x63496d0ac920;
    %load/vec4 v0x63496d0cf0f0_0;
    %ix/getv/s 4, v0x63496d0ced40_0;
    %store/vec4 v0x63496d0cf3a0_0, 4, 1;
    %load/vec4 v0x63496d0cf2c0_0;
    %addi 1, 0, 32;
    %store/vec4 v0x63496d0cf2c0_0, 0, 32;
    %load/vec4 v0x63496d0ced40_0;
    %subi 1, 0, 32;
    %store/vec4 v0x63496d0ced40_0, 0, 32;
    %jmp T_1.2;
T_1.3 ;
    %end;
S_0x63496d0cd1b0 .scope task, "press" "press" 3 43, 3 43 0, S_0x63496d0985c0;
 .timescale -9 -12;
v0x63496d0cd390_0 .var "up", 0 0;
TD_road_shield_top_speed_tb.press ;
    %load/vec4 v0x63496d0cd390_0;
    %flag_set/vec4 8;
    %jmp/0xz  T_2.4, 8;
    %pushi/vec4 0, 0, 1;
    %store/vec4 v0x63496d0cea80_0, 0, 1;
    %jmp T_2.5;
T_2.4 ;
    %pushi/vec4 0, 0, 1;
    %store/vec4 v0x63496d0ceb90_0, 0, 1;
T_2.5 ;
    %pushi/vec4 20, 0, 32;
T_2.6 %dup/vec4;
    %pushi/vec4 0, 0, 32;
    %cmp/s;
    %jmp/1xz T_2.7, 5;
    %jmp/1 T_2.7, 4;
    %pushi/vec4 1, 0, 32;
    %sub;
    %wait E_0x63496d00af30;
    %jmp T_2.6;
T_2.7 ;
    %pop/vec4 1;
    %pushi/vec4 1, 0, 1;
    %store/vec4 v0x63496d0cea80_0, 0, 1;
    %pushi/vec4 1, 0, 1;
    %store/vec4 v0x63496d0ceb90_0, 0, 1;
    %pushi/vec4 20, 0, 32;
T_2.8 %dup/vec4;
    %pushi/vec4 0, 0, 32;
    %cmp/s;
    %jmp/1xz T_2.9, 5;
    %jmp/1 T_2.9, 4;
    %pushi/vec4 1, 0, 32;
    %sub;
    %wait E_0x63496d00af30;
    %jmp T_2.8;
T_2.9 ;
    %pop/vec4 1;
    %end;
S_0x63496d0cd470 .scope task, "read_speed" "read_speed" 3 94, 3 94 0, S_0x63496d0985c0;
 .timescale -9 -12;
v0x63496d0cd6a0_0 .var "b0", 7 0;
v0x63496d0cd7a0_0 .var "b1", 7 0;
v0x63496d0cd880_0 .var "b2", 7 0;
v0x63496d0cd940_0 .var "b3", 7 0;
v0x63496d0cda20_0 .var "b4", 7 0;
v0x63496d0cdb50_0 .var "b5", 7 0;
v0x63496d0cdc30_0 .var "b6", 7 0;
v0x63496d0cdd10_0 .var "b7", 7 0;
v0x63496d0cddf0_0 .var "got_speed", 7 0;
TD_road_shield_top_speed_tb.read_speed ;
    %pushi/vec4 0, 0, 1;
    %store/vec4 v0x63496d0cf560_0, 0, 1;
    %pushi/vec4 0, 0, 1;
    %store/vec4 v0x63496d0cf8b0_0, 0, 1;
    %pushi/vec4 8, 0, 32;
T_3.10 %dup/vec4;
    %pushi/vec4 0, 0, 32;
    %cmp/s;
    %jmp/1xz T_3.11, 5;
    %jmp/1 T_3.11, 4;
    %pushi/vec4 1, 0, 32;
    %sub;
    %wait E_0x63496d00af30;
    %jmp T_3.10;
T_3.11 ;
    %pop/vec4 1;
    %fork TD_road_shield_top_speed_tb.spi_read_byte, S_0x63496d0ce6c0;
    %join;
    %load/vec4 v0x63496d0ce9a0_0;
    %store/vec4 v0x63496d0cd6a0_0, 0, 8;
    %fork TD_road_shield_top_speed_tb.spi_read_byte, S_0x63496d0ce6c0;
    %join;
    %load/vec4 v0x63496d0ce9a0_0;
    %store/vec4 v0x63496d0cd7a0_0, 0, 8;
    %fork TD_road_shield_top_speed_tb.spi_read_byte, S_0x63496d0ce6c0;
    %join;
    %load/vec4 v0x63496d0ce9a0_0;
    %store/vec4 v0x63496d0cd880_0, 0, 8;
    %fork TD_road_shield_top_speed_tb.spi_read_byte, S_0x63496d0ce6c0;
    %join;
    %load/vec4 v0x63496d0ce9a0_0;
    %store/vec4 v0x63496d0cd940_0, 0, 8;
    %fork TD_road_shield_top_speed_tb.spi_read_byte, S_0x63496d0ce6c0;
    %join;
    %load/vec4 v0x63496d0ce9a0_0;
    %store/vec4 v0x63496d0cda20_0, 0, 8;
    %fork TD_road_shield_top_speed_tb.spi_read_byte, S_0x63496d0ce6c0;
    %join;
    %load/vec4 v0x63496d0ce9a0_0;
    %store/vec4 v0x63496d0cdb50_0, 0, 8;
    %fork TD_road_shield_top_speed_tb.spi_read_byte, S_0x63496d0ce6c0;
    %join;
    %load/vec4 v0x63496d0ce9a0_0;
    %store/vec4 v0x63496d0cdc30_0, 0, 8;
    %fork TD_road_shield_top_speed_tb.spi_read_byte, S_0x63496d0ce6c0;
    %join;
    %load/vec4 v0x63496d0ce9a0_0;
    %store/vec4 v0x63496d0cdd10_0, 0, 8;
    %pushi/vec4 8, 0, 32;
T_3.12 %dup/vec4;
    %pushi/vec4 0, 0, 32;
    %cmp/s;
    %jmp/1xz T_3.13, 5;
    %jmp/1 T_3.13, 4;
    %pushi/vec4 1, 0, 32;
    %sub;
    %wait E_0x63496d00af30;
    %jmp T_3.12;
T_3.13 ;
    %pop/vec4 1;
    %pushi/vec4 1, 0, 1;
    %store/vec4 v0x63496d0cf560_0, 0, 1;
    %pushi/vec4 20, 0, 32;
T_3.14 %dup/vec4;
    %pushi/vec4 0, 0, 32;
    %cmp/s;
    %jmp/1xz T_3.15, 5;
    %jmp/1 T_3.15, 4;
    %pushi/vec4 1, 0, 32;
    %sub;
    %wait E_0x63496d00af30;
    %jmp T_3.14;
T_3.15 ;
    %pop/vec4 1;
    %load/vec4 v0x63496d0cd6a0_0;
    %pushi/vec4 2, 0, 8;
    %cmp/e;
    %flag_get/vec4 6;
    %load/vec4 v0x63496d0cd7a0_0;
    %pushi/vec4 32, 0, 8;
    %cmp/e;
    %flag_get/vec4 6;
    %and;
    %load/vec4 v0x63496d0cdd10_0;
    %pushi/vec4 3, 0, 8;
    %cmp/e;
    %flag_get/vec4 6;
    %and;
    %flag_set/vec4 8;
    %jmp/0xz  T_3.16, 8;
    %load/vec4 v0x63496d0cd880_0;
    %store/vec4 v0x63496d0cddf0_0, 0, 8;
    %jmp T_3.17;
T_3.16 ;
    %pushi/vec4 255, 0, 8;
    %store/vec4 v0x63496d0cddf0_0, 0, 8;
T_3.17 ;
    %end;
S_0x63496d0cded0 .scope task, "send_cfg" "send_cfg" 3 140, 3 140 0, S_0x63496d0985c0;
 .timescale -9 -12;
v0x63496d0ce060_0 .var "dist_att", 7 0;
v0x63496d0ce160_0 .var "dist_free", 7 0;
v0x63496d0ce240_0 .var "vel_max", 7 0;
TD_road_shield_top_speed_tb.send_cfg ;
    %pushi/vec4 0, 0, 1;
    %store/vec4 v0x63496d0cf560_0, 0, 1;
    %pushi/vec4 8, 0, 32;
T_4.18 %dup/vec4;
    %pushi/vec4 0, 0, 32;
    %cmp/s;
    %jmp/1xz T_4.19, 5;
    %jmp/1 T_4.19, 4;
    %pushi/vec4 1, 0, 32;
    %sub;
    %wait E_0x63496d00af30;
    %jmp T_4.18;
T_4.19 ;
    %pop/vec4 1;
    %pushi/vec4 2, 0, 8;
    %store/vec4 v0x63496d0ce5e0_0, 0, 8;
    %fork TD_road_shield_top_speed_tb.spi_byte, S_0x63496d0ce300;
    %join;
    %pushi/vec4 16, 0, 8;
    %store/vec4 v0x63496d0ce5e0_0, 0, 8;
    %fork TD_road_shield_top_speed_tb.spi_byte, S_0x63496d0ce300;
    %join;
    %load/vec4 v0x63496d0ce160_0;
    %store/vec4 v0x63496d0ce5e0_0, 0, 8;
    %fork TD_road_shield_top_speed_tb.spi_byte, S_0x63496d0ce300;
    %join;
    %load/vec4 v0x63496d0ce060_0;
    %store/vec4 v0x63496d0ce5e0_0, 0, 8;
    %fork TD_road_shield_top_speed_tb.spi_byte, S_0x63496d0ce300;
    %join;
    %load/vec4 v0x63496d0ce240_0;
    %store/vec4 v0x63496d0ce5e0_0, 0, 8;
    %fork TD_road_shield_top_speed_tb.spi_byte, S_0x63496d0ce300;
    %join;
    %pushi/vec4 3, 0, 8;
    %store/vec4 v0x63496d0ce5e0_0, 0, 8;
    %fork TD_road_shield_top_speed_tb.spi_byte, S_0x63496d0ce300;
    %join;
    %pushi/vec4 8, 0, 32;
T_4.20 %dup/vec4;
    %pushi/vec4 0, 0, 32;
    %cmp/s;
    %jmp/1xz T_4.21, 5;
    %jmp/1 T_4.21, 4;
    %pushi/vec4 1, 0, 32;
    %sub;
    %wait E_0x63496d00af30;
    %jmp T_4.20;
T_4.21 ;
    %pop/vec4 1;
    %pushi/vec4 1, 0, 1;
    %store/vec4 v0x63496d0cf560_0, 0, 1;
    %pushi/vec4 20, 0, 32;
T_4.22 %dup/vec4;
    %pushi/vec4 0, 0, 32;
    %cmp/s;
    %jmp/1xz T_4.23, 5;
    %jmp/1 T_4.23, 4;
    %pushi/vec4 1, 0, 32;
    %sub;
    %wait E_0x63496d00af30;
    %jmp T_4.22;
T_4.23 ;
    %pop/vec4 1;
    %end;
S_0x63496d0ce300 .scope task, "spi_byte" "spi_byte" 3 125, 3 125 0, S_0x63496d0985c0;
 .timescale -9 -12;
v0x63496d0ce4e0_0 .var/i "b", 31 0;
v0x63496d0ce5e0_0 .var "data", 7 0;
TD_road_shield_top_speed_tb.spi_byte ;
    %pushi/vec4 7, 0, 32;
    %store/vec4 v0x63496d0ce4e0_0, 0, 32;
T_5.24 ;
    %load/vec4 v0x63496d0ce4e0_0;
    %cmpi/s 0, 0, 32;
    %flag_inv 5; GE is !LT
    %jmp/0xz T_5.25, 5;
    %load/vec4 v0x63496d0ce5e0_0;
    %load/vec4 v0x63496d0ce4e0_0;
    %part/s 1;
    %store/vec4 v0x63496d0cf8b0_0, 0, 1;
    %pushi/vec4 4, 0, 32;
T_5.26 %dup/vec4;
    %pushi/vec4 0, 0, 32;
    %cmp/s;
    %jmp/1xz T_5.27, 5;
    %jmp/1 T_5.27, 4;
    %pushi/vec4 1, 0, 32;
    %sub;
    %wait E_0x63496d00af30;
    %jmp T_5.26;
T_5.27 ;
    %pop/vec4 1;
    %pushi/vec4 1, 0, 1;
    %store/vec4 v0x63496d0cfab0_0, 0, 1;
    %pushi/vec4 4, 0, 32;
T_5.28 %dup/vec4;
    %pushi/vec4 0, 0, 32;
    %cmp/s;
    %jmp/1xz T_5.29, 5;
    %jmp/1 T_5.29, 4;
    %pushi/vec4 1, 0, 32;
    %sub;
    %wait E_0x63496d00af30;
    %jmp T_5.28;
T_5.29 ;
    %pop/vec4 1;
    %pushi/vec4 0, 0, 1;
    %store/vec4 v0x63496d0cfab0_0, 0, 1;
    %pushi/vec4 2, 0, 32;
T_5.30 %dup/vec4;
    %pushi/vec4 0, 0, 32;
    %cmp/s;
    %jmp/1xz T_5.31, 5;
    %jmp/1 T_5.31, 4;
    %pushi/vec4 1, 0, 32;
    %sub;
    %wait E_0x63496d00af30;
    %jmp T_5.30;
T_5.31 ;
    %pop/vec4 1;
    %load/vec4 v0x63496d0ce4e0_0;
    %subi 1, 0, 32;
    %store/vec4 v0x63496d0ce4e0_0, 0, 32;
    %jmp T_5.24;
T_5.25 ;
    %end;
S_0x63496d0ce6c0 .scope task, "spi_read_byte" "spi_read_byte" 3 77, 3 77 0, S_0x63496d0985c0;
 .timescale -9 -12;
v0x63496d0ce8a0_0 .var/i "b", 31 0;
v0x63496d0ce9a0_0 .var "data", 7 0;
TD_road_shield_top_speed_tb.spi_read_byte ;
    %pushi/vec4 0, 0, 8;
    %store/vec4 v0x63496d0ce9a0_0, 0, 8;
    %pushi/vec4 0, 0, 1;
    %store/vec4 v0x63496d0cf8b0_0, 0, 1;
    %pushi/vec4 7, 0, 32;
    %store/vec4 v0x63496d0ce8a0_0, 0, 32;
T_6.32 ;
    %load/vec4 v0x63496d0ce8a0_0;
    %cmpi/s 0, 0, 32;
    %flag_inv 5; GE is !LT
    %jmp/0xz T_6.33, 5;
    %pushi/vec4 4, 0, 32;
T_6.34 %dup/vec4;
    %pushi/vec4 0, 0, 32;
    %cmp/s;
    %jmp/1xz T_6.35, 5;
    %jmp/1 T_6.35, 4;
    %pushi/vec4 1, 0, 32;
    %sub;
    %wait E_0x63496d00af30;
    %jmp T_6.34;
T_6.35 ;
    %pop/vec4 1;
    %pushi/vec4 1, 0, 1;
    %store/vec4 v0x63496d0cfab0_0, 0, 1;
    %pushi/vec4 4, 0, 32;
T_6.36 %dup/vec4;
    %pushi/vec4 0, 0, 32;
    %cmp/s;
    %jmp/1xz T_6.37, 5;
    %jmp/1 T_6.37, 4;
    %pushi/vec4 1, 0, 32;
    %sub;
    %wait E_0x63496d00af30;
    %jmp T_6.36;
T_6.37 ;
    %pop/vec4 1;
    %load/vec4 v0x63496d0cf7c0_0;
    %ix/getv/s 4, v0x63496d0ce8a0_0;
    %store/vec4 v0x63496d0ce9a0_0, 4, 1;
    %pushi/vec4 0, 0, 1;
    %store/vec4 v0x63496d0cfab0_0, 0, 1;
    %pushi/vec4 2, 0, 32;
T_6.38 %dup/vec4;
    %pushi/vec4 0, 0, 32;
    %cmp/s;
    %jmp/1xz T_6.39, 5;
    %jmp/1 T_6.39, 4;
    %pushi/vec4 1, 0, 32;
    %sub;
    %wait E_0x63496d00af30;
    %jmp T_6.38;
T_6.39 ;
    %pop/vec4 1;
    %load/vec4 v0x63496d0ce8a0_0;
    %subi 1, 0, 32;
    %store/vec4 v0x63496d0ce8a0_0, 0, 32;
    %jmp T_6.32;
T_6.33 ;
    %end;
    .scope S_0x63496d0c9ad0;
T_7 ;
    %pushi/vec4 0, 0, 3;
    %store/vec4 v0x63496d0cb580_0, 0, 3;
    %pushi/vec4 7, 0, 3;
    %store/vec4 v0x63496d0caa30_0, 0, 3;
    %pushi/vec4 0, 0, 2;
    %store/vec4 v0x63496d0cae60_0, 0, 2;
    %end;
    .thread T_7, $init;
    .scope S_0x63496d0c9ad0;
T_8 ;
    %wait E_0x63496d00af30;
    %load/vec4 v0x63496d0cb580_0;
    %parti/s 2, 0, 2;
    %load/vec4 v0x63496d0cb400_0;
    %concat/vec4; draw_concat_vec4
    %assign/vec4 v0x63496d0cb580_0, 0;
    %load/vec4 v0x63496d0caa30_0;
    %parti/s 2, 0, 2;
    %load/vec4 v0x63496d0ca990_0;
    %concat/vec4; draw_concat_vec4
    %assign/vec4 v0x63496d0caa30_0, 0;
    %load/vec4 v0x63496d0cae60_0;
    %parti/s 1, 0, 2;
    %load/vec4 v0x63496d0cada0_0;
    %concat/vec4; draw_concat_vec4
    %assign/vec4 v0x63496d0cae60_0, 0;
    %jmp T_8;
    .thread T_8;
    .scope S_0x63496d0c9ad0;
T_9 ;
    %wait E_0x63496d00af30;
    %load/vec4 v0x63496d0cb120_0;
    %flag_set/vec4 8;
    %jmp/0xz  T_9.0, 8;
    %pushi/vec4 0, 0, 8;
    %assign/vec4 v0x63496d0cb210_0, 0;
    %pushi/vec4 0, 0, 1;
    %assign/vec4 v0x63496d0ca7b0_0, 0;
    %pushi/vec4 0, 0, 1;
    %assign/vec4 v0x63496d0cafe0_0, 0;
    %pushi/vec4 0, 0, 8;
    %assign/vec4 v0x63496d0cb320_0, 0;
    %pushi/vec4 0, 0, 8;
    %assign/vec4 v0x63496d0cb7e0_0, 0;
    %pushi/vec4 0, 0, 3;
    %assign/vec4 v0x63496d0ca6d0_0, 0;
    %pushi/vec4 0, 0, 1;
    %assign/vec4 v0x63496d0cb080_0, 0;
    %jmp T_9.1;
T_9.0 ;
    %pushi/vec4 0, 0, 1;
    %assign/vec4 v0x63496d0ca7b0_0, 0;
    %pushi/vec4 0, 0, 1;
    %assign/vec4 v0x63496d0cafe0_0, 0;
    %load/vec4 v0x63496d0cab10_0;
    %flag_set/vec4 8;
    %jmp/0xz  T_9.2, 8;
    %pushi/vec4 1, 0, 1;
    %assign/vec4 v0x63496d0cafe0_0, 0;
    %jmp T_9.3;
T_9.2 ;
    %load/vec4 v0x63496d0ca610_0;
    %nor/r;
    %flag_set/vec4 8;
    %jmp/0xz  T_9.4, 8;
    %pushi/vec4 0, 0, 3;
    %assign/vec4 v0x63496d0ca6d0_0, 0;
    %pushi/vec4 0, 0, 8;
    %assign/vec4 v0x63496d0cb320_0, 0;
    %load/vec4 v0x63496d0cb720_0;
    %assign/vec4 v0x63496d0cb7e0_0, 0;
    %pushi/vec4 0, 0, 1;
    %assign/vec4 v0x63496d0cb080_0, 0;
    %jmp T_9.5;
T_9.4 ;
    %load/vec4 v0x63496d0cb660_0;
    %flag_set/vec4 8;
    %jmp/0xz  T_9.6, 8;
    %load/vec4 v0x63496d0cb320_0;
    %parti/s 7, 0, 2;
    %load/vec4 v0x63496d0cae60_0;
    %parti/s 1, 1, 2;
    %concat/vec4; draw_concat_vec4
    %assign/vec4 v0x63496d0cb320_0, 0;
    %load/vec4 v0x63496d0ca6d0_0;
    %addi 1, 0, 3;
    %assign/vec4 v0x63496d0ca6d0_0, 0;
    %load/vec4 v0x63496d0ca6d0_0;
    %cmpi/e 7, 0, 3;
    %jmp/0xz  T_9.8, 4;
    %load/vec4 v0x63496d0cb320_0;
    %parti/s 7, 0, 2;
    %load/vec4 v0x63496d0cae60_0;
    %parti/s 1, 1, 2;
    %concat/vec4; draw_concat_vec4
    %assign/vec4 v0x63496d0cb210_0, 0;
    %pushi/vec4 1, 0, 1;
    %assign/vec4 v0x63496d0ca7b0_0, 0;
    %pushi/vec4 1, 0, 1;
    %assign/vec4 v0x63496d0cb080_0, 0;
T_9.8 ;
    %jmp T_9.7;
T_9.6 ;
    %load/vec4 v0x63496d0cb4c0_0;
    %flag_set/vec4 8;
    %jmp/0xz  T_9.10, 8;
    %load/vec4 v0x63496d0cb080_0;
    %flag_set/vec4 8;
    %jmp/0xz  T_9.12, 8;
    %load/vec4 v0x63496d0cb720_0;
    %assign/vec4 v0x63496d0cb7e0_0, 0;
    %pushi/vec4 0, 0, 1;
    %assign/vec4 v0x63496d0cb080_0, 0;
    %jmp T_9.13;
T_9.12 ;
    %load/vec4 v0x63496d0cb7e0_0;
    %parti/s 7, 0, 2;
    %concati/vec4 0, 0, 1;
    %assign/vec4 v0x63496d0cb7e0_0, 0;
T_9.13 ;
T_9.10 ;
T_9.7 ;
T_9.5 ;
T_9.3 ;
T_9.1 ;
    %jmp T_9;
    .thread T_9;
    .scope S_0x63496d0c5b70;
T_10 ;
    %pushi/vec4 0, 0, 3;
    %store/vec4 v0x63496d0c6c60_0, 0, 3;
    %end;
    .thread T_10, $init;
    .scope S_0x63496d0c5b70;
T_11 ;
    %wait E_0x63496d00af30;
    %load/vec4 v0x63496d0c6970_0;
    %flag_set/vec4 8;
    %load/vec4 v0x63496d0c6810_0;
    %nor/r;
    %flag_set/vec4 9;
    %flag_or 9, 8;
    %jmp/0xz  T_11.0, 9;
    %pushi/vec4 0, 0, 3;
    %assign/vec4 v0x63496d0c6c60_0, 0;
    %jmp T_11.1;
T_11.0 ;
    %load/vec4 v0x63496d0c61c0_0;
    %flag_set/vec4 8;
    %jmp/0xz  T_11.2, 8;
    %load/vec4 v0x63496d0c6c60_0;
    %addi 1, 0, 3;
    %assign/vec4 v0x63496d0c6c60_0, 0;
T_11.2 ;
T_11.1 ;
    %jmp T_11;
    .thread T_11;
    .scope S_0x63496d0c5b70;
T_12 ;
    %wait E_0x63496d0ac2b0;
    %load/vec4 v0x63496d0c6d40_0;
    %dup/vec4;
    %pushi/vec4 0, 0, 3;
    %cmp/u;
    %jmp/1 T_12.0, 6;
    %dup/vec4;
    %pushi/vec4 1, 0, 3;
    %cmp/u;
    %jmp/1 T_12.1, 6;
    %dup/vec4;
    %pushi/vec4 2, 0, 3;
    %cmp/u;
    %jmp/1 T_12.2, 6;
    %dup/vec4;
    %pushi/vec4 3, 0, 3;
    %cmp/u;
    %jmp/1 T_12.3, 6;
    %dup/vec4;
    %pushi/vec4 4, 0, 3;
    %cmp/u;
    %jmp/1 T_12.4, 6;
    %dup/vec4;
    %pushi/vec4 5, 0, 3;
    %cmp/u;
    %jmp/1 T_12.5, 6;
    %dup/vec4;
    %pushi/vec4 6, 0, 3;
    %cmp/u;
    %jmp/1 T_12.6, 6;
    %dup/vec4;
    %pushi/vec4 7, 0, 3;
    %cmp/u;
    %jmp/1 T_12.7, 6;
    %pushi/vec4 0, 0, 8;
    %store/vec4 v0x63496d0c6b80_0, 0, 8;
    %jmp T_12.9;
T_12.0 ;
    %pushi/vec4 2, 0, 8;
    %store/vec4 v0x63496d0c6b80_0, 0, 8;
    %jmp T_12.9;
T_12.1 ;
    %pushi/vec4 32, 0, 8;
    %store/vec4 v0x63496d0c6b80_0, 0, 8;
    %jmp T_12.9;
T_12.2 ;
    %load/vec4 v0x63496d0c6ae0_0;
    %store/vec4 v0x63496d0c6b80_0, 0, 8;
    %jmp T_12.9;
T_12.3 ;
    %load/vec4 v0x63496d0c6730_0;
    %store/vec4 v0x63496d0c6b80_0, 0, 8;
    %jmp T_12.9;
T_12.4 ;
    %load/vec4 v0x63496d0c6570_0;
    %store/vec4 v0x63496d0c6b80_0, 0, 8;
    %jmp T_12.9;
T_12.5 ;
    %load/vec4 v0x63496d0c6650_0;
    %store/vec4 v0x63496d0c6b80_0, 0, 8;
    %jmp T_12.9;
T_12.6 ;
    %load/vec4 v0x63496d0c64b0_0;
    %store/vec4 v0x63496d0c6b80_0, 0, 8;
    %jmp T_12.9;
T_12.7 ;
    %pushi/vec4 3, 0, 8;
    %store/vec4 v0x63496d0c6b80_0, 0, 8;
    %jmp T_12.9;
T_12.9 ;
    %pop/vec4 1;
    %jmp T_12;
    .thread T_12, $push;
    .scope S_0x63496d0c49b0;
T_13 ;
    %pushi/vec4 100, 0, 8;
    %store/vec4 v0x63496d0c5390_0, 0, 8;
    %pushi/vec4 50, 0, 8;
    %store/vec4 v0x63496d08f300_0, 0, 8;
    %pushi/vec4 120, 0, 8;
    %store/vec4 v0x63496d0c5890_0, 0, 8;
    %pushi/vec4 0, 0, 1;
    %store/vec4 v0x63496d08d870_0, 0, 1;
    %pushi/vec4 0, 0, 3;
    %store/vec4 v0x63496d0c57b0_0, 0, 3;
    %pushi/vec4 100, 0, 8;
    %store/vec4 v0x63496d0c5470_0, 0, 8;
    %pushi/vec4 50, 0, 8;
    %store/vec4 v0x63496d08de90_0, 0, 8;
    %pushi/vec4 120, 0, 8;
    %store/vec4 v0x63496d0c5970_0, 0, 8;
    %end;
    .thread T_13, $init;
    .scope S_0x63496d0c49b0;
T_14 ;
    %wait E_0x63496d00af30;
    %load/vec4 v0x63496d0c5610_0;
    %flag_set/vec4 8;
    %jmp/0xz  T_14.0, 8;
    %pushi/vec4 0, 0, 3;
    %assign/vec4 v0x63496d0c57b0_0, 0;
    %pushi/vec4 100, 0, 8;
    %assign/vec4 v0x63496d0c5390_0, 0;
    %pushi/vec4 50, 0, 8;
    %assign/vec4 v0x63496d08f300_0, 0;
    %pushi/vec4 120, 0, 8;
    %assign/vec4 v0x63496d0c5890_0, 0;
    %pushi/vec4 100, 0, 8;
    %assign/vec4 v0x63496d0c5470_0, 0;
    %pushi/vec4 50, 0, 8;
    %assign/vec4 v0x63496d08de90_0, 0;
    %pushi/vec4 120, 0, 8;
    %assign/vec4 v0x63496d0c5970_0, 0;
    %pushi/vec4 0, 0, 1;
    %assign/vec4 v0x63496d08d870_0, 0;
    %jmp T_14.1;
T_14.0 ;
    %pushi/vec4 0, 0, 1;
    %assign/vec4 v0x63496d08d870_0, 0;
    %load/vec4 v0x63496d0c5550_0;
    %load/vec4 v0x63496d0c57b0_0;
    %pushi/vec4 0, 0, 3;
    %cmp/ne;
    %flag_get/vec4 4;
    %and;
    %flag_set/vec4 8;
    %jmp/0xz  T_14.2, 8;
    %pushi/vec4 0, 0, 3;
    %assign/vec4 v0x63496d0c57b0_0, 0;
    %jmp T_14.3;
T_14.2 ;
    %load/vec4 v0x63496d08adb0_0;
    %flag_set/vec4 8;
    %jmp/0xz  T_14.4, 8;
    %load/vec4 v0x63496d0c57b0_0;
    %dup/vec4;
    %pushi/vec4 0, 0, 3;
    %cmp/u;
    %jmp/1 T_14.6, 6;
    %dup/vec4;
    %pushi/vec4 1, 0, 3;
    %cmp/u;
    %jmp/1 T_14.7, 6;
    %dup/vec4;
    %pushi/vec4 2, 0, 3;
    %cmp/u;
    %jmp/1 T_14.8, 6;
    %dup/vec4;
    %pushi/vec4 3, 0, 3;
    %cmp/u;
    %jmp/1 T_14.9, 6;
    %dup/vec4;
    %pushi/vec4 4, 0, 3;
    %cmp/u;
    %jmp/1 T_14.10, 6;
    %dup/vec4;
    %pushi/vec4 5, 0, 3;
    %cmp/u;
    %jmp/1 T_14.11, 6;
    %pushi/vec4 0, 0, 3;
    %assign/vec4 v0x63496d0c57b0_0, 0;
    %jmp T_14.13;
T_14.6 ;
    %load/vec4 v0x63496d0c56d0_0;
    %cmpi/e 2, 0, 8;
    %flag_mov 8, 4;
    %jmp/0 T_14.14, 8;
    %pushi/vec4 1, 0, 3;
    %jmp/1 T_14.15, 8;
T_14.14 ; End of true expr.
    %pushi/vec4 0, 0, 3;
    %jmp/0 T_14.15, 8;
 ; End of false expr.
    %blend;
T_14.15;
    %assign/vec4 v0x63496d0c57b0_0, 0;
    %jmp T_14.13;
T_14.7 ;
    %load/vec4 v0x63496d0c56d0_0;
    %cmpi/e 16, 0, 8;
    %flag_mov 8, 4;
    %jmp/0 T_14.16, 8;
    %pushi/vec4 2, 0, 3;
    %jmp/1 T_14.17, 8;
T_14.16 ; End of true expr.
    %pushi/vec4 0, 0, 3;
    %jmp/0 T_14.17, 8;
 ; End of false expr.
    %blend;
T_14.17;
    %assign/vec4 v0x63496d0c57b0_0, 0;
    %jmp T_14.13;
T_14.8 ;
    %load/vec4 v0x63496d0c56d0_0;
    %assign/vec4 v0x63496d0c5470_0, 0;
    %pushi/vec4 3, 0, 3;
    %assign/vec4 v0x63496d0c57b0_0, 0;
    %jmp T_14.13;
T_14.9 ;
    %load/vec4 v0x63496d0c56d0_0;
    %assign/vec4 v0x63496d08de90_0, 0;
    %pushi/vec4 4, 0, 3;
    %assign/vec4 v0x63496d0c57b0_0, 0;
    %jmp T_14.13;
T_14.10 ;
    %load/vec4 v0x63496d0c56d0_0;
    %assign/vec4 v0x63496d0c5970_0, 0;
    %pushi/vec4 5, 0, 3;
    %assign/vec4 v0x63496d0c57b0_0, 0;
    %jmp T_14.13;
T_14.11 ;
    %load/vec4 v0x63496d0c56d0_0;
    %cmpi/e 3, 0, 8;
    %jmp/0xz  T_14.18, 4;
    %load/vec4 v0x63496d0c5470_0;
    %assign/vec4 v0x63496d0c5390_0, 0;
    %load/vec4 v0x63496d08de90_0;
    %assign/vec4 v0x63496d08f300_0, 0;
    %load/vec4 v0x63496d0c5970_0;
    %assign/vec4 v0x63496d0c5890_0, 0;
    %pushi/vec4 1, 0, 1;
    %assign/vec4 v0x63496d08d870_0, 0;
T_14.18 ;
    %pushi/vec4 0, 0, 3;
    %assign/vec4 v0x63496d0c57b0_0, 0;
    %jmp T_14.13;
T_14.13 ;
    %pop/vec4 1;
T_14.4 ;
T_14.3 ;
T_14.1 ;
    %jmp T_14;
    .thread T_14;
    .scope S_0x63496d0c8210;
T_15 ;
    %pushi/vec4 0, 0, 19;
    %store/vec4 v0x63496d0c9690_0, 0, 19;
    %pushi/vec4 0, 0, 8;
    %store/vec4 v0x63496d0c9860_0, 0, 8;
    %pushi/vec4 0, 0, 1;
    %store/vec4 v0x63496d0c8fa0_0, 0, 1;
    %pushi/vec4 0, 0, 1;
    %store/vec4 v0x63496d0c91e0_0, 0, 1;
    %end;
    .thread T_15, $init;
    .scope S_0x63496d0c8210;
T_16 ;
    %wait E_0x63496d00af30;
    %load/vec4 v0x63496d0c95f0_0;
    %flag_set/vec4 8;
    %jmp/0 T_16.0, 8;
    %pushi/vec4 0, 0, 19;
    %jmp/1 T_16.1, 8;
T_16.0 ; End of true expr.
    %load/vec4 v0x63496d0c9690_0;
    %addi 1, 0, 19;
    %jmp/0 T_16.1, 8;
 ; End of false expr.
    %blend;
T_16.1;
    %assign/vec4 v0x63496d0c9690_0, 0;
    %load/vec4 v0x63496d0c95f0_0;
    %flag_set/vec4 8;
    %jmp/0xz  T_16.2, 8;
    %load/vec4 v0x63496d0c8ee0_0;
    %assign/vec4 v0x63496d0c8fa0_0, 0;
    %load/vec4 v0x63496d0c9120_0;
    %assign/vec4 v0x63496d0c91e0_0, 0;
    %load/vec4 v0x63496d0c8ee0_0;
    %load/vec4 v0x63496d0c8fa0_0;
    %nor/r;
    %and;
    %flag_set/vec4 8;
    %jmp/0xz  T_16.4, 8;
    %pushi/vec4 0, 0, 1;
    %load/vec4 v0x63496d0c9340_0;
    %concat/vec4; draw_concat_vec4
    %load/vec4 v0x63496d0c9920_0;
    %cmp/u;
    %flag_mov 8, 5;
    %jmp/0 T_16.6, 8;
    %load/vec4 v0x63496d0c9340_0;
    %jmp/1 T_16.7, 8;
T_16.6 ; End of true expr.
    %load/vec4 v0x63496d0c9920_0;
    %parti/s 8, 0, 2;
    %jmp/0 T_16.7, 8;
 ; End of false expr.
    %blend;
T_16.7;
    %assign/vec4 v0x63496d0c9860_0, 0;
    %jmp T_16.5;
T_16.4 ;
    %load/vec4 v0x63496d0c9120_0;
    %load/vec4 v0x63496d0c91e0_0;
    %nor/r;
    %and;
    %flag_set/vec4 8;
    %jmp/0xz  T_16.8, 8;
    %load/vec4 v0x63496d0c9860_0;
    %cmpi/u 5, 0, 8;
    %flag_mov 8, 5;
    %jmp/0 T_16.10, 8;
    %pushi/vec4 0, 0, 8;
    %jmp/1 T_16.11, 8;
T_16.10 ; End of true expr.
    %load/vec4 v0x63496d0c9860_0;
    %subi 5, 0, 8;
    %jmp/0 T_16.11, 8;
 ; End of false expr.
    %blend;
T_16.11;
    %assign/vec4 v0x63496d0c9860_0, 0;
    %jmp T_16.9;
T_16.8 ;
    %load/vec4 v0x63496d0c9340_0;
    %load/vec4 v0x63496d0c9860_0;
    %cmp/u;
    %jmp/0xz  T_16.12, 5;
    %load/vec4 v0x63496d0c9340_0;
    %assign/vec4 v0x63496d0c9860_0, 0;
T_16.12 ;
T_16.9 ;
T_16.5 ;
T_16.2 ;
    %jmp T_16;
    .thread T_16;
    .scope S_0x63496d0c6fc0;
T_17 ;
    %pushi/vec4 0, 0, 16;
    %store/vec4 v0x63496d0c7e90_0, 0, 16;
    %pushi/vec4 0, 0, 4;
    %store/vec4 v0x63496d0c78a0_0, 0, 4;
    %pushi/vec4 0, 0, 16;
    %store/vec4 v0x63496d0c7cd0_0, 0, 16;
    %pushi/vec4 0, 0, 5;
    %store/vec4 v0x63496d0c7640_0, 0, 5;
    %pushi/vec4 0, 0, 3;
    %store/vec4 v0x63496d0c7db0_0, 0, 3;
    %end;
    .thread T_17, $init;
    .scope S_0x63496d0c6fc0;
T_18 ;
    %pushi/vec4 1, 0, 1;
    %store/vec4 v0x63496d0c7a90_0, 0, 1;
    %pushi/vec4 0, 0, 1;
    %store/vec4 v0x63496d0c7980_0, 0, 1;
    %pushi/vec4 0, 0, 1;
    %store/vec4 v0x63496d0c7b50_0, 0, 1;
    %end;
    .thread T_18;
    .scope S_0x63496d0c6fc0;
T_19 ;
    %wait E_0x63496d0ac960;
    %load/vec4 v0x63496d0c78a0_0;
    %dup/vec4;
    %pushi/vec4 0, 0, 4;
    %cmp/u;
    %jmp/1 T_19.0, 6;
    %dup/vec4;
    %pushi/vec4 1, 0, 4;
    %cmp/u;
    %jmp/1 T_19.1, 6;
    %dup/vec4;
    %pushi/vec4 2, 0, 4;
    %cmp/u;
    %jmp/1 T_19.2, 6;
    %dup/vec4;
    %pushi/vec4 3, 0, 4;
    %cmp/u;
    %jmp/1 T_19.3, 6;
    %dup/vec4;
    %pushi/vec4 4, 0, 4;
    %cmp/u;
    %jmp/1 T_19.4, 6;
    %dup/vec4;
    %pushi/vec4 5, 0, 4;
    %cmp/u;
    %jmp/1 T_19.5, 6;
    %dup/vec4;
    %pushi/vec4 6, 0, 4;
    %cmp/u;
    %jmp/1 T_19.6, 6;
    %dup/vec4;
    %pushi/vec4 7, 0, 4;
    %cmp/u;
    %jmp/1 T_19.7, 6;
    %dup/vec4;
    %pushi/vec4 8, 0, 4;
    %cmp/u;
    %jmp/1 T_19.8, 6;
    %dup/vec4;
    %pushi/vec4 9, 0, 4;
    %cmp/u;
    %jmp/1 T_19.9, 6;
    %pushi/vec4 1792, 0, 32;
    %load/vec4 v0x63496d0c8050_0;
    %pad/u 32;
    %pushi/vec4 100, 0, 32;
    %div;
    %pushi/vec4 10, 0, 32;
    %mod;
    %add;
    %pad/u 16;
    %store/vec4 v0x63496d0c7800_0, 0, 16;
    %jmp T_19.11;
T_19.0 ;
    %pushi/vec4 3840, 0, 16;
    %store/vec4 v0x63496d0c7800_0, 0, 16;
    %jmp T_19.11;
T_19.1 ;
    %pushi/vec4 2559, 0, 16;
    %store/vec4 v0x63496d0c7800_0, 0, 16;
    %jmp T_19.11;
T_19.2 ;
    %pushi/vec4 2823, 0, 16;
    %store/vec4 v0x63496d0c7800_0, 0, 16;
    %jmp T_19.11;
T_19.3 ;
    %pushi/vec4 2568, 0, 16;
    %store/vec4 v0x63496d0c7800_0, 0, 16;
    %jmp T_19.11;
T_19.4 ;
    %pushi/vec4 3073, 0, 16;
    %store/vec4 v0x63496d0c7800_0, 0, 16;
    %jmp T_19.11;
T_19.5 ;
    %pushi/vec4 256, 0, 32;
    %load/vec4 v0x63496d0c7f70_0;
    %pad/u 32;
    %pushi/vec4 10, 0, 32;
    %mod;
    %add;
    %pad/u 16;
    %store/vec4 v0x63496d0c7800_0, 0, 16;
    %jmp T_19.11;
T_19.6 ;
    %pushi/vec4 512, 0, 32;
    %load/vec4 v0x63496d0c7f70_0;
    %pad/u 32;
    %pushi/vec4 10, 0, 32;
    %div;
    %pushi/vec4 10, 0, 32;
    %mod;
    %add;
    %pad/u 16;
    %store/vec4 v0x63496d0c7800_0, 0, 16;
    %jmp T_19.11;
T_19.7 ;
    %pushi/vec4 768, 0, 32;
    %load/vec4 v0x63496d0c7f70_0;
    %pad/u 32;
    %pushi/vec4 100, 0, 32;
    %div;
    %pushi/vec4 10, 0, 32;
    %mod;
    %add;
    %pad/u 16;
    %store/vec4 v0x63496d0c7800_0, 0, 16;
    %jmp T_19.11;
T_19.8 ;
    %pushi/vec4 1280, 0, 32;
    %load/vec4 v0x63496d0c8050_0;
    %pad/u 32;
    %pushi/vec4 10, 0, 32;
    %mod;
    %add;
    %pad/u 16;
    %store/vec4 v0x63496d0c7800_0, 0, 16;
    %jmp T_19.11;
T_19.9 ;
    %pushi/vec4 1536, 0, 32;
    %load/vec4 v0x63496d0c8050_0;
    %pad/u 32;
    %pushi/vec4 10, 0, 32;
    %div;
    %pushi/vec4 10, 0, 32;
    %mod;
    %add;
    %pad/u 16;
    %store/vec4 v0x63496d0c7800_0, 0, 16;
    %jmp T_19.11;
T_19.11 ;
    %pop/vec4 1;
    %jmp T_19;
    .thread T_19, $push;
    .scope S_0x63496d0c6fc0;
T_20 ;
    %wait E_0x63496d0ac270;
    %load/vec4 v0x63496d0c7c10_0;
    %nor/r;
    %flag_set/vec4 8;
    %jmp/0xz  T_20.0, 8;
    %pushi/vec4 0, 0, 16;
    %assign/vec4 v0x63496d0c7e90_0, 0;
    %pushi/vec4 0, 0, 4;
    %assign/vec4 v0x63496d0c78a0_0, 0;
    %pushi/vec4 0, 0, 16;
    %assign/vec4 v0x63496d0c7cd0_0, 0;
    %pushi/vec4 0, 0, 5;
    %assign/vec4 v0x63496d0c7640_0, 0;
    %pushi/vec4 0, 0, 3;
    %assign/vec4 v0x63496d0c7db0_0, 0;
    %pushi/vec4 1, 0, 1;
    %assign/vec4 v0x63496d0c7a90_0, 0;
    %pushi/vec4 0, 0, 1;
    %assign/vec4 v0x63496d0c7980_0, 0;
    %pushi/vec4 0, 0, 1;
    %assign/vec4 v0x63496d0c7b50_0, 0;
    %jmp T_20.1;
T_20.0 ;
    %load/vec4 v0x63496d0c7e90_0;
    %cmpi/ne 270, 0, 16;
    %jmp/0xz  T_20.2, 4;
    %load/vec4 v0x63496d0c7e90_0;
    %addi 1, 0, 16;
    %assign/vec4 v0x63496d0c7e90_0, 0;
    %jmp T_20.3;
T_20.2 ;
    %pushi/vec4 0, 0, 16;
    %assign/vec4 v0x63496d0c7e90_0, 0;
    %load/vec4 v0x63496d0c7db0_0;
    %dup/vec4;
    %pushi/vec4 0, 0, 3;
    %cmp/u;
    %jmp/1 T_20.4, 6;
    %dup/vec4;
    %pushi/vec4 1, 0, 3;
    %cmp/u;
    %jmp/1 T_20.5, 6;
    %dup/vec4;
    %pushi/vec4 2, 0, 3;
    %cmp/u;
    %jmp/1 T_20.6, 6;
    %dup/vec4;
    %pushi/vec4 3, 0, 3;
    %cmp/u;
    %jmp/1 T_20.7, 6;
    %dup/vec4;
    %pushi/vec4 4, 0, 3;
    %cmp/u;
    %jmp/1 T_20.8, 6;
    %pushi/vec4 0, 0, 3;
    %assign/vec4 v0x63496d0c7db0_0, 0;
    %jmp T_20.10;
T_20.4 ;
    %load/vec4 v0x63496d0c7800_0;
    %assign/vec4 v0x63496d0c7cd0_0, 0;
    %pushi/vec4 16, 0, 5;
    %assign/vec4 v0x63496d0c7640_0, 0;
    %pushi/vec4 0, 0, 1;
    %assign/vec4 v0x63496d0c7a90_0, 0;
    %pushi/vec4 0, 0, 1;
    %assign/vec4 v0x63496d0c7980_0, 0;
    %pushi/vec4 1, 0, 3;
    %assign/vec4 v0x63496d0c7db0_0, 0;
    %jmp T_20.10;
T_20.5 ;
    %load/vec4 v0x63496d0c7cd0_0;
    %parti/s 1, 15, 5;
    %assign/vec4 v0x63496d0c7b50_0, 0;
    %pushi/vec4 0, 0, 1;
    %assign/vec4 v0x63496d0c7980_0, 0;
    %pushi/vec4 2, 0, 3;
    %assign/vec4 v0x63496d0c7db0_0, 0;
    %jmp T_20.10;
T_20.6 ;
    %pushi/vec4 1, 0, 1;
    %assign/vec4 v0x63496d0c7980_0, 0;
    %load/vec4 v0x63496d0c7cd0_0;
    %ix/load 4, 1, 0;
    %flag_set/imm 4, 0;
    %shiftl 4;
    %assign/vec4 v0x63496d0c7cd0_0, 0;
    %load/vec4 v0x63496d0c7640_0;
    %subi 1, 0, 5;
    %assign/vec4 v0x63496d0c7640_0, 0;
    %load/vec4 v0x63496d0c7640_0;
    %cmpi/e 1, 0, 5;
    %flag_mov 8, 4;
    %jmp/0 T_20.11, 8;
    %pushi/vec4 3, 0, 3;
    %jmp/1 T_20.12, 8;
T_20.11 ; End of true expr.
    %pushi/vec4 1, 0, 3;
    %jmp/0 T_20.12, 8;
 ; End of false expr.
    %blend;
T_20.12;
    %assign/vec4 v0x63496d0c7db0_0, 0;
    %jmp T_20.10;
T_20.7 ;
    %pushi/vec4 0, 0, 1;
    %assign/vec4 v0x63496d0c7980_0, 0;
    %pushi/vec4 4, 0, 3;
    %assign/vec4 v0x63496d0c7db0_0, 0;
    %jmp T_20.10;
T_20.8 ;
    %pushi/vec4 1, 0, 1;
    %assign/vec4 v0x63496d0c7a90_0, 0;
    %load/vec4 v0x63496d0c78a0_0;
    %cmpi/e 10, 0, 4;
    %flag_mov 8, 4;
    %jmp/0 T_20.13, 8;
    %pushi/vec4 0, 0, 4;
    %jmp/1 T_20.14, 8;
T_20.13 ; End of true expr.
    %load/vec4 v0x63496d0c78a0_0;
    %addi 1, 0, 4;
    %jmp/0 T_20.14, 8;
 ; End of false expr.
    %blend;
T_20.14;
    %assign/vec4 v0x63496d0c78a0_0, 0;
    %pushi/vec4 0, 0, 3;
    %assign/vec4 v0x63496d0c7db0_0, 0;
    %jmp T_20.10;
T_20.10 ;
    %pop/vec4 1;
T_20.3 ;
T_20.1 ;
    %jmp T_20;
    .thread T_20;
    .scope S_0x63496d0c4580;
T_21 ;
    %pushi/vec4 0, 0, 8;
    %store/vec4 v0x63496d0cc430_0, 0, 8;
    %end;
    .thread T_21, $init;
    .scope S_0x63496d0c4580;
T_22 ;
    %wait E_0x63496d00af30;
    %load/vec4 v0x63496d0cc610_0;
    %flag_set/vec4 8;
    %jmp/0xz  T_22.0, 8;
    %load/vec4 v0x63496d0cc430_0;
    %addi 1, 0, 8;
    %assign/vec4 v0x63496d0cc430_0, 0;
T_22.0 ;
    %jmp T_22;
    .thread T_22;
    .scope S_0x63496d0985c0;
T_23 ;
    %pushi/vec4 0, 0, 1;
    %store/vec4 v0x63496d0ceca0_0, 0, 1;
    %end;
    .thread T_23;
    .scope S_0x63496d0985c0;
T_24 ;
    %delay 5000, 0;
    %load/vec4 v0x63496d0ceca0_0;
    %inv;
    %store/vec4 v0x63496d0ceca0_0, 0, 1;
    %jmp T_24;
    .thread T_24;
    .scope S_0x63496d0985c0;
T_25 ;
    %vpi_call/w 3 37 "$dumpfile", "tb/road_shield_top_speed_tb.vcd" {0 0 0};
    %vpi_call/w 3 38 "$dumpvars", 32'sb00000000000000000000000000000000, S_0x63496d0985c0 {0 0 0};
    %end;
    .thread T_25;
    .scope S_0x63496d0985c0;
T_26 ;
    %wait E_0x63496d0cd150;
    %load/vec4 v0x63496d0cf6e0_0;
    %addi 1, 0, 32;
    %store/vec4 v0x63496d0cf6e0_0, 0, 32;
    %jmp T_26;
    .thread T_26;
    .scope S_0x63496d0985c0;
T_27 ;
    %pushi/vec4 0, 0, 32;
    %store/vec4 v0x63496d0cf6e0_0, 0, 32;
    %pushi/vec4 1, 0, 1;
    %store/vec4 v0x63496d0cea80_0, 0, 1;
    %pushi/vec4 1, 0, 1;
    %store/vec4 v0x63496d0ceb90_0, 0, 1;
    %pushi/vec4 0, 0, 1;
    %store/vec4 v0x63496d0cfab0_0, 0, 1;
    %pushi/vec4 0, 0, 1;
    %store/vec4 v0x63496d0cf8b0_0, 0, 1;
    %pushi/vec4 1, 0, 1;
    %store/vec4 v0x63496d0cf560_0, 0, 1;
    %pushi/vec4 300, 0, 32;
T_27.0 %dup/vec4;
    %pushi/vec4 0, 0, 32;
    %cmp/s;
    %jmp/1xz T_27.1, 5;
    %jmp/1 T_27.1, 4;
    %pushi/vec4 1, 0, 32;
    %sub;
    %wait E_0x63496d00af30;
    %jmp T_27.0;
T_27.1 ;
    %pop/vec4 1;
    %pushi/vec4 100, 0, 8;
    %store/vec4 v0x63496d0ce160_0, 0, 8;
    %pushi/vec4 50, 0, 8;
    %store/vec4 v0x63496d0ce060_0, 0, 8;
    %pushi/vec4 100, 0, 8;
    %store/vec4 v0x63496d0ce240_0, 0, 8;
    %fork TD_road_shield_top_speed_tb.send_cfg, S_0x63496d0cded0;
    %join;
    %pushi/vec4 1, 0, 1;
    %store/vec4 v0x63496d0cd390_0, 0, 1;
    %fork TD_road_shield_top_speed_tb.press, S_0x63496d0cd1b0;
    %join;
    %pushi/vec4 5, 0, 8;
    %store/vec4 v0x63496d07f5f0_0, 0, 8;
    %pushi/vec4 0, 0, 32; draw_string_vec4
    %pushi/vec4 0, 0, 32; draw_string_vec4
    %concat/vec4; draw_string_vec4
    %pushi/vec4 0, 0, 32; draw_string_vec4
    %concat/vec4; draw_string_vec4
    %pushi/vec4 105, 0, 32; draw_string_vec4
    %concat/vec4; draw_string_vec4
    %pushi/vec4 1852011109, 0, 32; draw_string_vec4
    %concat/vec4; draw_string_vec4
    %pushi/vec4 1835363956, 0, 32; draw_string_vec4
    %concat/vec4; draw_string_vec4
    %pushi/vec4 1864393313, 0, 32; draw_string_vec4
    %concat/vec4; draw_string_vec4
    %pushi/vec4 1936286575, 0, 32; draw_string_vec4
    %concat/vec4; draw_string_vec4
    %store/vec4 v0x63496d0a1d10_0, 0, 256;
    %fork TD_road_shield_top_speed_tb.check, S_0x63496d090dc0;
    %join;
    %pushi/vec4 0, 0, 32;
    %store/vec4 v0x63496d0cede0_0, 0, 32;
T_27.2 ;
    %load/vec4 v0x63496d0cede0_0;
    %cmpi/s 24, 0, 32;
    %jmp/0xz T_27.3, 5;
    %pushi/vec4 1, 0, 1;
    %store/vec4 v0x63496d0cd390_0, 0, 1;
    %fork TD_road_shield_top_speed_tb.press, S_0x63496d0cd1b0;
    %join;
    %load/vec4 v0x63496d0cf480_0;
    %cmpi/u 100, 0, 8;
    %flag_or 5, 4; GT is !LE
    %flag_inv 5;
    %jmp/0xz  T_27.4, 5;
    %vpi_call/w 3 176 "$display", "ERROR saturacao iter %0d: speed=%0d > MAX=%0d", v0x63496d0cede0_0, v0x63496d0cf480_0, P_0x63496d0329d0 {0 0 0};
T_27.4 ;
    %load/vec4 v0x63496d0cede0_0;
    %addi 1, 0, 32;
    %store/vec4 v0x63496d0cede0_0, 0, 32;
    %jmp T_27.2;
T_27.3 ;
    %pushi/vec4 100, 0, 8;
    %store/vec4 v0x63496d07f5f0_0, 0, 8;
    %pushi/vec4 0, 0, 32; draw_string_vec4
    %pushi/vec4 0, 0, 32; draw_string_vec4
    %concat/vec4; draw_string_vec4
    %pushi/vec4 1315008288, 0, 32; draw_string_vec4
    %concat/vec4; draw_string_vec4
    %pushi/vec4 1970041970, 0, 32; draw_string_vec4
    %concat/vec4; draw_string_vec4
    %pushi/vec4 1634754931, 0, 32; draw_string_vec4
    %concat/vec4; draw_string_vec4
    %pushi/vec4 1936662637, 0, 32; draw_string_vec4
    %concat/vec4; draw_string_vec4
    %pushi/vec4 1635262579, 0, 32; draw_string_vec4
    %concat/vec4; draw_string_vec4
    %pushi/vec4 1885693284, 0, 32; draw_string_vec4
    %concat/vec4; draw_string_vec4
    %store/vec4 v0x63496d0a1d10_0, 0, 256;
    %fork TD_road_shield_top_speed_tb.check, S_0x63496d090dc0;
    %join;
    %pushi/vec4 0, 0, 32;
    %store/vec4 v0x63496d0cede0_0, 0, 32;
T_27.6 ;
    %load/vec4 v0x63496d0cede0_0;
    %cmpi/s 25, 0, 32;
    %jmp/0xz T_27.7, 5;
    %pushi/vec4 0, 0, 1;
    %store/vec4 v0x63496d0cd390_0, 0, 1;
    %fork TD_road_shield_top_speed_tb.press, S_0x63496d0cd1b0;
    %join;
    %load/vec4 v0x63496d0cede0_0;
    %addi 1, 0, 32;
    %store/vec4 v0x63496d0cede0_0, 0, 32;
    %jmp T_27.6;
T_27.7 ;
    %pushi/vec4 0, 0, 8;
    %store/vec4 v0x63496d07f5f0_0, 0, 8;
    %pushi/vec4 0, 0, 32; draw_string_vec4
    %pushi/vec4 0, 0, 32; draw_string_vec4
    %concat/vec4; draw_string_vec4
    %pushi/vec4 0, 0, 32; draw_string_vec4
    %concat/vec4; draw_string_vec4
    %pushi/vec4 117, 0, 32; draw_string_vec4
    %concat/vec4; draw_string_vec4
    %pushi/vec4 1852073330, 0, 32; draw_string_vec4
    %concat/vec4; draw_string_vec4
    %pushi/vec4 1718382455, 0, 32; draw_string_vec4
    %concat/vec4; draw_string_vec4
    %pushi/vec4 543517984, 0, 32; draw_string_vec4
    %concat/vec4; draw_string_vec4
    %pushi/vec4 2053468783, 0, 32; draw_string_vec4
    %concat/vec4; draw_string_vec4
    %store/vec4 v0x63496d0a1d10_0, 0, 256;
    %fork TD_road_shield_top_speed_tb.check, S_0x63496d090dc0;
    %join;
    %pushi/vec4 0, 0, 32;
    %store/vec4 v0x63496d0cede0_0, 0, 32;
T_27.8 ;
    %load/vec4 v0x63496d0cede0_0;
    %cmpi/s 3, 0, 32;
    %jmp/0xz T_27.9, 5;
    %pushi/vec4 1, 0, 1;
    %store/vec4 v0x63496d0cd390_0, 0, 1;
    %fork TD_road_shield_top_speed_tb.press, S_0x63496d0cd1b0;
    %join;
    %load/vec4 v0x63496d0cede0_0;
    %addi 1, 0, 32;
    %store/vec4 v0x63496d0cede0_0, 0, 32;
    %jmp T_27.8;
T_27.9 ;
    %pushi/vec4 15, 0, 8;
    %store/vec4 v0x63496d07f5f0_0, 0, 8;
    %pushi/vec4 0, 0, 32; draw_string_vec4
    %pushi/vec4 0, 0, 32; draw_string_vec4
    %concat/vec4; draw_string_vec4
    %pushi/vec4 0, 0, 32; draw_string_vec4
    %concat/vec4; draw_string_vec4
    %pushi/vec4 1936745829, 0, 32; draw_string_vec4
    %concat/vec4; draw_string_vec4
    %pushi/vec4 1679847521, 0, 32; draw_string_vec4
    %concat/vec4; draw_string_vec4
    %pushi/vec4 1918967924, 0, 32; draw_string_vec4
    %concat/vec4; draw_string_vec4
    %pushi/vec4 1702065253, 0, 32; draw_string_vec4
    %concat/vec4; draw_string_vec4
    %pushi/vec4 542330953, 0, 32; draw_string_vec4
    %concat/vec4; draw_string_vec4
    %store/vec4 v0x63496d0a1d10_0, 0, 256;
    %fork TD_road_shield_top_speed_tb.check, S_0x63496d090dc0;
    %join;
    %pushi/vec4 0, 0, 32;
    %store/vec4 v0x63496d0cf600_0, 0, 32;
    %pushi/vec4 0, 0, 32;
    %store/vec4 v0x63496d0cede0_0, 0, 32;
T_27.10 ;
    %load/vec4 v0x63496d0cede0_0;
    %cmpi/s 12, 0, 32;
    %jmp/0xz T_27.11, 5;
    %fork TD_road_shield_top_speed_tb.get_frame, S_0x63496d0ccf50;
    %join;
    %load/vec4 v0x63496d0cf3a0_0;
    %pad/u 32;
    %pushi/vec4 261, 0, 32;
    %cmp/e;
    %flag_get/vec4 6;
    %load/vec4 v0x63496d0cf2c0_0;
    %pushi/vec4 16, 0, 32;
    %cmp/e;
    %flag_get/vec4 6;
    %and;
    %flag_set/vec4 8;
    %jmp/0xz  T_27.12, 8;
    %pushi/vec4 1, 0, 32;
    %store/vec4 v0x63496d0cf600_0, 0, 32;
T_27.12 ;
    %load/vec4 v0x63496d0cede0_0;
    %addi 1, 0, 32;
    %store/vec4 v0x63496d0cede0_0, 0, 32;
    %jmp T_27.10;
T_27.11 ;
    %load/vec4 v0x63496d0cf600_0;
    %cmpi/ne 0, 0, 32;
    %jmp/0xz  T_27.14, 4;
    %vpi_call/w 3 195 "$display", "OK SPI unidade: 0x%04h", 32'b00000000000000000000000100000101 {0 0 0};
    %jmp T_27.15;
T_27.14 ;
    %vpi_call/w 3 197 "$display", "FAIL SPI unidade: quadro 0x%04h nao encontrado", 32'b00000000000000000000000100000101 {0 0 0};
T_27.15 ;
    %pushi/vec4 20000, 0, 32;
T_27.16 %dup/vec4;
    %pushi/vec4 0, 0, 32;
    %cmp/s;
    %jmp/1xz T_27.17, 5;
    %jmp/1 T_27.17, 4;
    %pushi/vec4 1, 0, 32;
    %sub;
    %wait E_0x63496d00af30;
    %jmp T_27.16;
T_27.17 ;
    %pop/vec4 1;
    %load/vec4 v0x63496d0cf6e0_0;
    %cmpi/s 10, 0, 32;
    %flag_inv 5; GE is !LT
    %jmp/0xz  T_27.18, 5;
    %vpi_call/w 3 202 "$display", "OK display ativo (%0d quadros)", v0x63496d0cf6e0_0 {0 0 0};
    %jmp T_27.19;
T_27.18 ;
    %vpi_call/w 3 204 "$display", "FAIL display parado (%0d quadros)", v0x63496d0cf6e0_0 {0 0 0};
T_27.19 ;
    %pushi/vec4 80, 0, 8;
    %store/vec4 v0x63496d0ce160_0, 0, 8;
    %pushi/vec4 40, 0, 8;
    %store/vec4 v0x63496d0ce060_0, 0, 8;
    %pushi/vec4 60, 0, 8;
    %store/vec4 v0x63496d0ce240_0, 0, 8;
    %fork TD_road_shield_top_speed_tb.send_cfg, S_0x63496d0cded0;
    %join;
    %load/vec4 v0x63496d0c5390_0;
    %pushi/vec4 80, 0, 8;
    %cmp/e;
    %flag_get/vec4 6;
    %load/vec4 v0x63496d08f300_0;
    %pushi/vec4 40, 0, 8;
    %cmp/e;
    %flag_get/vec4 6;
    %and;
    %load/vec4 v0x63496d0c5890_0;
    %pushi/vec4 60, 0, 8;
    %cmp/e;
    %flag_get/vec4 6;
    %and;
    %flag_set/vec4 8;
    %jmp/0xz  T_27.20, 8;
    %vpi_call/w 3 211 "$display", "OK config SPI: livre=%0d att=%0d vel=%0d", v0x63496d0c5390_0, v0x63496d08f300_0, v0x63496d0c5890_0 {0 0 0};
    %jmp T_27.21;
T_27.20 ;
    %vpi_call/w 3 214 "$display", "FAIL config SPI: livre=%0d att=%0d vel=%0d", v0x63496d0c5390_0, v0x63496d08f300_0, v0x63496d0c5890_0 {0 0 0};
T_27.21 ;
    %fork TD_road_shield_top_speed_tb.read_speed, S_0x63496d0cd470;
    %join;
    %load/vec4 v0x63496d0cddf0_0;
    %store/vec4 v0x63496d0cf1e0_0, 0, 8;
    %load/vec4 v0x63496d0cf1e0_0;
    %cmpi/e 15, 0, 8;
    %jmp/0xz  T_27.22, 6;
    %vpi_call/w 3 220 "$display", "OK speed TX: vel=%0d", v0x63496d0cf1e0_0 {0 0 0};
    %jmp T_27.23;
T_27.22 ;
    %vpi_call/w 3 222 "$display", "FAIL speed TX: vel=%0d (esperado 15)", v0x63496d0cf1e0_0 {0 0 0};
T_27.23 ;
    %vpi_call/w 3 224 "$finish" {0 0 0};
    %end;
    .thread T_27;
# The file index is used to find the file name in the following table.
:file_names 10;
    "N/A";
    "<interactive>";
    "-";
    "/home/daniel/Desktop/projeto/tp4/verilog_tp4/tb/road_shield_top_speed_tb.v";
    "/home/daniel/Desktop/projeto/tp4/verilog_tp4/road_shield_top_speed.v";
    "/home/daniel/Desktop/projeto/tp4/verilog_tp4/config_rx.v";
    "/home/daniel/Desktop/projeto/tp4/verilog_tp4/config_tx.v";
    "/home/daniel/Desktop/projeto/tp4/verilog_tp4/number_control.v";
    "/home/daniel/Desktop/projeto/tp4/verilog_tp4/speed_control.v";
    "/home/daniel/Desktop/projeto/tp4/verilog_tp4/spi.v";
